Archive member included to satisfy reference by file (symbol)

C:/ST/STM32CubeIDE_1.16.0/STM32CubeIDE/plugins/com.st.stm32cube.ide.mcu.externaltools.gnu-tools-for-stm32.12.3.rel1.win32_1.0.200.202406191623/tools/bin/../lib/gcc/arm-none-eabi/12.3.1/../../../../arm-none-eabi/lib/thumb/v7e-m+fp/hard\libc_nano.a(libc_a-exit.o)
                              C:/ST/STM32CubeIDE_1.16.0/STM32CubeIDE/plugins/com.st.stm32cube.ide.mcu.externaltools.gnu-tools-for-stm32.12.3.rel1.win32_1.0.200.202406191623/tools/bin/../lib/gcc/arm-none-eabi/12.3.1/../../../../arm-none-eabi/lib/thumb/v7e-m+fp/hard/crt0.o (exit)
C:/ST/STM32CubeIDE_1.16.0/STM32CubeIDE/plugins/com.st.stm32cube.ide.mcu.externaltools.gnu-tools-for-stm32.12.3.rel1.win32_1.0.200.202406191623/tools/bin/../lib/gcc/arm-none-eabi/12.3.1/../../../../arm-none-eabi/lib/thumb/v7e-m+fp/hard\libc_nano.a(libc_a-findfp.o)
                              C:/ST/STM32CubeIDE_1.16.0/STM32CubeIDE/plugins/com.st.stm32cube.ide.mcu.externaltools.gnu-tools-for-stm32.12.3.rel1.win32_1.0.200.202406191623/tools/bin/../lib/gcc/arm-none-eabi/12.3.1/../../../../arm-none-eabi/lib/thumb/v7e-m+fp/hard\libc_nano.a(libc_a-exit.o) (__stdio_exit_handler)
C:/ST/STM32CubeIDE_1.16.0/STM32CubeIDE/plugins/com.st.stm32cube.ide.mcu.externaltools.gnu-tools-for-stm32.12.3.rel1.win32_1.0.200.202406191623/tools/bin/../lib/gcc/arm-none-eabi/12.3.1/../../../../arm-none-eabi/lib/thumb/v7e-m+fp/hard\libc_nano.a(libc_a-fwalk.o)
                              C:/ST/STM32CubeIDE_1.16.0/STM32CubeIDE/plugins/com.st.stm32cube.ide.mcu.externaltools.gnu-tools-for-stm32.12.3.rel1.win32_1.0.200.202406191623/tools/bin/../lib/gcc/arm-none-eabi/12.3.1/../../../../arm-none-eabi/lib/thumb/v7e-m+fp/hard\libc_nano.a(libc_a-findfp.o) (_fwalk_sglue)
C:/ST/STM32CubeIDE_1.16.0/STM32CubeIDE/plugins/com.st.stm32cube.ide.mcu.externaltools.gnu-tools-for-stm32.12.3.rel1.win32_1.0.200.202406191623/tools/bin/../lib/gcc/arm-none-eabi/12.3.1/../../../../arm-none-eabi/lib/thumb/v7e-m+fp/hard\libc_nano.a(libc_a-stdio.o)
                              C:/ST/STM32CubeIDE_1.16.0/STM32CubeIDE/plugins/com.st.stm32cube.ide.mcu.externaltools.gnu-tools-for-stm32.12.3.rel1.win32_1.0.200.202406191623/tools/bin/../lib/gcc/arm-none-eabi/12.3.1/../../../../arm-none-eabi/lib/thumb/v7e-m+fp/hard\libc_nano.a(libc_a-findfp.o) (__sread)
C:/ST/STM32CubeIDE_1.16.0/STM32CubeIDE/plugins/com.st.stm32cube.ide.mcu.externaltools.gnu-tools-for-stm32.12.3.rel1.win32_1.0.200.202406191623/tools/bin/../lib/gcc/arm-none-eabi/12.3.1/../../../../arm-none-eabi/lib/thumb/v7e-m+fp/hard\libc_nano.a(libc_a-memset.o)
                              C:/ST/STM32CubeIDE_1.16.0/STM32CubeIDE/plugins/com.st.stm32cube.ide.mcu.externaltools.gnu-tools-for-stm32.12.3.rel1.win32_1.0.200.202406191623/tools/bin/../lib/gcc/arm-none-eabi/12.3.1/../../../../arm-none-eabi/lib/thumb/v7e-m+fp/hard/crt0.o (memset)
C:/ST/STM32CubeIDE_1.16.0/STM32CubeIDE/plugins/com.st.stm32cube.ide.mcu.externaltools.gnu-tools-for-stm32.12.3.rel1.win32_1.0.200.202406191623/tools/bin/../lib/gcc/arm-none-eabi/12.3.1/../../../../arm-none-eabi/lib/thumb/v7e-m+fp/hard\libc_nano.a(libc_a-closer.o)
                              C:/ST/STM32CubeIDE_1.16.0/STM32CubeIDE/plugins/com.st.stm32cube.ide.mcu.externaltools.gnu-tools-for-stm32.12.3.rel1.win32_1.0.200.202406191623/tools/bin/../lib/gcc/arm-none-eabi/12.3.1/../../../../arm-none-eabi/lib/thumb/v7e-m+fp/hard\libc_nano.a(libc_a-stdio.o) (_close_r)
C:/ST/STM32CubeIDE_1.16.0/STM32CubeIDE/plugins/com.st.stm32cube.ide.mcu.externaltools.gnu-tools-for-stm32.12.3.rel1.win32_1.0.200.202406191623/tools/bin/../lib/gcc/arm-none-eabi/12.3.1/../../../../arm-none-eabi/lib/thumb/v7e-m+fp/hard\libc_nano.a(libc_a-reent.o)
                              C:/ST/STM32CubeIDE_1.16.0/STM32CubeIDE/plugins/com.st.stm32cube.ide.mcu.externaltools.gnu-tools-for-stm32.12.3.rel1.win32_1.0.200.202406191623/tools/bin/../lib/gcc/arm-none-eabi/12.3.1/../../../../arm-none-eabi/lib/thumb/v7e-m+fp/hard\libc_nano.a(libc_a-closer.o) (errno)
C:/ST/STM32CubeIDE_1.16.0/STM32CubeIDE/plugins/com.st.stm32cube.ide.mcu.externaltools.gnu-tools-for-stm32.12.3.rel1.win32_1.0.200.202406191623/tools/bin/../lib/gcc/arm-none-eabi/12.3.1/../../../../arm-none-eabi/lib/thumb/v7e-m+fp/hard\libc_nano.a(libc_a-impure.o)
                              C:/ST/STM32CubeIDE_1.16.0/STM32CubeIDE/plugins/com.st.stm32cube.ide.mcu.externaltools.gnu-tools-for-stm32.12.3.rel1.win32_1.0.200.202406191623/tools/bin/../lib/gcc/arm-none-eabi/12.3.1/../../../../arm-none-eabi/lib/thumb/v7e-m+fp/hard\libc_nano.a(libc_a-reent.o) (_impure_ptr)
C:/ST/STM32CubeIDE_1.16.0/STM32CubeIDE/plugins/com.st.stm32cube.ide.mcu.externaltools.gnu-tools-for-stm32.12.3.rel1.win32_1.0.200.202406191623/tools/bin/../lib/gcc/arm-none-eabi/12.3.1/../../../../arm-none-eabi/lib/thumb/v7e-m+fp/hard\libc_nano.a(libc_a-lseekr.o)
[...]
Memory Configuration

Name             Origin             Length             Attributes
CCMRAM           0x10000000         0x00002000         xrw
RAM              0x20000000         0x0000a000         xrw
FLASH            0x08000000         0x00040000         xr
*default*        0x00000000         0xffffffff

Linker script and memory map

LOAD C:/ST/STM32CubeIDE_1.16.0/STM32CubeIDE/plugins/com.st.stm32cube.ide.mcu.externaltools.gnu-tools-for-stm32.12.3.rel1.win32_1.0.200.202406191623/tools/bin/../lib/gcc/arm-none-eabi/12.3.1/thumb/v7e-m+fp/hard/crti.o
LOAD C:/ST/STM32CubeIDE_1.16.0/STM32CubeIDE/plugins/com.st.stm32cube.ide.mcu.externaltools.gnu-tools-for-stm32.12.3.rel1.win32_1.0.200.202406191623/tools/bin/../lib/gcc/arm-none-eabi/12.3.1/thumb/v7e-m+fp/hard/crtbegin.o
LOAD C:/ST/STM32CubeIDE_1.16.0/STM32CubeIDE/plugins/com.st.stm32cube.ide.mcu.externaltools.gnu-tools-for-stm32.12.3.rel1.win32_1.0.200.202406191623/tools/bin/../lib/gcc/arm-none-eabi/12.3.1/../../../../arm-none-eabi/lib/thumb/v7e-m+fp/hard/crt0.o
LOAD ./Core/Src/adc.o
LOAD ./Core/Src/can.o
LOAD ./Core/Src/dma.o
LOAD ./Core/Src/gpio.o
LOAD ./Core/Src/i2c.o
LOAD ./Core/Src/main.o
LOAD ./Core/Src/stm32f3xx_hal_msp.o
LOAD ./Core/Src/stm32f3xx_it.o
LOAD ./Core/Src/syscalls.o
LOAD ./Core/Src/sysmem.o
LOAD ./Core/Src/system_stm32f3xx.o
LOAD ./Core/Src/tim.o
LOAD ./Core/Startup/startup_stm32f303vctx.o
LOAD ./Drivers/STM32F3xx_HAL_Driver/Src/stm32f3xx_hal.o
LOAD ./Drivers/STM32F3xx_HAL_Driver/Src/stm32f3xx_hal_adc.o
LOAD ./Drivers/STM32F3xx_HAL_Driver/Src/stm32f3xx_hal_adc_ex.o
LOAD ./Drivers/STM32F3xx_HAL_Driver/Src/stm32f3xx_hal_can.o
LOAD ./Drivers/STM32F3xx_HAL_Driver/Src/stm32f3xx_hal_cortex.o
LOAD ./Drivers/STM32F3xx_HAL_Driver/Src/stm32f3xx_hal_dma.o
LOAD ./Drivers/STM32F3xx_HAL_Driver/Src/stm32f3xx_hal_exti.o
LOAD ./Drivers/STM32F3xx_HAL_Driver/Src/stm32f3xx_hal_flash.o
LOAD ./Drivers/STM32F3xx_HAL_Driver/Src/stm32f3xx_hal_flash_ex.o
LOAD ./Drivers/STM32F3xx_HAL_Driver/Src/stm32f3xx_hal_gpio.o
LOAD ./Drivers/STM32F3xx_HAL_Driver/Src/stm32f3xx_hal_i2c.o
LOAD ./Drivers/STM32F3xx_HAL_Driver/Src/stm32f3xx_hal_i2c_ex.o
LOAD ./Drivers/STM32F3xx_HAL_Driver/Src/stm32f3xx_hal_pwr.o
LOAD ./Drivers/STM32F3xx_HAL_Driver/Src/stm32f3xx_hal_pwr_ex.o
LOAD ./Drivers/STM32F3xx_HAL_Driver/Src/stm32f3xx_hal_rcc.o
LOAD ./Drivers/STM32F3xx_HAL_Driver/Src/stm32f3xx_hal_rcc_ex.o
LOAD ./Drivers/STM32F3xx_HAL_Driver/Src/stm32f3xx_hal_tim.o
LOAD ./Drivers/STM32F3xx_HAL_Driver/Src/stm32f3xx_hal_tim_ex.o
LOAD ./Tupã®/Contador.o
LOAD ./Tupã®/cant.o
LOAD ./Tupã®/terms.o
START GROUP
LOAD C:/ST/STM32CubeIDE_1.16.0/STM32CubeIDE/plugins/com.st.stm32cube.ide.mcu.externaltools.gnu-tools-for-stm32.12.3.rel1.win32_1.0.200.202406191623/tools/bin/../lib/gcc/arm-none-eabi/12.3.1/../../../../arm-none-eabi/lib/thumb/v7e-m+fp/hard\libc_nano.a
LOAD C:/ST/STM32CubeIDE_1.16.0/STM32CubeIDE/plugins/com.st.stm32cube.ide.mcu.externaltools.gnu-tools-for-stm32.12.3.rel1.win32_1.0.200.202406191623/tools/bin/../lib/gcc/arm-none-eabi/12.3.1/../../../../arm-none-eabi/lib/thumb/v7e-m+fp/hard\libm.a
END GROUP
START GROUP
LOAD C:/ST/STM32CubeIDE_1.16.0/STM32CubeIDE/plugins/com.st.stm32cube.ide.mcu.externaltools.gnu-tools-for-stm32.12.3.rel1.win32_1.0.200.202406191623/tools/bin/../lib/gcc/arm-none-eabi/12.3.1/thumb/v7e-m+fp/hard\libgcc.a
LOAD C:/ST/STM32CubeIDE_1.16.0/STM32CubeIDE/plugins/com.st.stm32cube.ide.mcu.externaltools.gnu-tools-for-stm32.12.3.rel1.win32_1.0.200.202406191623/tools/bin/../lib/gcc/arm-none-eabi/12.3.1/../../../../arm-none-eabi/lib/thumb/v7e-m+fp/hard\libc_nano.a
END GROUP
START GROUP
LOAD C:/ST/STM32CubeIDE_1.16.0/STM32CubeIDE/plugins/com.st.stm32cube.ide.mcu.externaltools.gnu-tools-for-stm32.12.3.rel1.win32_1.0.200.202406191623/tools/bin/../lib/gcc/arm-none-eabi/12.3.1/thumb/v7e-m+fp/hard\libgcc.a
LOAD C:/ST/STM32CubeIDE_1.16.0/STM32CubeIDE/plugins/com.st.stm32cube.ide.mcu.externaltools.gnu-tools-for-stm32.12.3.rel1.win32_1.0.200.202406191623/tools/bin/../lib/gcc/arm-none-eabi/12.3.1/../../../../arm-none-eabi/lib/thumb/v7e-m+fp/hard\libc_nano.a
LOAD C:/ST/STM32CubeIDE_1.16.0/STM32CubeIDE/plugins/com.st.stm32cube.ide.mcu.externaltools.gnu-tools-for-stm32.12.3.rel1.win32_1.0.200.202406191623/tools/bin/../lib/gcc/arm-none-eabi/12.3.1/../../../../arm-none-eabi/lib/thumb/v7e-m+fp/hard\libnosys.a
END GROUP
START GROUP
LOAD C:/ST/STM32CubeIDE_1.16.0/STM32CubeIDE/plugins/com.st.stm32cube.ide.mcu.externaltools.gnu-tools-for-stm32.12.3.rel1.win32_1.0.200.202406191623/tools/bin/../lib/gcc/arm-none-eabi/12.3.1/thumb/v7e-m+fp/hard\libgcc.a
LOAD C:/ST/STM32CubeIDE_1.16.0/STM32CubeIDE/plugins/com.st.stm32cube.ide.mcu.externaltools.gnu-tools-for-stm32.12.3.rel1.win32_1.0.200.202406191623/tools/bin/../lib/gcc/arm-none-eabi/12.3.1/../../../../arm-none-eabi/lib/thumb/v7e-m+fp/hard\libc_nano.a
LOAD C:/ST/STM32CubeIDE_1.16.0/STM32CubeIDE/plugins/com.st.stm32cube.ide.mcu.externaltools.gnu-tools-for-stm32.12.3.rel1.win32_1.0.200.202406191623/tools/bin/../lib/gcc/arm-none-eabi/12.3.1/../../../../arm-none-eabi/lib/thumb/v7e-m+fp/hard\libnosys.a
END GROUP
LOAD C:/ST/STM32CubeIDE_1.16.0/STM32CubeIDE/plugins/com.st.stm32cube.ide.mcu.externaltools.gnu-tools-for-stm32.12.3.rel1.win32_1.0.200.202406191623/tools/bin/../lib/gcc/arm-none-eabi/12.3.1/thumb/v7e-m+fp/hard/crtend.o
LOAD C:/ST/STM32CubeIDE_1.16.0/STM32CubeIDE/plugins/com.st.stm32cube.ide.mcu.externaltools.gnu-tools-for-stm32.12.3.rel1.win32_1.0.200.202406191623/tools/bin/../lib/gcc/arm-none-eabi/12.3.1/thumb/v7e-m+fp/hard/crtn.o
                0x2000a000                        _estack = (ORIGIN (RAM) + LENGTH (RAM))
                0x00000200                        _Min_Heap_Size = 0x200
                0x00000400                        _Min_Stack_Size = 0x400

.isr_vector     0x08000000      0x188
                0x08000000                        . = ALIGN (0x4)
 *(.isr_vector)
 .isr_vector    0x08000000      0x188 ./Core/Startup/startup_stm32f303vctx.o
                0x08000000                g_pfnVectors
                0x08000188                        . = ALIGN (0x4)

.text           0x08000188     0x63f8
                0x08000188                        . = ALIGN (0x4)
 *(.text)
 .text          0x08000188       0x40 C:/ST/STM32CubeIDE_1.16.0/STM32CubeIDE/plugins/com.st.stm32cube.ide.mcu.externaltools.gnu-tools-for-stm32.12.3.rel1.win32_1.0.200.202406191623/tools/bin/../lib/gcc/arm-none-eabi/12.3.1/thumb/v7e-m+fp/hard/crtbegin.o
 .text          0x080001c8      0x378 C:/ST/STM32CubeIDE_1.16.0/STM32CubeIDE/plugins/com.st.stm32cube.ide.mcu.externaltools.gnu-tools-for-stm32.12.3.rel1.win32_1.0.200.202406191623/tools/bin/../lib/gcc/arm-none-eabi/12.3.1/thumb/v7e-m+fp/hard\libgcc.a(_arm_addsubdf3.o)
                0x080001c8                __aeabi_drsub
                0x080001d0                __aeabi_dsub
                0x080001d0                __subdf3
                0x080001d4                __aeabi_dadd
                0x080001d4                __adddf3
                0x0800044c                __floatunsidf
                0x0800044c                __aeabi_ui2d
                0x0800046c                __floatsidf
                0x0800046c                __aeabi_i2d
                0x08000490                __aeabi_f2d
                0x08000490                __extendsfdf2
                0x080004d4                __floatundidf
                0x080004d4                __aeabi_ul2d
                0x080004e4                __floatdidf
                0x080004e4                __aeabi_l2d
 .text          0x08000540      0x424 C:/ST/STM32CubeIDE_1.16.0/STM32CubeIDE/plugins/com.st.stm32cube.ide.mcu.externaltools.gnu-tools-for-stm32.12.3.rel1.win32_1.0.200.202406191623/tools/bin/../lib/gcc/arm-none-eabi/12.3.1/thumb/v7e-m+fp/hard\libgcc.a(_arm_muldivdf3.o)
                0x08000540                __aeabi_dmul
                0x08000540                __muldf3
                0x08000794                __divdf3
                0x08000794                __aeabi_ddiv
 .text          0x08000964       0x40 C:/ST/STM32CubeIDE_1.16.0/STM32CubeIDE/plugins/com.st.stm32cube.ide.mcu.externaltools.gnu-tools-for-stm32.12.3.rel1.win32_1.0.200.202406191623/tools/bin/../lib/gcc/arm-none-eabi/12.3.1/thumb/v7e-m+fp/hard\libgcc.a(_arm_fixunsdfsi.o)
                0x08000964                __aeabi_d2uiz
                0x08000964                __fixunsdfsi
 *(.text*)
 .text.MX_ADC2_Init
                0x080009a4       0xf4 ./Core/Src/adc.o
                0x080009a4                MX_ADC2_Init
 .text.HAL_ADC_MspInit
                0x08000a98       0xd4 ./Core/Src/adc.o
                0x08000a98                HAL_ADC_MspInit
 .text.MX_CAN_Init
                0x08000b6c       0x6c ./Core/Src/can.o
                0x08000b6c                MX_CAN_Init
 .text.HAL_CAN_MspInit
                0x08000bd8       0xa8 ./Core/Src/can.o
                0x08000bd8                HAL_CAN_MspInit
 .text.MX_DMA_Init
                0x08000c80       0x3c ./Core/Src/dma.o
                0x08000c80                MX_DMA_Init
 .text.MX_GPIO_Init
                0x08000cbc       0xcc ./Core/Src/gpio.o
                0x08000cbc                MX_GPIO_Init
 .text.MX_I2C2_Init
                0x08000d88       0x80 ./Core/Src/i2c.o
                0x08000d88                MX_I2C2_Init
 .text.HAL_I2C_MspInit
                0x08000e08       0x88 ./Core/Src/i2c.o
                0x08000e08                HAL_I2C_MspInit
 .text.HAL_TIM_PeriodElapsedCallback
                0x08000e90       0x58 ./Core/Src/main.o
                0x08000e90                HAL_TIM_PeriodElapsedCallback
 .text.main     0x08000ee8       0xa0 ./Core/Src/main.o
                0x08000ee8                main
 .text.SystemClock_Config
                0x08000f88       0xc4 ./Core/Src/main.o
                0x08000f88                SystemClock_Config
 .text.Error_Handler
                0x0800104c        0xc ./Core/Src/main.o
                0x0800104c                Error_Handler
 .text.HAL_MspInit
                0x08001058       0x48 ./Core/Src/stm32f3xx_hal_msp.o
                0x08001058                HAL_MspInit
 .text.NMI_Handler
                0x080010a0        0x8 ./Core/Src/stm32f3xx_it.o
                0x080010a0                NMI_Handler
 .text.HardFault_Handler
                0x080010a8        0x8 ./Core/Src/stm32f3xx_it.o
                0x080010a8                HardFault_Handler
 .text.MemManage_Handler
                0x080010b0        0x8 ./Core/Src/stm32f3xx_it.o
                0x080010b0                MemManage_Handler
 .text.BusFault_Handler
                0x080010b8        0x8 ./Core/Src/stm32f3xx_it.o
                0x080010b8                BusFault_Handler
 .text.UsageFault_Handler
                0x080010c0        0x8 ./Core/Src/stm32f3xx_it.o
                0x080010c0                UsageFault_Handler
 .text.SVC_Handler
                0x080010c8        0xe ./Core/Src/stm32f3xx_it.o
                0x080010c8                SVC_Handler
 .text.DebugMon_Handler
                0x080010d6        0xe ./Core/Src/stm32f3xx_it.o
                0x080010d6                DebugMon_Handler
 .text.PendSV_Handler
                0x080010e4        0xe ./Core/Src/stm32f3xx_it.o
                0x080010e4                PendSV_Handler
 .text.SysTick_Handler
                0x080010f2        0xc ./Core/Src/stm32f3xx_it.o
                0x080010f2                SysTick_Handler
 *fill*         0x080010fe        0x2 
 .text.USB_LP_CAN_RX0_IRQHandler
                0x08001100       0x14 ./Core/Src/stm32f3xx_it.o
                0x08001100                USB_LP_CAN_RX0_IRQHandler
 .text.CAN_RX1_IRQHandler
                0x08001114       0x14 ./Core/Src/stm32f3xx_it.o
                0x08001114                CAN_RX1_IRQHandler
 .text.TIM1_CC_IRQHandler
                0x08001128       0x14 ./Core/Src/stm32f3xx_it.o
                0x08001128                TIM1_CC_IRQHandler
 .text.TIM2_IRQHandler
                0x0800113c       0x14 ./Core/Src/stm32f3xx_it.o
                0x0800113c                TIM2_IRQHandler
 .text.TIM3_IRQHandler
                0x08001150       0x14 ./Core/Src/stm32f3xx_it.o
                0x08001150                TIM3_IRQHandler
 .text.TIM4_IRQHandler
                0x08001164       0x14 ./Core/Src/stm32f3xx_it.o
                0x08001164                TIM4_IRQHandler
 .text.DMA2_Channel1_IRQHandler
                0x08001178       0x14 ./Core/Src/stm32f3xx_it.o
                0x08001178                DMA2_Channel1_IRQHandler
 .text.SystemInit
                0x0800118c       0x24 ./Core/Src/system_stm32f3xx.o
                0x0800118c                SystemInit
 .text.MX_TIM1_Init
                0x080011b0       0xcc ./Core/Src/tim.o
                0x080011b0                MX_TIM1_Init
 .text.MX_TIM2_Init
                0x0800127c       0x9c ./Core/Src/tim.o
                0x0800127c                MX_TIM2_Init
 .text.MX_TIM3_Init
                0x08001318       0xa0 ./Core/Src/tim.o
                0x08001318                MX_TIM3_Init
 .text.MX_TIM4_Init
                0x080013b8       0xa0 ./Core/Src/tim.o
                0x080013b8                MX_TIM4_Init
 .text.HAL_TIM_IC_MspInit
                0x08001458       0x98 ./Core/Src/tim.o
                0x08001458                HAL_TIM_IC_MspInit
 .text.HAL_TIM_Base_MspInit
                0x080014f0       0xb8 ./Core/Src/tim.o
                0x080014f0                HAL_TIM_Base_MspInit
 .text.Reset_Handler
                0x080015a8       0x50 ./Core/Startup/startup_stm32f303vctx.o
                0x080015a8                Reset_Handler
 .text.Default_Handler
                0x080015f8        0x2 ./Core/Startup/startup_stm32f303vctx.o
                0x080015f8                RTC_Alarm_IRQHandler
                0x080015f8                TIM8_TRG_COM_IRQHandler
                0x080015f8                TIM8_CC_IRQHandler
                0x080015f8                USB_HP_IRQHandler
                0x080015f8                PVD_IRQHandler
                0x080015f8                TAMP_STAMP_IRQHandler
                0x080015f8                EXTI3_IRQHandler
                0x080015f8                USB_HP_CAN_TX_IRQHandler
                0x080015f8                EXTI0_IRQHandler
                0x080015f8                I2C2_EV_IRQHandler
                0x080015f8                FPU_IRQHandler
                0x080015f8                TIM1_UP_TIM16_IRQHandler
                0x080015f8                ADC1_2_IRQHandler
                0x080015f8                SPI1_IRQHandler
                0x080015f8                CAN_SCE_IRQHandler
                0x080015f8                TIM6_DAC_IRQHandler
                0x080015f8                TIM8_UP_IRQHandler
                0x080015f8                DMA2_Channel2_IRQHandler
                0x080015f8                DMA1_Channel4_IRQHandler
                0x080015f8                USART3_IRQHandler
                0x080015f8                DMA1_Channel7_IRQHandler
                0x080015f8                UART5_IRQHandler
                0x080015f8                ADC3_IRQHandler
                0x080015f8                I2C1_EV_IRQHandler
                0x080015f8                DMA1_Channel6_IRQHandler
                0x080015f8                UART4_IRQHandler
                0x080015f8                DMA2_Channel4_IRQHandler
                0x080015f8                RCC_IRQHandler
                0x080015f8                DMA1_Channel1_IRQHandler
                0x080015f8                Default_Handler
                0x080015f8                USBWakeUp_RMP_IRQHandler
                0x080015f8                EXTI15_10_IRQHandler
                0x080015f8                TIM7_IRQHandler
                0x080015f8                EXTI9_5_IRQHandler
                0x080015f8                RTC_WKUP_IRQHandler
                0x080015f8                SPI2_IRQHandler
                0x080015f8                DMA2_Channel5_IRQHandler
                0x080015f8                DMA1_Channel5_IRQHandler
                0x080015f8                USB_LP_IRQHandler
                0x080015f8                EXTI4_IRQHandler
                0x080015f8                TIM1_TRG_COM_TIM17_IRQHandler
                0x080015f8                DMA1_Channel3_IRQHandler
                0x080015f8                ADC4_IRQHandler
                0x080015f8                WWDG_IRQHandler
                0x080015f8                COMP7_IRQHandler
                0x080015f8                COMP1_2_3_IRQHandler
                0x080015f8                EXTI1_IRQHandler
                0x080015f8                USART2_IRQHandler
                0x080015f8                COMP4_5_6_IRQHandler
                0x080015f8                I2C2_ER_IRQHandler
                0x080015f8                DMA1_Channel2_IRQHandler
                0x080015f8                TIM8_BRK_IRQHandler
                0x080015f8                FLASH_IRQHandler
                0x080015f8                USART1_IRQHandler
                0x080015f8                SPI3_IRQHandler
                0x080015f8                I2C1_ER_IRQHandler
                0x080015f8                USBWakeUp_IRQHandler
                0x080015f8                DMA2_Channel3_IRQHandler
                0x080015f8                EXTI2_TSC_IRQHandler
                0x080015f8                TIM1_BRK_TIM15_IRQHandler
 *fill*         0x080015fa        0x2 
 .text.HAL_Init
                0x080015fc       0x2c ./Drivers/STM32F3xx_HAL_Driver/Src/stm32f3xx_hal.o
                0x080015fc                HAL_Init
 .text.HAL_InitTick
                0x08001628       0x60 ./Drivers/STM32F3xx_HAL_Driver/Src/stm32f3xx_hal.o
                0x08001628                HAL_InitTick
 .text.HAL_IncTick
                0x08001688       0x28 ./Drivers/STM32F3xx_HAL_Driver/Src/stm32f3xx_hal.o
                0x08001688                HAL_IncTick
 .text.HAL_GetTick
                0x080016b0       0x18 ./Drivers/STM32F3xx_HAL_Driver/Src/stm32f3xx_hal.o
                0x080016b0                HAL_GetTick
 .text.HAL_ADC_ConvCpltCallback
                0x080016c8       0x14 ./Drivers/STM32F3xx_HAL_Driver/Src/stm32f3xx_hal_adc.o
                0x080016c8                HAL_ADC_ConvCpltCallback
 .text.HAL_ADC_ConvHalfCpltCallback
                0x080016dc       0x14 ./Drivers/STM32F3xx_HAL_Driver/Src/stm32f3xx_hal_adc.o
                0x080016dc                HAL_ADC_ConvHalfCpltCallback
 .text.HAL_ADC_ErrorCallback
                0x080016f0       0x14 ./Drivers/STM32F3xx_HAL_Driver/Src/stm32f3xx_hal_adc.o
                0x080016f0                HAL_ADC_ErrorCallback
 .text.HAL_ADC_Init
                0x08001704      0x3c0 ./Drivers/STM32F3xx_HAL_Driver/Src/stm32f3xx_hal_adc_ex.o
                0x08001704                HAL_ADC_Init
 .text.HAL_ADC_Start_DMA
                0x08001ac4      0x238 ./Drivers/STM32F3xx_HAL_Driver/Src/stm32f3xx_hal_adc_ex.o
                0x08001ac4                HAL_ADC_Start_DMA
 .text.HAL_ADC_ConfigChannel
                0x08001cfc      0x5d4 ./Drivers/STM32F3xx_HAL_Driver/Src/stm32f3xx_hal_adc_ex.o
                0x08001cfc                HAL_ADC_ConfigChannel
 .text.ADC_DMAConvCplt
                0x080022d0       0x7a ./Drivers/STM32F3xx_HAL_Driver/Src/stm32f3xx_hal_adc_ex.o
 .text.ADC_DMAHalfConvCplt
                0x0800234a       0x1c ./Drivers/STM32F3xx_HAL_Driver/Src/stm32f3xx_hal_adc_ex.o
 .text.ADC_DMAError
                0x08002366       0x34 ./Drivers/STM32F3xx_HAL_Driver/Src/stm32f3xx_hal_adc_ex.o
 *fill*         0x0800239a        0x2 
 .text.ADC_Enable
                0x0800239c       0xc8 ./Drivers/STM32F3xx_HAL_Driver/Src/stm32f3xx_hal_adc_ex.o
 .text.ADC_Disable
                0x08002464       0xcc ./Drivers/STM32F3xx_HAL_Driver/Src/stm32f3xx_hal_adc_ex.o
 .text.HAL_CAN_Init
                0x08002530      0x1f6 ./Drivers/STM32F3xx_HAL_Driver/Src/stm32f3xx_hal_can.o
                0x08002530                HAL_CAN_Init
 .text.HAL_CAN_Start
                0x08002726       0x88 ./Drivers/STM32F3xx_HAL_Driver/Src/stm32f3xx_hal_can.o
                0x08002726                HAL_CAN_Start
 .text.HAL_CAN_AddTxMessage
                0x080027ae      0x1a0 ./Drivers/STM32F3xx_HAL_Driver/Src/stm32f3xx_hal_can.o
                0x080027ae                HAL_CAN_AddTxMessage
 .text.HAL_CAN_IRQHandler
                0x0800294e      0x36e ./Drivers/STM32F3xx_HAL_Driver/Src/stm32f3xx_hal_can.o
                0x0800294e                HAL_CAN_IRQHandler
 .text.HAL_CAN_TxMailbox0CompleteCallback
                0x08002cbc       0x14 ./Drivers/STM32F3xx_HAL_Driver/Src/stm32f3xx_hal_can.o
                0x08002cbc                HAL_CAN_TxMailbox0CompleteCallback
 .text.HAL_CAN_TxMailbox1CompleteCallback
                0x08002cd0       0x14 ./Drivers/STM32F3xx_HAL_Driver/Src/stm32f3xx_hal_can.o
                0x08002cd0                HAL_CAN_TxMailbox1CompleteCallback
 .text.HAL_CAN_TxMailbox2CompleteCallback
                0x08002ce4       0x14 ./Drivers/STM32F3xx_HAL_Driver/Src/stm32f3xx_hal_can.o
                0x08002ce4                HAL_CAN_TxMailbox2CompleteCallback
 .text.HAL_CAN_TxMailbox0AbortCallback
                0x08002cf8       0x14 ./Drivers/STM32F3xx_HAL_Driver/Src/stm32f3xx_hal_can.o
                0x08002cf8                HAL_CAN_TxMailbox0AbortCallback
 .text.HAL_CAN_TxMailbox1AbortCallback
                0x08002d0c       0x14 ./Drivers/STM32F3xx_HAL_Driver/Src/stm32f3xx_hal_can.o
                0x08002d0c                HAL_CAN_TxMailbox1AbortCallback
 .text.HAL_CAN_TxMailbox2AbortCallback
                0x08002d20       0x14 ./Drivers/STM32F3xx_HAL_Driver/Src/stm32f3xx_hal_can.o
                0x08002d20                HAL_CAN_TxMailbox2AbortCallback
 .text.HAL_CAN_RxFifo0MsgPendingCallback
                0x08002d34       0x14 ./Drivers/STM32F3xx_HAL_Driver/Src/stm32f3xx_hal_can.o
                0x08002d34                HAL_CAN_RxFifo0MsgPendingCallback
 .text.HAL_CAN_RxFifo0FullCallback
                0x08002d48       0x14 ./Drivers/STM32F3xx_HAL_Driver/Src/stm32f3xx_hal_can.o
                0x08002d48                HAL_CAN_RxFifo0FullCallback
 .text.HAL_CAN_RxFifo1MsgPendingCallback
                0x08002d5c       0x14 ./Drivers/STM32F3xx_HAL_Driver/Src/stm32f3xx_hal_can.o
                0x08002d5c                HAL_CAN_RxFifo1MsgPendingCallback
 .text.HAL_CAN_RxFifo1FullCallback
                0x08002d70       0x14 ./Drivers/STM32F3xx_HAL_Driver/Src/stm32f3xx_hal_can.o
                0x08002d70                HAL_CAN_RxFifo1FullCallback
 .text.HAL_CAN_SleepCallback
                0x08002d84       0x14 ./Drivers/STM32F3xx_HAL_Driver/Src/stm32f3xx_hal_can.o
                0x08002d84                HAL_CAN_SleepCallback
 .text.HAL_CAN_WakeUpFromRxMsgCallback
                0x08002d98       0x14 ./Drivers/STM32F3xx_HAL_Driver/Src/stm32f3xx_hal_can.o
                0x08002d98                HAL_CAN_WakeUpFromRxMsgCallback
 .text.HAL_CAN_ErrorCallback
                0x08002dac       0x14 ./Drivers/STM32F3xx_HAL_Driver/Src/stm32f3xx_hal_can.o
                0x08002dac                HAL_CAN_ErrorCallback
 .text.__NVIC_SetPriorityGrouping
                0x08002dc0       0x48 ./Drivers/STM32F3xx_HAL_Driver/Src/stm32f3xx_hal_cortex.o
 .text.__NVIC_GetPriorityGrouping
                0x08002e08       0x1c ./Drivers/STM32F3xx_HAL_Driver/Src/stm32f3xx_hal_cortex.o
 .text.__NVIC_EnableIRQ
                0x08002e24       0x3c ./Drivers/STM32F3xx_HAL_Driver/Src/stm32f3xx_hal_cortex.o
 .text.__NVIC_SetPriority
                0x08002e60       0x54 ./Drivers/STM32F3xx_HAL_Driver/Src/stm32f3xx_hal_cortex.o
 .text.NVIC_EncodePriority
                0x08002eb4       0x66 ./Drivers/STM32F3xx_HAL_Driver/Src/stm32f3xx_hal_cortex.o
 *fill*         0x08002f1a        0x2 
 .text.SysTick_Config
                0x08002f1c       0x44 ./Drivers/STM32F3xx_HAL_Driver/Src/stm32f3xx_hal_cortex.o
 .text.HAL_NVIC_SetPriorityGrouping
                0x08002f60       0x16 ./Drivers/STM32F3xx_HAL_Driver/Src/stm32f3xx_hal_cortex.o
                0x08002f60                HAL_NVIC_SetPriorityGrouping
 .text.HAL_NVIC_SetPriority
                0x08002f76       0x38 ./Drivers/STM32F3xx_HAL_Driver/Src/stm32f3xx_hal_cortex.o
                0x08002f76                HAL_NVIC_SetPriority
 .text.HAL_NVIC_EnableIRQ
                0x08002fae       0x1c ./Drivers/STM32F3xx_HAL_Driver/Src/stm32f3xx_hal_cortex.o
                0x08002fae                HAL_NVIC_EnableIRQ
 .text.HAL_SYSTICK_Config
                0x08002fca       0x18 ./Drivers/STM32F3xx_HAL_Driver/Src/stm32f3xx_hal_cortex.o
                0x08002fca                HAL_SYSTICK_Config
 .text.HAL_DMA_Init
                0x08002fe2       0x8e ./Drivers/STM32F3xx_HAL_Driver/Src/stm32f3xx_hal_dma.o
                0x08002fe2                HAL_DMA_Init
 .text.HAL_DMA_Start_IT
                0x08003070       0xbe ./Drivers/STM32F3xx_HAL_Driver/Src/stm32f3xx_hal_dma.o
                0x08003070                HAL_DMA_Start_IT
 .text.HAL_DMA_IRQHandler
                0x0800312e      0x146 ./Drivers/STM32F3xx_HAL_Driver/Src/stm32f3xx_hal_dma.o
                0x0800312e                HAL_DMA_IRQHandler
 .text.DMA_SetConfig
                0x08003274       0x5c ./Drivers/STM32F3xx_HAL_Driver/Src/stm32f3xx_hal_dma.o
 .text.DMA_CalcBaseAndBitshift
                0x080032d0       0x78 ./Drivers/STM32F3xx_HAL_Driver/Src/stm32f3xx_hal_dma.o
 .text.HAL_GPIO_Init
                0x08003348      0x2f4 ./Drivers/STM32F3xx_HAL_Driver/Src/stm32f3xx_hal_gpio.o
                0x08003348                HAL_GPIO_Init
 .text.HAL_GPIO_ReadPin
                0x0800363c       0x30 ./Drivers/STM32F3xx_HAL_Driver/Src/stm32f3xx_hal_gpio.o
                0x0800363c                HAL_GPIO_ReadPin
 .text.HAL_GPIO_WritePin
                0x0800366c       0x30 ./Drivers/STM32F3xx_HAL_Driver/Src/stm32f3xx_hal_gpio.o
                0x0800366c                HAL_GPIO_WritePin
 .text.HAL_GPIO_TogglePin
                0x0800369c       0x34 ./Drivers/STM32F3xx_HAL_Driver/Src/stm32f3xx_hal_gpio.o
                0x0800369c                HAL_GPIO_TogglePin
 .text.HAL_I2C_Init
                0x080036d0      0x136 ./Drivers/STM32F3xx_HAL_Driver/Src/stm32f3xx_hal_i2c.o
                0x080036d0                HAL_I2C_Init
 .text.HAL_I2CEx_ConfigAnalogFilter
                0x08003806       0x96 ./Drivers/STM32F3xx_HAL_Driver/Src/stm32f3xx_hal_i2c_ex.o
                0x08003806                HAL_I2CEx_ConfigAnalogFilter
 .text.HAL_I2CEx_ConfigDigitalFilter
                0x0800389c       0x98 ./Drivers/STM32F3xx_HAL_Driver/Src/stm32f3xx_hal_i2c_ex.o
                0x0800389c                HAL_I2CEx_ConfigDigitalFilter
 .text.HAL_RCC_OscConfig
                0x08003934     0x107c ./Drivers/STM32F3xx_HAL_Driver/Src/stm32f3xx_hal_rcc.o
                0x08003934                HAL_RCC_OscConfig
 .text.HAL_RCC_ClockConfig
                0x080049b0      0x2f8 ./Drivers/STM32F3xx_HAL_Driver/Src/stm32f3xx_hal_rcc.o
                0x080049b0                HAL_RCC_ClockConfig
 .text.HAL_RCC_GetSysClockFreq
                0x08004ca8       0xa8 ./Drivers/STM32F3xx_HAL_Driver/Src/stm32f3xx_hal_rcc.o
                0x08004ca8                HAL_RCC_GetSysClockFreq
 .text.HAL_RCCEx_PeriphCLKConfig
                0x08004d50      0x360 ./Drivers/STM32F3xx_HAL_Driver/Src/stm32f3xx_hal_rcc_ex.o
                0x08004d50                HAL_RCCEx_PeriphCLKConfig
 .text.HAL_TIM_Base_Init
                0x080050b0       0xae ./Drivers/STM32F3xx_HAL_Driver/Src/stm32f3xx_hal_tim.o
                0x080050b0                HAL_TIM_Base_Init
 *fill*         0x0800515e        0x2 
 .text.HAL_TIM_Base_Start_IT
                0x08005160       0xd4 ./Drivers/STM32F3xx_HAL_Driver/Src/stm32f3xx_hal_tim.o
                0x08005160                HAL_TIM_Base_Start_IT
 .text.HAL_TIM_IC_Init
                0x08005234       0xae ./Drivers/STM32F3xx_HAL_Driver/Src/stm32f3xx_hal_tim.o
                0x08005234                HAL_TIM_IC_Init
 *fill*         0x080052e2        0x2 
 .text.HAL_TIM_IC_Start_IT
                0x080052e4      0x284 ./Drivers/STM32F3xx_HAL_Driver/Src/stm32f3xx_hal_tim.o
                0x080052e4                HAL_TIM_IC_Start_IT
 .text.HAL_TIM_IRQHandler
                0x08005568      0x204 ./Drivers/STM32F3xx_HAL_Driver/Src/stm32f3xx_hal_tim.o
                0x08005568                HAL_TIM_IRQHandler
 .text.HAL_TIM_IC_ConfigChannel
                0x0800576c      0x138 ./Drivers/STM32F3xx_HAL_Driver/Src/stm32f3xx_hal_tim.o
                0x0800576c                HAL_TIM_IC_ConfigChannel
 .text.HAL_TIM_ConfigClockSource
                0x080058a4      0x192 ./Drivers/STM32F3xx_HAL_Driver/Src/stm32f3xx_hal_tim.o
                0x080058a4                HAL_TIM_ConfigClockSource
 *fill*         0x08005a36        0x2 
 .text.HAL_TIM_ReadCapturedValue
                0x08005a38       0x88 ./Drivers/STM32F3xx_HAL_Driver/Src/stm32f3xx_hal_tim.o
                0x08005a38                HAL_TIM_ReadCapturedValue
 .text.HAL_TIM_OC_DelayElapsedCallback
                0x08005ac0       0x14 ./Drivers/STM32F3xx_HAL_Driver/Src/stm32f3xx_hal_tim.o
                0x08005ac0                HAL_TIM_OC_DelayElapsedCallback
 .text.HAL_TIM_PWM_PulseFinishedCallback
                0x08005ad4       0x14 ./Drivers/STM32F3xx_HAL_Driver/Src/stm32f3xx_hal_tim.o
                0x08005ad4                HAL_TIM_PWM_PulseFinishedCallback
 .text.HAL_TIM_TriggerCallback
                0x08005ae8       0x14 ./Drivers/STM32F3xx_HAL_Driver/Src/stm32f3xx_hal_tim.o
                0x08005ae8                HAL_TIM_TriggerCallback
 .text.TIM_Base_SetConfig
                0x08005afc      0x138 ./Drivers/STM32F3xx_HAL_Driver/Src/stm32f3xx_hal_tim.o
                0x08005afc                TIM_Base_SetConfig
 .text.TIM_TI1_SetConfig
                0x08005c34       0xd0 ./Drivers/STM32F3xx_HAL_Driver/Src/stm32f3xx_hal_tim.o
                0x08005c34                TIM_TI1_SetConfig
 .text.TIM_TI1_ConfigInputStage
                0x08005d04       0x5e ./Drivers/STM32F3xx_HAL_Driver/Src/stm32f3xx_hal_tim.o
 .text.TIM_TI2_SetConfig
                0x08005d62       0x7a ./Drivers/STM32F3xx_HAL_Driver/Src/stm32f3xx_hal_tim.o
 .text.TIM_TI2_ConfigInputStage
                0x08005ddc       0x60 ./Drivers/STM32F3xx_HAL_Driver/Src/stm32f3xx_hal_tim.o
 .text.TIM_TI3_SetConfig
                0x08005e3c       0x78 ./Drivers/STM32F3xx_HAL_Driver/Src/stm32f3xx_hal_tim.o
 .text.TIM_TI4_SetConfig
                0x08005eb4       0x7a ./Drivers/STM32F3xx_HAL_Driver/Src/stm32f3xx_hal_tim.o
 .text.TIM_ITRx_SetConfig
                0x08005f2e       0x36 ./Drivers/STM32F3xx_HAL_Driver/Src/stm32f3xx_hal_tim.o
 .text.TIM_ETR_SetConfig
                0x08005f64       0x40 ./Drivers/STM32F3xx_HAL_Driver/Src/stm32f3xx_hal_tim.o
                0x08005f64                TIM_ETR_SetConfig
 .text.TIM_CCxChannelCmd
                0x08005fa4       0x4a ./Drivers/STM32F3xx_HAL_Driver/Src/stm32f3xx_hal_tim.o
                0x08005fa4                TIM_CCxChannelCmd
 *fill*         0x08005fee        0x2 
 .text.HAL_TIMEx_MasterConfigSynchronization
                0x08005ff0      0x100 ./Drivers/STM32F3xx_HAL_Driver/Src/stm32f3xx_hal_tim_ex.o
                0x08005ff0                HAL_TIMEx_MasterConfigSynchronization
 .text.HAL_TIMEx_CommutCallback
                0x080060f0       0x14 ./Drivers/STM32F3xx_HAL_Driver/Src/stm32f3xx_hal_tim_ex.o
                0x080060f0                HAL_TIMEx_CommutCallback
 .text.HAL_TIMEx_BreakCallback
                0x08006104       0x14 ./Drivers/STM32F3xx_HAL_Driver/Src/stm32f3xx_hal_tim_ex.o
                0x08006104                HAL_TIMEx_BreakCallback
 .text.HAL_TIMEx_Break2Callback
                0x08006118       0x14 ./Drivers/STM32F3xx_HAL_Driver/Src/stm32f3xx_hal_tim_ex.o
                0x08006118                HAL_TIMEx_Break2Callback
 .text.HAL_TIM_IC_CaptureCallback
                0x0800612c      0x10c ./Tupã®/Contador.o
                0x0800612c                HAL_TIM_IC_CaptureCallback
 .text.calcularRPM
                0x08006238       0xec ./Tupã®/Contador.o
                0x08006238                calcularRPM
 .text.canRPM   0x08006324       0xc8 ./Tupã®/cant.o
                0x08006324                canRPM
 .text.canTemp  0x080063ec       0xac ./Tupã®/cant.o
                0x080063ec                canTemp
 .text.binCode  0x08006498       0x78 ./Tupã®/cant.o
                0x08006498                binCode
 .text.memset   0x08006510       0x10 C:/ST/STM32CubeIDE_1.16.0/STM32CubeIDE/plugins/com.st.stm32cube.ide.mcu.externaltools.gnu-tools-for-stm32.12.3.rel1.win32_1.0.200.202406191623/tools/bin/../lib/gcc/arm-none-eabi/12.3.1/../../../../arm-none-eabi/lib/thumb/v7e-m+fp/hard\libc_nano.a(libc_a-memset.o)
                0x08006510                memset
 .text.__libc_init_array
                0x08006520       0x48 C:/ST/STM32CubeIDE_1.16.0/STM32CubeIDE/plugins/com.st.stm32cube.ide.mcu.externaltools.gnu-tools-for-stm32.12.3.rel1.win32_1.0.200.202406191623/tools/bin/../lib/gcc/arm-none-eabi/12.3.1/../../../../arm-none-eabi/lib/thumb/v7e-m+fp/hard\libc_nano.a(libc_a-init.o)
                0x08006520                __libc_init_array
 *(.glue_7)
 .glue_7        0x08006568        0x0 linker stubs
 *(.glue_7t)
 .glue_7t       0x08006568        0x0 linker stubs
 *(.eh_frame)
 .eh_frame      0x08006568        0x0 C:/ST/STM32CubeIDE_1.16.0/STM32CubeIDE/plugins/com.st.stm32cube.ide.mcu.externaltools.gnu-tools-for-stm32.12.3.rel1.win32_1.0.200.202406191623/tools/bin/../lib/gcc/arm-none-eabi/12.3.1/thumb/v7e-m+fp/hard/crtbegin.o
 *(.init)
 .init          0x08006568        0x4 C:/ST/STM32CubeIDE_1.16.0/STM32CubeIDE/plugins/com.st.stm32cube.ide.mcu.externaltools.gnu-tools-for-stm32.12.3.rel1.win32_1.0.200.202406191623/tools/bin/../lib/gcc/arm-none-eabi/12.3.1/thumb/v7e-m+fp/hard/crti.o
                0x08006568                _init
 .init          0x0800656c        0x8 C:/ST/STM32CubeIDE_1.16.0/STM32CubeIDE/plugins/com.st.stm32cube.ide.mcu.externaltools.gnu-tools-for-stm32.12.3.rel1.win32_1.0.200.202406191623/tools/bin/../lib/gcc/arm-none-eabi/12.3.1/thumb/v7e-m+fp/hard/crtn.o
 *(.fini)
 .fini          0x08006574        0x4 C:/ST/STM32CubeIDE_1.16.0/STM32CubeIDE/plugins/com.st.stm32cube.ide.mcu.externaltools.gnu-tools-for-stm32.12.3.rel1.win32_1.0.200.202406191623/tools/bin/../lib/gcc/arm-none-eabi/12.3.1/thumb/v7e-m+fp/hard/crti.o
                0x08006574                _fini
 .fini          0x08006578        0x8 C:/ST/STM32CubeIDE_1.16.0/STM32CubeIDE/plugins/com.st.stm32cube.ide.mcu.externaltools.gnu-tools-for-stm32.12.3.rel1.win32_1.0.200.202406191623/tools/bin/../lib/gcc/arm-none-eabi/12.3.1/thumb/v7e-m+fp/hard/crtn.o
                0x08006580                        . = ALIGN (0x4)
                0x08006580                        _etext = .

.vfp11_veneer   0x08006580        0x0
 .vfp11_veneer  0x08006580        0x0 linker stubs

.v4_bx          0x08006580        0x0
 .v4_bx         0x08006580        0x0 linker stubs

.iplt           0x08006580        0x0
 .iplt          0x08006580        0x0 C:/ST/STM32CubeIDE_1.16.0/STM32CubeIDE/plugins/com.st.stm32cube.ide.mcu.externaltools.gnu-tools-for-stm32.12.3.rel1.win32_1.0.200.202406191623/tools/bin/../lib/gcc/arm-none-eabi/12.3.1/thumb/v7e-m+fp/hard/crtbegin.o

.rodata         0x08006580       0x30
                0x08006580                        . = ALIGN (0x4)
 *(.rodata)
 *(.rodata*)
 .rodata.AHBPrescTable
                0x08006580       0x10 ./Core/Src/system_stm32f3xx.o
                0x08006580                AHBPrescTable
 .rodata.aPLLMULFactorTable
                0x08006590       0x10 ./Drivers/STM32F3xx_HAL_Driver/Src/stm32f3xx_hal_rcc.o
 .rodata.aPredivFactorTable
                0x080065a0       0x10 ./Drivers/STM32F3xx_HAL_Driver/Src/stm32f3xx_hal_rcc.o
                0x080065b0                        . = ALIGN (0x4)

.ARM.extab      0x080065b0        0x0
                0x080065b0                        . = ALIGN (0x4)
 *(.ARM.extab* .gnu.linkonce.armextab.*)
                0x080065b0                        . = ALIGN (0x4)

.ARM            0x080065b0        0x0
                0x080065b0                        . = ALIGN (0x4)
                0x080065b0                        __exidx_start = .
 *(.ARM.exidx*)
                0x080065b0                        __exidx_end = .
                0x080065b0                        . = ALIGN (0x4)

.preinit_array  0x080065b0        0x0
                0x080065b0                        . = ALIGN (0x4)
                0x080065b0                        PROVIDE (__preinit_array_start = .)
 *(.preinit_array*)
                0x080065b0                        PROVIDE (__preinit_array_end = .)
                0x080065b0                        . = ALIGN (0x4)

.init_array     0x080065b0        0x4
                0x080065b0                        . = ALIGN (0x4)
                0x080065b0                        PROVIDE (__init_array_start = .)
 *(SORT_BY_NAME(.init_array.*))
 *(.init_array*)
 .init_array    0x080065b0        0x4 C:/ST/STM32CubeIDE_1.16.0/STM32CubeIDE/plugins/com.st.stm32cube.ide.mcu.externaltools.gnu-tools-for-stm32.12.3.rel1.win32_1.0.200.202406191623/tools/bin/../lib/gcc/arm-none-eabi/12.3.1/thumb/v7e-m+fp/hard/crtbegin.o
                0x080065b4                        PROVIDE (__init_array_end = .)
                0x080065b4                        . = ALIGN (0x4)

.fini_array     0x080065b4        0x4
                0x080065b4                        . = ALIGN (0x4)
                [!provide]                        PROVIDE (__fini_array_start = .)
 *(SORT_BY_NAME(.fini_array.*))
 *(.fini_array*)
 .fini_array    0x080065b4        0x4 C:/ST/STM32CubeIDE_1.16.0/STM32CubeIDE/plugins/com.st.stm32cube.ide.mcu.externaltools.gnu-tools-for-stm32.12.3.rel1.win32_1.0.200.202406191623/tools/bin/../lib/gcc/arm-none-eabi/12.3.1/thumb/v7e-m+fp/hard/crtbegin.o
                [!provide]                        PROVIDE (__fini_array_end = .)
                0x080065b8                        . = ALIGN (0x4)
                0x080065b8                        _sidata = LOADADDR (.data)

.rel.dyn        0x080065b8        0x0
 .rel.iplt      0x080065b8        0x0 C:/ST/STM32CubeIDE_1.16.0/STM32CubeIDE/plugins/com.st.stm32cube.ide.mcu.externaltools.gnu-tools-for-stm32.12.3.rel1.win32_1.0.200.202406191623/tools/bin/../lib/gcc/arm-none-eabi/12.3.1/thumb/v7e-m+fp/hard/crtbegin.o

.data           0x20000000        0xc load address 0x080065b8
                0x20000000                        . = ALIGN (0x4)
                0x20000000                        _sdata = .
 *(.data)
 *(.data*)
 .data.SystemCoreClock
                0x20000000        0x4 ./Core/Src/system_stm32f3xx.o
                0x20000000                SystemCoreClock
 .data.uwTickPrio
                0x20000004        0x4 ./Drivers/STM32F3xx_HAL_Driver/Src/stm32f3xx_hal.o
                0x20000004                uwTickPrio
 .data.uwTickFreq
                0x20000008        0x1 ./Drivers/STM32F3xx_HAL_Driver/Src/stm32f3xx_hal.o
                0x20000008                uwTickFreq
 *(.RamFunc)
 *(.RamFunc*)
                0x2000000c                        . = ALIGN (0x4)
 *fill*         0x20000009        0x3 
                0x2000000c                        _edata = .
                0x080065c4                        _siccmram = LOADADDR (.ccmram)

.igot.plt       0x2000000c        0x0 load address 0x080065c4
 .igot.plt      0x2000000c        0x0 C:/ST/STM32CubeIDE_1.16.0/STM32CubeIDE/plugins/com.st.stm32cube.ide.mcu.externaltools.gnu-tools-for-stm32.12.3.rel1.win32_1.0.200.202406191623/tools/bin/../lib/gcc/arm-none-eabi/12.3.1/thumb/v7e-m+fp/hard/crtbegin.o

.ccmram         0x10000000        0x0 load address 0x080065c4
                0x10000000                        . = ALIGN (0x4)
                0x10000000                        _sccmram = .
 *(.ccmram)
 *(.ccmram*)
                0x10000000                        . = ALIGN (0x4)
                0x10000000                        _eccmram = .
                0x10000000                        . = ALIGN (0x4)

.bss            0x2000000c      0x2a0
                0x2000000c                        _sbss = .
                0x2000000c                        __bss_start__ = _sbss
 *(.bss)
 .bss           0x2000000c       0x1c C:/ST/STM32CubeIDE_1.16.0/STM32CubeIDE/plugins/com.st.stm32cube.ide.mcu.externaltools.gnu-tools-for-stm32.12.3.rel1.win32_1.0.200.202406191623/tools/bin/../lib/gcc/arm-none-eabi/12.3.1/thumb/v7e-m+fp/hard/crtbegin.o
 *(.bss*)
 .bss.hadc2     0x20000028       0x50 ./Core/Src/adc.o
                0x20000028                hadc2
 .bss.hdma_adc2
                0x20000078       0x44 ./Core/Src/adc.o
                0x20000078                hdma_adc2
 .bss.hcan      0x200000bc       0x28 ./Core/Src/can.o
                0x200000bc                hcan
 .bss.hi2c2     0x200000e4       0x54 ./Core/Src/i2c.o
                0x200000e4                hi2c2
 .bss.htim1     0x20000138       0x4c ./Core/Src/tim.o
                0x20000138                htim1
 .bss.htim2     0x20000184       0x4c ./Core/Src/tim.o
                0x20000184                htim2
 .bss.htim3     0x200001d0       0x4c ./Core/Src/tim.o
                0x200001d0                htim3
 .bss.htim4     0x2000021c       0x4c ./Core/Src/tim.o
                0x2000021c                htim4
 .bss.uwTick    0x20000268        0x4 ./Drivers/STM32F3xx_HAL_Driver/Src/stm32f3xx_hal.o
                0x20000268                uwTick
 .bss.RPM       0x2000026c        0x4 ./Tupã®/Contador.o
                0x2000026c                RPM
 .bss.icValue10
                0x20000270        0x4 ./Tupã®/Contador.o
                0x20000270                icValue10
 .bss.icValue20
                0x20000274        0x4 ./Tupã®/Contador.o
                0x20000274                icValue20
 .bss.difference0
                0x20000278        0x4 ./Tupã®/Contador.o
                0x20000278                difference0
 .bss.icValue11
                0x2000027c        0x4 ./Tupã®/Contador.o
                0x2000027c                icValue11
 .bss.icValue21
                0x20000280        0x4 ./Tupã®/Contador.o
                0x20000280                icValue21
 .bss.difference1
                0x20000284        0x4 ./Tupã®/Contador.o
                0x20000284                difference1
 .bss.pulseFreq0
                0x20000288        0x4 ./Tupã®/Contador.o
                0x20000288                pulseFreq0
 .bss.pulseFreq1
                0x2000028c        0x4 ./Tupã®/Contador.o
                0x2000028c                pulseFreq1
 .bss.readyFlag
                0x20000290        0x1 ./Tupã®/Contador.o
                0x20000290                readyFlag
 .bss.firstRead
                0x20000291        0x1 ./Tupã®/Contador.o
                0x20000291                firstRead
 .bss.canFlagR  0x20000292        0x1 ./Tupã®/cant.o
                0x20000292                canFlagR
 .bss.canFlagT  0x20000293        0x1 ./Tupã®/cant.o
                0x20000293                canFlagT
 .bss.binarie   0x20000294        0x1 ./Tupã®/cant.o
                0x20000294                binarie
 .bss.countRPM  0x20000295        0x1 ./Tupã®/cant.o
                0x20000295                countRPM
 .bss.countTemp
                0x20000296        0x1 ./Tupã®/cant.o
                0x20000296                countTemp
 *fill*         0x20000297        0x1 
 .bss.txData    0x20000298        0x3 ./Tupã®/cant.o
                0x20000298                txData
 *fill*         0x2000029b        0x1 
 .bss.txData1.0
                0x2000029c        0x7 ./Tupã®/cant.o
 *fill*         0x200002a3        0x1 
 .bss.adcRaw    0x200002a4        0x6 ./Tupã®/terms.o
                0x200002a4                adcRaw
 *(COMMON)
                0x200002ac                        . = ALIGN (0x4)
 *fill*         0x200002aa        0x2 
                0x200002ac                        _ebss = .
                0x200002ac                        __bss_end__ = _ebss

._user_heap_stack
                0x200002ac      0x604
                0x200002b0                        . = ALIGN (0x8)
 *fill*         0x200002ac        0x4 
                [!provide]                        PROVIDE (end = .)
                0x200002b0                        PROVIDE (_end = .)
                0x200004b0                        . = (. + _Min_Heap_Size)
 *fill*         0x200002b0      0x200 
                0x200008b0                        . = (. + _Min_Stack_Size)
 *fill*         0x200004b0      0x400 
                0x200008b0                        . = ALIGN (0x8)

/DISCARD/
 libc.a(*)
 libm.a(*)
 libgcc.a(*)

.ARM.attributes
                0x00000000       0x30
 *(.ARM.attributes)
 .ARM.attributes
                0x00000000       0x22 C:/ST/STM32CubeIDE_1.16.0/STM32CubeIDE/plugins/com.st.stm32cube.ide.mcu.externaltools.gnu-tools-for-stm32.12.3.rel1.win32_1.0.200.202406191623/tools/bin/../lib/gcc/arm-none-eabi/12.3.1/thumb/v7e-m+fp/hard/crti.o
 .ARM.attributes
                0x00000022       0x34 C:/ST/STM32CubeIDE_1.16.0/STM32CubeIDE/plugins/com.st.stm32cube.ide.mcu.externaltools.gnu-tools-for-stm32.12.3.rel1.win32_1.0.200.202406191623/tools/bin/../lib/gcc/arm-none-eabi/12.3.1/thumb/v7e-m+fp/hard/crtbegin.o
 .ARM.attributes
                0x00000056       0x34 ./Core/Src/adc.o
 .ARM.attributes
                0x0000008a       0x34 ./Core/Src/can.o
 .ARM.attributes
                0x000000be       0x34 ./Core/Src/dma.o
 .ARM.attributes
                0x000000f2       0x34 ./Core/Src/gpio.o
 .ARM.attributes
                0x00000126       0x34 ./Core/Src/i2c.o
 .ARM.attributes
                0x0000015a       0x34 ./Core/Src/main.o
 .ARM.attributes
                0x0000018e       0x34 ./Core/Src/stm32f3xx_hal_msp.o
 .ARM.attributes
                0x000001c2       0x34 ./Core/Src/stm32f3xx_it.o
 .ARM.attributes
                0x000001f6       0x34 ./Core/Src/system_stm32f3xx.o
 .ARM.attributes
                0x0000022a       0x34 ./Core/Src/tim.o
 .ARM.attributes
                0x0000025e       0x21 ./Core/Startup/startup_stm32f303vctx.o
 .ARM.attributes
                0x0000027f       0x34 ./Drivers/STM32F3xx_HAL_Driver/Src/stm32f3xx_hal.o
 .ARM.attributes
                0x000002b3       0x34 ./Drivers/STM32F3xx_HAL_Driver/Src/stm32f3xx_hal_adc.o
 .ARM.attributes
                0x000002e7       0x34 ./Drivers/STM32F3xx_HAL_Driver/Src/stm32f3xx_hal_adc_ex.o
 .ARM.attributes
                0x0000031b       0x34 ./Drivers/STM32F3xx_HAL_Driver/Src/stm32f3xx_hal_can.o
 .ARM.attributes
                0x0000034f       0x34 ./Drivers/STM32F3xx_HAL_Driver/Src/stm32f3xx_hal_cortex.o
 .ARM.attributes
                0x00000383       0x34 ./Drivers/STM32F3xx_HAL_Driver/Src/stm32f3xx_hal_dma.o
 .ARM.attributes
                0x000003b7       0x34 ./Drivers/STM32F3xx_HAL_Driver/Src/stm32f3xx_hal_gpio.o
 .ARM.attributes
                0x000003eb       0x34 ./Drivers/STM32F3xx_HAL_Driver/Src/stm32f3xx_hal_i2c.o
 .ARM.attributes
                0x0000041f       0x34 ./Drivers/STM32F3xx_HAL_Driver/Src/stm32f3xx_hal_i2c_ex.o
 .ARM.attributes
                0x00000453       0x34 ./Drivers/STM32F3xx_HAL_Driver/Src/stm32f3xx_hal_rcc.o
 .ARM.attributes
                0x00000487       0x34 ./Drivers/STM32F3xx_HAL_Driver/Src/stm32f3xx_hal_rcc_ex.o
 .ARM.attributes
                0x000004bb       0x34 ./Drivers/STM32F3xx_HAL_Driver/Src/stm32f3xx_hal_tim.o
 .ARM.attributes
                0x000004ef       0x34 ./Drivers/STM32F3xx_HAL_Driver/Src/stm32f3xx_hal_tim_ex.o
 .ARM.attributes
                0x00000523       0x34 ./Tupã®/Contador.o
 .ARM.attributes
                0x00000557       0x34 ./Tupã®/cant.o
 .ARM.attributes
                0x0000058b       0x34 ./Tupã®/terms.o
 .ARM.attributes
                0x000005bf       0x34 C:/ST/STM32CubeIDE_1.16.0/STM32CubeIDE/plugins/com.st.stm32cube.ide.mcu.externaltools.gnu-tools-for-stm32.12.3.rel1.win32_1.0.200.202406191623/tools/bin/../lib/gcc/arm-none-eabi/12.3.1/../../../../arm-none-eabi/lib/thumb/v7e-m+fp/hard\libc_nano.a(libc_a-memset.o)
 .ARM.attributes
                0x000005f3       0x34 C:/ST/STM32CubeIDE_1.16.0/STM32CubeIDE/plugins/com.st.stm32cube.ide.mcu.externaltools.gnu-tools-for-stm32.12.3.rel1.win32_1.0.200.202406191623/tools/bin/../lib/gcc/arm-none-eabi/12.3.1/../../../../arm-none-eabi/lib/thumb/v7e-m+fp/hard\libc_nano.a(libc_a-init.o)
 .ARM.attributes
                0x00000627       0x22 C:/ST/STM32CubeIDE_1.16.0/STM32CubeIDE/plugins/com.st.stm32cube.ide.mcu.externaltools.gnu-tools-for-stm32.12.3.rel1.win32_1.0.200.202406191623/tools/bin/../lib/gcc/arm-none-eabi/12.3.1/thumb/v7e-m+fp/hard\libgcc.a(_arm_addsubdf3.o)
 .ARM.attributes
                0x00000649       0x22 C:/ST/STM32CubeIDE_1.16.0/STM32CubeIDE/plugins/com.st.stm32cube.ide.mcu.externaltools.gnu-tools-for-stm32.12.3.rel1.win32_1.0.200.202406191623/tools/bin/../lib/gcc/arm-none-eabi/12.3.1/thumb/v7e-m+fp/hard\libgcc.a(_arm_muldivdf3.o)
 .ARM.attributes
                0x0000066b       0x22 C:/ST/STM32CubeIDE_1.16.0/STM32CubeIDE/plugins/com.st.stm32cube.ide.mcu.externaltools.gnu-tools-for-stm32.12.3.rel1.win32_1.0.200.202406191623/tools/bin/../lib/gcc/arm-none-eabi/12.3.1/thumb/v7e-m+fp/hard\libgcc.a(_arm_fixunsdfsi.o)
 .ARM.attributes
                0x0000068d       0x22 C:/ST/STM32CubeIDE_1.16.0/STM32CubeIDE/plugins/com.st.stm32cube.ide.mcu.externaltools.gnu-tools-for-stm32.12.3.rel1.win32_1.0.200.202406191623/tools/bin/../lib/gcc/arm-none-eabi/12.3.1/thumb/v7e-m+fp/hard/crtn.o
OUTPUT(sensor.elf elf32-littlearm)
LOAD linker stubs
LOAD C:/ST/STM32CubeIDE_1.16.0/STM32CubeIDE/plugins/com.st.stm32cube.ide.mcu.externaltools.gnu-tools-for-stm32.12.3.rel1.win32_1.0.200.202406191623/tools/bin/../lib/gcc/arm-none-eabi/12.3.1/../../../../arm-none-eabi/lib/thumb/v7e-m+fp/hard\libc.a
LOAD C:/ST/STM32CubeIDE_1.16.0/STM32CubeIDE/plugins/com.st.stm32cube.ide.mcu.externaltools.gnu-tools-for-stm32.12.3.rel1.win32_1.0.200.202406191623/tools/bin/../lib/gcc/arm-none-eabi/12.3.1/../../../../arm-none-eabi/lib/thumb/v7e-m+fp/hard\libm.a
LOAD C:/ST/STM32CubeIDE_1.16.0/STM32CubeIDE/plugins/com.st.stm32cube.ide.mcu.externaltools.gnu-tools-for-stm32.12.3.rel1.win32_1.0.200.202406191623/tools/bin/../lib/gcc/arm-none-eabi/12.3.1/thumb/v7e-m+fp/hard\libgcc.a

.debug_info     0x00000000    0x13aab
 .debug_info    0x00000000      0xa3c ./Core/Src/adc.o
 .debug_info    0x00000a3c      0x996 ./Core/Src/can.o
 .debug_info    0x000013d2      0x37d ./Core/Src/dma.o
 .debug_info    0x0000174f      0x33d ./Core/Src/gpio.o
 .debug_info    0x00001a8c      0x8b4 ./Core/Src/i2c.o
 .debug_info    0x00002340     0x133a ./Core/Src/main.o
 .debug_info    0x0000367a      0x18d ./Core/Src/stm32f3xx_hal_msp.o
 .debug_info    0x00003807      0xb4d ./Core/Src/stm32f3xx_it.o
 .debug_info    0x00004354      0x407 ./Core/Src/system_stm32f3xx.o
 .debug_info    0x0000475b      0xe58 ./Core/Src/tim.o
 .debug_info    0x000055b3       0x30 ./Core/Startup/startup_stm32f303vctx.o
 .debug_info    0x000055e3      0x7d4 ./Drivers/STM32F3xx_HAL_Driver/Src/stm32f3xx_hal.o
 .debug_info    0x00005db7      0xb32 ./Drivers/STM32F3xx_HAL_Driver/Src/stm32f3xx_hal_adc.o
 .debug_info    0x000068e9     0x15b2 ./Drivers/STM32F3xx_HAL_Driver/Src/stm32f3xx_hal_adc_ex.o
 .debug_info    0x00007e9b      0xf12 ./Drivers/STM32F3xx_HAL_Driver/Src/stm32f3xx_hal_can.o
 .debug_info    0x00008dad      0xce4 ./Drivers/STM32F3xx_HAL_Driver/Src/stm32f3xx_hal_cortex.o
 .debug_info    0x00009a91      0x6e1 ./Drivers/STM32F3xx_HAL_Driver/Src/stm32f3xx_hal_dma.o
 .debug_info    0x0000a172      0x5fe ./Drivers/STM32F3xx_HAL_Driver/Src/stm32f3xx_hal_gpio.o
 .debug_info    0x0000a770     0x20c3 ./Drivers/STM32F3xx_HAL_Driver/Src/stm32f3xx_hal_i2c.o
 .debug_info    0x0000c833      0x818 ./Drivers/STM32F3xx_HAL_Driver/Src/stm32f3xx_hal_i2c_ex.o
 .debug_info    0x0000d04b     0x148a ./Drivers/STM32F3xx_HAL_Driver/Src/stm32f3xx_hal_rcc.o
 .debug_info    0x0000e4d5      0x5b9 ./Drivers/STM32F3xx_HAL_Driver/Src/stm32f3xx_hal_rcc_ex.o
 .debug_info    0x0000ea8e     0x2a70 ./Drivers/STM32F3xx_HAL_Driver/Src/stm32f3xx_hal_tim.o
 .debug_info    0x000114fe     0x156d ./Drivers/STM32F3xx_HAL_Driver/Src/stm32f3xx_hal_tim_ex.o
 .debug_info    0x00012a6b      0x7be ./Tupã®/Contador.o
 .debug_info    0x00013229      0x7bb ./Tupã®/cant.o
 .debug_info    0x000139e4       0xc7 ./Tupã®/terms.o

.debug_abbrev   0x00000000     0x3330
 .debug_abbrev  0x00000000      0x21a ./Core/Src/adc.o
 .debug_abbrev  0x0000021a      0x205 ./Core/Src/can.o
 .debug_abbrev  0x0000041f       0xfc ./Core/Src/dma.o
 .debug_abbrev  0x0000051b      0x151 ./Core/Src/gpio.o
 .debug_abbrev  0x0000066c      0x214 ./Core/Src/i2c.o
 .debug_abbrev  0x00000880      0x2a8 ./Core/Src/main.o
 .debug_abbrev  0x00000b28       0xc6 ./Core/Src/stm32f3xx_hal_msp.o
 .debug_abbrev  0x00000bee      0x1f4 ./Core/Src/stm32f3xx_it.o
 .debug_abbrev  0x00000de2      0x11a ./Core/Src/system_stm32f3xx.o
 .debug_abbrev  0x00000efc      0x256 ./Core/Src/tim.o
 .debug_abbrev  0x00001152       0x24 ./Core/Startup/startup_stm32f303vctx.o
 .debug_abbrev  0x00001176      0x215 ./Drivers/STM32F3xx_HAL_Driver/Src/stm32f3xx_hal.o
 .debug_abbrev  0x0000138b      0x186 ./Drivers/STM32F3xx_HAL_Driver/Src/stm32f3xx_hal_adc.o
 .debug_abbrev  0x00001511      0x28e ./Drivers/STM32F3xx_HAL_Driver/Src/stm32f3xx_hal_adc_ex.o
 .debug_abbrev  0x0000179f      0x22d ./Drivers/STM32F3xx_HAL_Driver/Src/stm32f3xx_hal_can.o
 .debug_abbrev  0x000019cc      0x31e ./Drivers/STM32F3xx_HAL_Driver/Src/stm32f3xx_hal_cortex.o
 .debug_abbrev  0x00001cea      0x20d ./Drivers/STM32F3xx_HAL_Driver/Src/stm32f3xx_hal_dma.o
 .debug_abbrev  0x00001ef7      0x1ca ./Drivers/STM32F3xx_HAL_Driver/Src/stm32f3xx_hal_gpio.o
 .debug_abbrev  0x000020c1      0x260 ./Drivers/STM32F3xx_HAL_Driver/Src/stm32f3xx_hal_i2c.o
 .debug_abbrev  0x00002321      0x1c2 ./Drivers/STM32F3xx_HAL_Driver/Src/stm32f3xx_hal_i2c_ex.o
 .debug_abbrev  0x000024e3      0x300 ./Drivers/STM32F3xx_HAL_Driver/Src/stm32f3xx_hal_rcc.o
 .debug_abbrev  0x000027e3      0x221 ./Drivers/STM32F3xx_HAL_Driver/Src/stm32f3xx_hal_rcc_ex.o
 .debug_abbrev  0x00002a04      0x278 ./Drivers/STM32F3xx_HAL_Driver/Src/stm32f3xx_hal_tim.o
 .debug_abbrev  0x00002c7c      0x283 ./Drivers/STM32F3xx_HAL_Driver/Src/stm32f3xx_hal_tim_ex.o
 .debug_abbrev  0x00002eff      0x1cd ./Tupã®/Contador.o
 .debug_abbrev  0x000030cc      0x1f9 ./Tupã®/cant.o
 .debug_abbrev  0x000032c5       0x6b ./Tupã®/terms.o

.debug_aranges  0x00000000     0x1228
 .debug_aranges
                0x00000000       0x30 ./Core/Src/adc.o
 .debug_aranges
                0x00000030       0x30 ./Core/Src/can.o
 .debug_aranges
                0x00000060       0x20 ./Core/Src/dma.o
 .debug_aranges
                0x00000080       0x20 ./Core/Src/gpio.o
 .debug_aranges
                0x000000a0       0x30 ./Core/Src/i2c.o
 .debug_aranges
                0x000000d0       0x38 ./Core/Src/main.o
 .debug_aranges
                0x00000108       0x20 ./Core/Src/stm32f3xx_hal_msp.o
 .debug_aranges
                0x00000128       0x98 ./Core/Src/stm32f3xx_it.o
 .debug_aranges
                0x000001c0       0x28 ./Core/Src/system_stm32f3xx.o
 .debug_aranges
                0x000001e8       0x58 ./Core/Src/tim.o
 .debug_aranges
                0x00000240       0x28 ./Core/Startup/startup_stm32f303vctx.o
 .debug_aranges
                0x00000268       0xe0 ./Drivers/STM32F3xx_HAL_Driver/Src/stm32f3xx_hal.o
 .debug_aranges
                0x00000348       0xc8 ./Drivers/STM32F3xx_HAL_Driver/Src/stm32f3xx_hal_adc.o
 .debug_aranges
                0x00000410      0x168 ./Drivers/STM32F3xx_HAL_Driver/Src/stm32f3xx_hal_adc_ex.o
 .debug_aranges
                0x00000578      0x138 ./Drivers/STM32F3xx_HAL_Driver/Src/stm32f3xx_hal_can.o
 .debug_aranges
                0x000006b0      0x128 ./Drivers/STM32F3xx_HAL_Driver/Src/stm32f3xx_hal_cortex.o
 .debug_aranges
                0x000007d8       0x88 ./Drivers/STM32F3xx_HAL_Driver/Src/stm32f3xx_hal_dma.o
 .debug_aranges
                0x00000860       0x58 ./Drivers/STM32F3xx_HAL_Driver/Src/stm32f3xx_hal_gpio.o
 .debug_aranges
                0x000008b8      0x2a0 ./Drivers/STM32F3xx_HAL_Driver/Src/stm32f3xx_hal_i2c.o
 .debug_aranges
                0x00000b58       0x48 ./Drivers/STM32F3xx_HAL_Driver/Src/stm32f3xx_hal_i2c_ex.o
 .debug_aranges
                0x00000ba0       0x88 ./Drivers/STM32F3xx_HAL_Driver/Src/stm32f3xx_hal_rcc.o
 .debug_aranges
                0x00000c28       0x38 ./Drivers/STM32F3xx_HAL_Driver/Src/stm32f3xx_hal_rcc_ex.o
 .debug_aranges
                0x00000c60      0x3e0 ./Drivers/STM32F3xx_HAL_Driver/Src/stm32f3xx_hal_tim.o
 .debug_aranges
                0x00001040      0x178 ./Drivers/STM32F3xx_HAL_Driver/Src/stm32f3xx_hal_tim_ex.o
 .debug_aranges
                0x000011b8       0x28 ./Tupã®/Contador.o
 .debug_aranges
                0x000011e0       0x30 ./Tupã®/cant.o
 .debug_aranges
                0x00001210       0x18 ./Tupã®/terms.o

.debug_rnglists
                0x00000000      0xdf0
 .debug_rnglists
                0x00000000       0x21 ./Core/Src/adc.o
 .debug_rnglists
                0x00000021       0x20 ./Core/Src/can.o
 .debug_rnglists
                0x00000041       0x13 ./Core/Src/dma.o
 .debug_rnglists
                0x00000054       0x14 ./Core/Src/gpio.o
 .debug_rnglists
                0x00000068       0x21 ./Core/Src/i2c.o
 .debug_rnglists
                0x00000089       0x27 ./Core/Src/main.o
 .debug_rnglists
                0x000000b0       0x13 ./Core/Src/stm32f3xx_hal_msp.o
 .debug_rnglists
                0x000000c3       0x6d ./Core/Src/stm32f3xx_it.o
 .debug_rnglists
                0x00000130       0x1a ./Core/Src/system_stm32f3xx.o
 .debug_rnglists
                0x0000014a       0x43 ./Core/Src/tim.o
 .debug_rnglists
                0x0000018d       0x19 ./Core/Startup/startup_stm32f303vctx.o
 .debug_rnglists
                0x000001a6       0xa3 ./Drivers/STM32F3xx_HAL_Driver/Src/stm32f3xx_hal.o
 .debug_rnglists
                0x00000249       0x91 ./Drivers/STM32F3xx_HAL_Driver/Src/stm32f3xx_hal_adc.o
 .debug_rnglists
                0x000002da      0x126 ./Drivers/STM32F3xx_HAL_Driver/Src/stm32f3xx_hal_adc_ex.o
 .debug_rnglists
                0x00000400       0xee ./Drivers/STM32F3xx_HAL_Driver/Src/stm32f3xx_hal_can.o
 .debug_rnglists
                0x000004ee       0xda ./Drivers/STM32F3xx_HAL_Driver/Src/stm32f3xx_hal_cortex.o
 .debug_rnglists
                0x000005c8       0x69 ./Drivers/STM32F3xx_HAL_Driver/Src/stm32f3xx_hal_dma.o
 .debug_rnglists
                0x00000631       0x3f ./Drivers/STM32F3xx_HAL_Driver/Src/stm32f3xx_hal_gpio.o
 .debug_rnglists
                0x00000670      0x228 ./Drivers/STM32F3xx_HAL_Driver/Src/stm32f3xx_hal_i2c.o
 .debug_rnglists
                0x00000898       0x35 ./Drivers/STM32F3xx_HAL_Driver/Src/stm32f3xx_hal_i2c_ex.o
 .debug_rnglists
                0x000008cd       0x66 ./Drivers/STM32F3xx_HAL_Driver/Src/stm32f3xx_hal_rcc.o
 .debug_rnglists
                0x00000933       0x28 ./Drivers/STM32F3xx_HAL_Driver/Src/stm32f3xx_hal_rcc_ex.o
 .debug_rnglists
                0x0000095b      0x328 ./Drivers/STM32F3xx_HAL_Driver/Src/stm32f3xx_hal_tim.o
 .debug_rnglists
                0x00000c83      0x131 ./Drivers/STM32F3xx_HAL_Driver/Src/stm32f3xx_hal_tim_ex.o
 .debug_rnglists
                0x00000db4       0x1b ./Tupã®/Contador.o
 .debug_rnglists
                0x00000dcf       0x21 ./Tupã®/cant.o

.debug_macro    0x00000000    0x1ff82
 .debug_macro   0x00000000      0x1fa ./Core/Src/adc.o
 .debug_macro   0x000001fa      0xab4 ./Core/Src/adc.o
 .debug_macro   0x00000cae      0x15d ./Core/Src/adc.o
 .debug_macro   0x00000e0b       0x2e ./Core/Src/adc.o
 .debug_macro   0x00000e39       0x28 ./Core/Src/adc.o
 .debug_macro   0x00000e61       0x22 ./Core/Src/adc.o
 .debug_macro   0x00000e83       0x8e ./Core/Src/adc.o
 .debug_macro   0x00000f11       0x51 ./Core/Src/adc.o
 .debug_macro   0x00000f62      0x103 ./Core/Src/adc.o
 .debug_macro   0x00001065       0x6a ./Core/Src/adc.o
 .debug_macro   0x000010cf      0x1df ./Core/Src/adc.o
 .debug_macro   0x000012ae       0x1c ./Core/Src/adc.o
 .debug_macro   0x000012ca       0x22 ./Core/Src/adc.o
 .debug_macro   0x000012ec       0xd9 ./Core/Src/adc.o
 .debug_macro   0x000013c5     0x102d ./Core/Src/adc.o
 .debug_macro   0x000023f2      0x11f ./Core/Src/adc.o
 .debug_macro   0x00002511    0x12a3a ./Core/Src/adc.o
 .debug_macro   0x00014f4b       0x6d ./Core/Src/adc.o
 .debug_macro   0x00014fb8     0x3574 ./Core/Src/adc.o
 .debug_macro   0x0001852c      0x189 ./Core/Src/adc.o
 .debug_macro   0x000186b5       0x55 ./Core/Src/adc.o
 .debug_macro   0x0001870a      0x961 ./Core/Src/adc.o
 .debug_macro   0x0001906b      0x5fe ./Core/Src/adc.o
 .debug_macro   0x00019669      0x1b5 ./Core/Src/adc.o
 .debug_macro   0x0001981e      0x1fb ./Core/Src/adc.o
 .debug_macro   0x00019a19      0x1dc ./Core/Src/adc.o
 .debug_macro   0x00019bf5      0x1bc ./Core/Src/adc.o
 .debug_macro   0x00019db1       0x30 ./Core/Src/adc.o
 .debug_macro   0x00019de1       0x3c ./Core/Src/adc.o
 .debug_macro   0x00019e1d      0x235 ./Core/Src/adc.o
 .debug_macro   0x0001a052      0x9b1 ./Core/Src/adc.o
 .debug_macro   0x0001aa03       0x77 ./Core/Src/adc.o
 .debug_macro   0x0001aa7a      0x408 ./Core/Src/adc.o
 .debug_macro   0x0001ae82       0xc5 ./Core/Src/adc.o
 .debug_macro   0x0001af47      0x21d ./Core/Src/adc.o
 .debug_macro   0x0001b164      0x22c ./Core/Src/adc.o
 .debug_macro   0x0001b390       0x5b ./Core/Src/adc.o
 .debug_macro   0x0001b3eb       0xa5 ./Core/Src/adc.o
 .debug_macro   0x0001b490       0x81 ./Core/Src/adc.o
 .debug_macro   0x0001b511       0xd3 ./Core/Src/adc.o
 .debug_macro   0x0001b5e4      0xa60 ./Core/Src/adc.o
 .debug_macro   0x0001c044       0x89 ./Core/Src/adc.o
 .debug_macro   0x0001c0cd      0x275 ./Core/Src/adc.o
 .debug_macro   0x0001c342      0x1fa ./Core/Src/can.o
 .debug_macro   0x0001c53c      0x1fa ./Core/Src/dma.o
 .debug_macro   0x0001c736      0x1fa ./Core/Src/gpio.o
 .debug_macro   0x0001c930      0x1fa ./Core/Src/i2c.o
 .debug_macro   0x0001cb2a      0x301 ./Core/Src/main.o
 .debug_macro   0x0001ce2b       0x61 ./Core/Src/main.o
 .debug_macro   0x0001ce8c       0x2a ./Core/Src/main.o
 .debug_macro   0x0001ceb6       0x43 ./Core/Src/main.o
 .debug_macro   0x0001cef9       0x34 ./Core/Src/main.o
 .debug_macro   0x0001cf2d       0x16 ./Core/Src/main.o
 .debug_macro   0x0001cf43       0x43 ./Core/Src/main.o
 .debug_macro   0x0001cf86       0x34 ./Core/Src/main.o
 .debug_macro   0x0001cfba       0x10 ./Core/Src/main.o
 .debug_macro   0x0001cfca       0x58 ./Core/Src/main.o
 .debug_macro   0x0001d022       0x8e ./Core/Src/main.o
 .debug_macro   0x0001d0b0       0x1c ./Core/Src/main.o
 .debug_macro   0x0001d0cc      0x177 ./Core/Src/main.o
 .debug_macro   0x0001d243      0x369 ./Core/Src/main.o
 .debug_macro   0x0001d5ac      0x19b ./Core/Src/main.o
 .debug_macro   0x0001d747      0x1f0 ./Core/Src/stm32f3xx_hal_msp.o
 .debug_macro   0x0001d937      0x1fa ./Core/Src/stm32f3xx_it.o
 .debug_macro   0x0001db31      0x1e6 ./Core/Src/system_stm32f3xx.o
 .debug_macro   0x0001dd17      0x1fa ./Core/Src/tim.o
 .debug_macro   0x0001df11      0x20a ./Drivers/STM32F3xx_HAL_Driver/Src/stm32f3xx_hal.o
 .debug_macro   0x0001e11b      0x1e7 ./Drivers/STM32F3xx_HAL_Driver/Src/stm32f3xx_hal_adc.o
 .debug_macro   0x0001e302      0x210 ./Drivers/STM32F3xx_HAL_Driver/Src/stm32f3xx_hal_adc_ex.o
 .debug_macro   0x0001e512      0x1f5 ./Drivers/STM32F3xx_HAL_Driver/Src/stm32f3xx_hal_can.o
 .debug_macro   0x0001e707      0x1e6 ./Drivers/STM32F3xx_HAL_Driver/Src/stm32f3xx_hal_cortex.o
 .debug_macro   0x0001e8ed      0x1e6 ./Drivers/STM32F3xx_HAL_Driver/Src/stm32f3xx_hal_dma.o
 .debug_macro   0x0001ead3      0x1ed ./Drivers/STM32F3xx_HAL_Driver/Src/stm32f3xx_hal_gpio.o
 .debug_macro   0x0001ecc0      0x2b2 ./Drivers/STM32F3xx_HAL_Driver/Src/stm32f3xx_hal_i2c.o
 .debug_macro   0x0001ef72      0x1e6 ./Drivers/STM32F3xx_HAL_Driver/Src/stm32f3xx_hal_i2c_ex.o
 .debug_macro   0x0001f158      0x20a ./Drivers/STM32F3xx_HAL_Driver/Src/stm32f3xx_hal_rcc.o
 .debug_macro   0x0001f362      0x1e6 ./Drivers/STM32F3xx_HAL_Driver/Src/stm32f3xx_hal_rcc_ex.o
 .debug_macro   0x0001f548      0x1e7 ./Drivers/STM32F3xx_HAL_Driver/Src/stm32f3xx_hal_tim.o
 .debug_macro   0x0001f72f      0x1e6 ./Drivers/STM32F3xx_HAL_Driver/Src/stm32f3xx_hal_tim_ex.o
 .debug_macro   0x0001f915      0x2a1 ./Tupã®/Contador.o
 .debug_macro   0x0001fbb6      0x2af ./Tupã®/cant.o
 .debug_macro   0x0001fe65      0x11d ./Tupã®/terms.o

.debug_line     0x00000000    0x19fc5
 .debug_line    0x00000000      0x85c ./Core/Src/adc.o
 .debug_line    0x0000085c      0x802 ./Core/Src/can.o
 .debug_line    0x0000105e      0x78a ./Core/Src/dma.o
 .debug_line    0x000017e8      0x7a8 ./Core/Src/gpio.o
 .debug_line    0x00001f90      0x80b ./Core/Src/i2c.o
 .debug_line    0x0000279b      0xa2d ./Core/Src/main.o
 .debug_line    0x000031c8      0x78f ./Core/Src/stm32f3xx_hal_msp.o
 .debug_line    0x00003957      0x8f9 ./Core/Src/stm32f3xx_it.o
 .debug_line    0x00004250      0x808 ./Core/Src/system_stm32f3xx.o
 .debug_line    0x00004a58      0x999 ./Core/Src/tim.o
 .debug_line    0x000053f1       0x7a ./Core/Startup/startup_stm32f303vctx.o
 .debug_line    0x0000546b      0xa40 ./Drivers/STM32F3xx_HAL_Driver/Src/stm32f3xx_hal.o
 .debug_line    0x00005eab      0x97e ./Drivers/STM32F3xx_HAL_Driver/Src/stm32f3xx_hal_adc.o
 .debug_line    0x00006829     0x27ac ./Drivers/STM32F3xx_HAL_Driver/Src/stm32f3xx_hal_adc_ex.o
 .debug_line    0x00008fd5     0x121a ./Drivers/STM32F3xx_HAL_Driver/Src/stm32f3xx_hal_can.o
 .debug_line    0x0000a1ef      0xd2d ./Drivers/STM32F3xx_HAL_Driver/Src/stm32f3xx_hal_cortex.o
 .debug_line    0x0000af1c      0xd4e ./Drivers/STM32F3xx_HAL_Driver/Src/stm32f3xx_hal_dma.o
 .debug_line    0x0000bc6a      0xbb7 ./Drivers/STM32F3xx_HAL_Driver/Src/stm32f3xx_hal_gpio.o
 .debug_line    0x0000c821     0x3ab7 ./Drivers/STM32F3xx_HAL_Driver/Src/stm32f3xx_hal_i2c.o
 .debug_line    0x000102d8      0x9ac ./Drivers/STM32F3xx_HAL_Driver/Src/stm32f3xx_hal_i2c_ex.o
 .debug_line    0x00010c84     0x13d4 ./Drivers/STM32F3xx_HAL_Driver/Src/stm32f3xx_hal_rcc.o
 .debug_line    0x00012058      0xd8e ./Drivers/STM32F3xx_HAL_Driver/Src/stm32f3xx_hal_rcc_ex.o
 .debug_line    0x00012de6     0x3e38 ./Drivers/STM32F3xx_HAL_Driver/Src/stm32f3xx_hal_tim.o
 .debug_line    0x00016c1e     0x1b1a ./Drivers/STM32F3xx_HAL_Driver/Src/stm32f3xx_hal_tim_ex.o
 .debug_line    0x00018738      0x96b ./Tupã®/Contador.o
 .debug_line    0x000190a3      0x9d6 ./Tupã®/cant.o
 .debug_line    0x00019a79      0x54c ./Tupã®/terms.o

.debug_str      0x00000000    0xbeaef
 .debug_str     0x00000000    0xb5fbf ./Core/Src/adc.o
                              0xb673c (size before relaxing)
 .debug_str     0x000b5fbf      0x5d4 ./Core/Src/can.o
                              0xb6980 (size before relaxing)
 .debug_str     0x000b6593       0x29 ./Core/Src/dma.o
                              0xb65b6 (size before relaxing)
 .debug_str     0x000b65bc       0x68 ./Core/Src/gpio.o
                              0xb6220 (size before relaxing)
 .debug_str     0x000b6624      0x297 ./Core/Src/i2c.o
                              0xb671d (size before relaxing)
 .debug_str     0x000b68bb     0x3f80 ./Core/Src/main.o
                              0xba840 (size before relaxing)
 .debug_str     0x000ba83b       0x2c ./Core/Src/stm32f3xx_hal_msp.o
                              0xb6155 (size before relaxing)
 .debug_str     0x000ba867      0x15e ./Core/Src/stm32f3xx_it.o
                              0xb69d0 (size before relaxing)
 .debug_str     0x000ba9c5       0xdf ./Core/Src/system_stm32f3xx.o
                              0xb6213 (size before relaxing)
 .debug_str     0x000baaa4      0x1c9 ./Core/Src/tim.o
                              0xb6de4 (size before relaxing)
 .debug_str     0x000bac6d       0x44 ./Core/Startup/startup_stm32f303vctx.o
                                 0x82 (size before relaxing)
 .debug_str     0x000bacb1      0x3a1 ./Drivers/STM32F3xx_HAL_Driver/Src/stm32f3xx_hal.o
                              0xb6a51 (size before relaxing)
 .debug_str     0x000bb052      0x1fa ./Drivers/STM32F3xx_HAL_Driver/Src/stm32f3xx_hal_adc.o
                              0xb6800 (size before relaxing)
 .debug_str     0x000bb24c      0x727 ./Drivers/STM32F3xx_HAL_Driver/Src/stm32f3xx_hal_adc_ex.o
                              0xb6f19 (size before relaxing)
 .debug_str     0x000bb973      0x569 ./Drivers/STM32F3xx_HAL_Driver/Src/stm32f3xx_hal_can.o
                              0xb69a2 (size before relaxing)
 .debug_str     0x000bbedc      0x358 ./Drivers/STM32F3xx_HAL_Driver/Src/stm32f3xx_hal_cortex.o
                              0xb6ad5 (size before relaxing)
 .debug_str     0x000bc234      0x1ff ./Drivers/STM32F3xx_HAL_Driver/Src/stm32f3xx_hal_dma.o
                              0xb655b (size before relaxing)
 .debug_str     0x000bc433      0x118 ./Drivers/STM32F3xx_HAL_Driver/Src/stm32f3xx_hal_gpio.o
                              0xb6380 (size before relaxing)
 .debug_str     0x000bc54b      0xe43 ./Drivers/STM32F3xx_HAL_Driver/Src/stm32f3xx_hal_i2c.o
                              0xb7513 (size before relaxing)
 .debug_str     0x000bd38e       0xb8 ./Drivers/STM32F3xx_HAL_Driver/Src/stm32f3xx_hal_i2c_ex.o
                              0xb670a (size before relaxing)
 .debug_str     0x000bd446      0x2b8 ./Drivers/STM32F3xx_HAL_Driver/Src/stm32f3xx_hal_rcc.o
                              0xb66b3 (size before relaxing)
 .debug_str     0x000bd6fe       0xbe ./Drivers/STM32F3xx_HAL_Driver/Src/stm32f3xx_hal_rcc_ex.o
                              0xb6477 (size before relaxing)
 .debug_str     0x000bd7bc      0xd57 ./Drivers/STM32F3xx_HAL_Driver/Src/stm32f3xx_hal_tim.o
                              0xb764a (size before relaxing)
 .debug_str     0x000be513      0x4dc ./Drivers/STM32F3xx_HAL_Driver/Src/stm32f3xx_hal_tim_ex.o
                              0xb6e90 (size before relaxing)
 .debug_str     0x000be9ef       0x8c ./Tupã®/Contador.o
                              0xb9fc5 (size before relaxing)
 .debug_str     0x000bea7b       0x61 ./Tupã®/cant.o
                              0xb9df1 (size before relaxing)
 .debug_str     0x000beadc       0x13 ./Tupã®/terms.o
                               0x7997 (size before relaxing)

.comment        0x00000000       0x43
 .comment       0x00000000       0x43 ./Core/Src/adc.o
                                 0x44 (size before relaxing)
 .comment       0x00000043       0x44 ./Core/Src/can.o
 .comment       0x00000043       0x44 ./Core/Src/dma.o
 .comment       0x00000043       0x44 ./Core/Src/gpio.o
 .comment       0x00000043       0x44 ./Core/Src/i2c.o
 .comment       0x00000043       0x44 ./Core/Src/main.o
 .comment       0x00000043       0x44 ./Core/Src/stm32f3xx_hal_msp.o
 .comment       0x00000043       0x44 ./Core/Src/stm32f3xx_it.o
 .comment       0x00000043       0x44 ./Core/Src/system_stm32f3xx.o
 .comment       0x00000043       0x44 ./Core/Src/tim.o
 .comment       0x00000043       0x44 ./Drivers/STM32F3xx_HAL_Driver/Src/stm32f3xx_hal.o
 .comment       0x00000043       0x44 ./Drivers/STM32F3xx_HAL_Driver/Src/stm32f3xx_hal_adc.o
 .comment       0x00000043       0x44 ./Drivers/STM32F3xx_HAL_Driver/Src/stm32f3xx_hal_adc_ex.o
 .comment       0x00000043       0x44 ./Drivers/STM32F3xx_HAL_Driver/Src/stm32f3xx_hal_can.o
 .comment       0x00000043       0x44 ./Drivers/STM32F3xx_HAL_Driver/Src/stm32f3xx_hal_cortex.o
 .comment       0x00000043       0x44 ./Drivers/STM32F3xx_HAL_Driver/Src/stm32f3xx_hal_dma.o
 .comment       0x00000043       0x44 ./Drivers/STM32F3xx_HAL_Driver/Src/stm32f3xx_hal_gpio.o
 .comment       0x00000043       0x44 ./Drivers/STM32F3xx_HAL_Driver/Src/stm32f3xx_hal_i2c.o
 .comment       0x00000043       0x44 ./Drivers/STM32F3xx_HAL_Driver/Src/stm32f3xx_hal_i2c_ex.o
 .comment       0x00000043       0x44 ./Drivers/STM32F3xx_HAL_Driver/Src/stm32f3xx_hal_rcc.o
 .comment       0x00000043       0x44 ./Drivers/STM32F3xx_HAL_Driver/Src/stm32f3xx_hal_rcc_ex.o
 .comment       0x00000043       0x44 ./Drivers/STM32F3xx_HAL_Driver/Src/stm32f3xx_hal_tim.o
 .comment       0x00000043       0x44 ./Drivers/STM32F3xx_HAL_Driver/Src/stm32f3xx_hal_tim_ex.o
 .comment       0x00000043       0x44 ./Tupã®/Contador.o
 .comment       0x00000043       0x44 ./Tupã®/cant.o
 .comment       0x00000043       0x44 ./Tupã®/terms.o

.debug_frame    0x00000000     0x4ba0
 .debug_frame   0x00000000       0x7c ./Core/Src/adc.o
 .debug_frame   0x0000007c       0x74 ./Core/Src/can.o
 .debug_frame   0x000000f0       0x34 ./Core/Src/dma.o
 .debug_frame   0x00000124       0x34 ./Core/Src/gpio.o
 .debug_frame   0x00000158       0x74 ./Core/Src/i2c.o
 .debug_frame   0x000001cc       0x90 ./Core/Src/main.o
 .debug_frame   0x0000025c       0x38 ./Core/Src/stm32f3xx_hal_msp.o
 .debug_frame   0x00000294      0x1c8 ./Core/Src/stm32f3xx_it.o
 .debug_frame   0x0000045c       0x58 ./Core/Src/system_stm32f3xx.o
 .debug_frame   0x000004b4      0x130 ./Core/Src/tim.o
 .debug_frame   0x000005e4      0x334 ./Drivers/STM32F3xx_HAL_Driver/Src/stm32f3xx_hal.o
 .debug_frame   0x00000918      0x380 ./Drivers/STM32F3xx_HAL_Driver/Src/stm32f3xx_hal_adc.o
 .debug_frame   0x00000c98      0x644 ./Drivers/STM32F3xx_HAL_Driver/Src/stm32f3xx_hal_adc_ex.o
 .debug_frame   0x000012dc      0x5a0 ./Drivers/STM32F3xx_HAL_Driver/Src/stm32f3xx_hal_can.o
 .debug_frame   0x0000187c      0x4e8 ./Drivers/STM32F3xx_HAL_Driver/Src/stm32f3xx_hal_cortex.o
 .debug_frame   0x00001d64      0x224 ./Drivers/STM32F3xx_HAL_Driver/Src/stm32f3xx_hal_dma.o
 .debug_frame   0x00001f88      0x14c ./Drivers/STM32F3xx_HAL_Driver/Src/stm32f3xx_hal_gpio.o
 .debug_frame   0x000020d4      0xc38 ./Drivers/STM32F3xx_HAL_Driver/Src/stm32f3xx_hal_i2c.o
 .debug_frame   0x00002d0c      0x100 ./Drivers/STM32F3xx_HAL_Driver/Src/stm32f3xx_hal_i2c_ex.o
 .debug_frame   0x00002e0c      0x214 ./Drivers/STM32F3xx_HAL_Driver/Src/stm32f3xx_hal_rcc.o
 .debug_frame   0x00003020       0xb0 ./Drivers/STM32F3xx_HAL_Driver/Src/stm32f3xx_hal_rcc_ex.o
 .debug_frame   0x000030d0     0x1218 ./Drivers/STM32F3xx_HAL_Driver/Src/stm32f3xx_hal_tim.o
 .debug_frame   0x000042e8      0x688 ./Drivers/STM32F3xx_HAL_Driver/Src/stm32f3xx_hal_tim_ex.o
 .debug_frame   0x00004970       0x50 ./Tupã®/Contador.o
 .debug_frame   0x000049c0       0x74 ./Tupã®/cant.o
 .debug_frame   0x00004a34       0x20 C:/ST/STM32CubeIDE_1.16.0/STM32CubeIDE/plugins/com.st.stm32cube.ide.mcu.externaltools.gnu-tools-for-stm32.12.3.rel1.win32_1.0.200.202406191623/tools/bin/../lib/gcc/arm-none-eabi/12.3.1/../../../../arm-none-eabi/lib/thumb/v7e-m+fp/hard\libc_nano.a(libc_a-memset.o)
 .debug_frame   0x00004a54       0x2c C:/ST/STM32CubeIDE_1.16.0/STM32CubeIDE/plugins/com.st.stm32cube.ide.mcu.externaltools.gnu-tools-for-stm32.12.3.rel1.win32_1.0.200.202406191623/tools/bin/../lib/gcc/arm-none-eabi/12.3.1/../../../../arm-none-eabi/lib/thumb/v7e-m+fp/hard\libc_nano.a(libc_a-init.o)
 .debug_frame   0x00004a80       0xac C:/ST/STM32CubeIDE_1.16.0/STM32CubeIDE/plugins/com.st.stm32cube.ide.mcu.externaltools.gnu-tools-for-stm32.12.3.rel1.win32_1.0.200.202406191623/tools/bin/../lib/gcc/arm-none-eabi/12.3.1/thumb/v7e-m+fp/hard\libgcc.a(_arm_addsubdf3.o)
 .debug_frame   0x00004b2c       0x50 C:/ST/STM32CubeIDE_1.16.0/STM32CubeIDE/plugins/com.st.stm32cube.ide.mcu.externaltools.gnu-tools-for-stm32.12.3.rel1.win32_1.0.200.202406191623/tools/bin/../lib/gcc/arm-none-eabi/12.3.1/thumb/v7e-m+fp/hard\libgcc.a(_arm_muldivdf3.o)
 .debug_frame   0x00004b7c       0x24 C:/ST/STM32CubeIDE_1.16.0/STM32CubeIDE/plugins/com.st.stm32cube.ide.mcu.externaltools.gnu-tools-for-stm32.12.3.rel1.win32_1.0.200.202406191623/tools/bin/../lib/gcc/arm-none-eabi/12.3.1/thumb/v7e-m+fp/hard\libgcc.a(_arm_fixunsdfsi.o)

.debug_line_str
                0x00000000       0x66
 .debug_line_str
                0x00000000       0x66 ./Core/Startup/startup_stm32f303vctx.o
