Archive member included to satisfy reference by file (symbol)

C:/ST/STM32CubeIDE_1.16.0/STM32CubeIDE/plugins/com.st.stm32cube.ide.mcu.externaltools.gnu-tools-for-stm32.12.3.rel1.win32_1.0.200.202406191623/tools/bin/../lib/gcc/arm-none-eabi/12.3.1/../../../../arm-none-eabi/lib/thumb/v7-m/nofp\libc_nano.a(libc_a-exit.o)
                              C:/ST/STM32CubeIDE_1.16.0/STM32CubeIDE/plugins/com.st.stm32cube.ide.mcu.externaltools.gnu-tools-for-stm32.12.3.rel1.win32_1.0.200.202406191623/tools/bin/../lib/gcc/arm-none-eabi/12.3.1/../../../../arm-none-eabi/lib/thumb/v7-m/nofp/crt0.o (exit)
C:/ST/STM32CubeIDE_1.16.0/STM32CubeIDE/plugins/com.st.stm32cube.ide.mcu.externaltools.gnu-tools-for-stm32.12.3.rel1.win32_1.0.200.202406191623/tools/bin/../lib/gcc/arm-none-eabi/12.3.1/../../../../arm-none-eabi/lib/thumb/v7-m/nofp\libc_nano.a(libc_a-findfp.o)
                              C:/ST/STM32CubeIDE_1.16.0/STM32CubeIDE/plugins/com.st.stm32cube.ide.mcu.externaltools.gnu-tools-for-stm32.12.3.rel1.win32_1.0.200.202406191623/tools/bin/../lib/gcc/arm-none-eabi/12.3.1/../../../../arm-none-eabi/lib/thumb/v7-m/nofp\libc_nano.a(libc_a-exit.o) (__stdio_exit_handler)
C:/ST/STM32CubeIDE_1.16.0/STM32CubeIDE/plugins/com.st.stm32cube.ide.mcu.externaltools.gnu-tools-for-stm32.12.3.rel1.win32_1.0.200.202406191623/tools/bin/../lib/gcc/arm-none-eabi/12.3.1/../../../../arm-none-eabi/lib/thumb/v7-m/nofp\libc_nano.a(libc_a-fwalk.o)
                              C:/ST/STM32CubeIDE_1.16.0/STM32CubeIDE/plugins/com.st.stm32cube.ide.mcu.externaltools.gnu-tools-for-stm32.12.3.rel1.win32_1.0.200.202406191623/tools/bin/../lib/gcc/arm-none-eabi/12.3.1/../../../../arm-none-eabi/lib/thumb/v7-m/nofp\libc_nano.a(libc_a-findfp.o) (_fwalk_sglue)
C:/ST/STM32CubeIDE_1.16.0/STM32CubeIDE/plugins/com.st.stm32cube.ide.mcu.externaltools.gnu-tools-for-stm32.12.3.rel1.win32_1.0.200.202406191623/tools/bin/../lib/gcc/arm-none-eabi/12.3.1/../../../../arm-none-eabi/lib/thumb/v7-m/nofp\libc_nano.a(libc_a-stdio.o)
                              C:/ST/STM32CubeIDE_1.16.0/STM32CubeIDE/plugins/com.st.stm32cube.ide.mcu.externaltools.gnu-tools-for-stm32.12.3.rel1.win32_1.0.200.202406191623/tools/bin/../lib/gcc/arm-none-eabi/12.3.1/../../../../arm-none-eabi/lib/thumb/v7-m/nofp\libc_nano.a(libc_a-findfp.o) (__sread)
C:/ST/STM32CubeIDE_1.16.0/STM32CubeIDE/plugins/com.st.stm32cube.ide.mcu.externaltools.gnu-tools-for-stm32.12.3.rel1.win32_1.0.200.202406191623/tools/bin/../lib/gcc/arm-none-eabi/12.3.1/../../../../arm-none-eabi/lib/thumb/v7-m/nofp\libc_nano.a(libc_a-memset.o)
                              C:/ST/STM32CubeIDE_1.16.0/STM32CubeIDE/plugins/com.st.stm32cube.ide.mcu.externaltools.gnu-tools-for-stm32.12.3.rel1.win32_1.0.200.202406191623/tools/bin/../lib/gcc/arm-none-eabi/12.3.1/../../../../arm-none-eabi/lib/thumb/v7-m/nofp/crt0.o (memset)
C:/ST/STM32CubeIDE_1.16.0/STM32CubeIDE/plugins/com.st.stm32cube.ide.mcu.externaltools.gnu-tools-for-stm32.12.3.rel1.win32_1.0.200.202406191623/tools/bin/../lib/gcc/arm-none-eabi/12.3.1/../../../../arm-none-eabi/lib/thumb/v7-m/nofp\libc_nano.a(libc_a-closer.o)
                              C:/ST/STM32CubeIDE_1.16.0/STM32CubeIDE/plugins/com.st.stm32cube.ide.mcu.externaltools.gnu-tools-for-stm32.12.3.rel1.win32_1.0.200.202406191623/tools/bin/../lib/gcc/arm-none-eabi/12.3.1/../../../../arm-none-eabi/lib/thumb/v7-m/nofp\libc_nano.a(libc_a-stdio.o) (_close_r)
C:/ST/STM32CubeIDE_1.16.0/STM32CubeIDE/plugins/com.st.stm32cube.ide.mcu.externaltools.gnu-tools-for-stm32.12.3.rel1.win32_1.0.200.202406191623/tools/bin/../lib/gcc/arm-none-eabi/12.3.1/../../../../arm-none-eabi/lib/thumb/v7-m/nofp\libc_nano.a(libc_a-reent.o)
                              C:/ST/STM32CubeIDE_1.16.0/STM32CubeIDE/plugins/com.st.stm32cube.ide.mcu.externaltools.gnu-tools-for-stm32.12.3.rel1.win32_1.0.200.202406191623/tools/bin/../lib/gcc/arm-none-eabi/12.3.1/../../../../arm-none-eabi/lib/thumb/v7-m/nofp\libc_nano.a(libc_a-closer.o) (errno)
C:/ST/STM32CubeIDE_1.16.0/STM32CubeIDE/plugins/com.st.stm32cube.ide.mcu.externaltools.gnu-tools-for-stm32.12.3.rel1.win32_1.0.200.202406191623/tools/bin/../lib/gcc/arm-none-eabi/12.3.1/../../../../arm-none-eabi/lib/thumb/v7-m/nofp\libc_nano.a(libc_a-impure.o)
                              C:/ST/STM32CubeIDE_1.16.0/STM32CubeIDE/plugins/com.st.stm32cube.ide.mcu.externaltools.gnu-tools-for-stm32.12.3.rel1.win32_1.0.200.202406191623/tools/bin/../lib/gcc/arm-none-eabi/12.3.1/../../../../arm-none-eabi/lib/thumb/v7-m/nofp\libc_nano.a(libc_a-reent.o) (_impure_ptr)
C:/ST/STM32CubeIDE_1.16.0/STM32CubeIDE/plugins/com.st.stm32cube.ide.mcu.externaltools.gnu-tools-for-stm32.12.3.rel1.win32_1.0.200.202406191623/tools/bin/../lib/gcc/arm-none-eabi/12.3.1/../../../../arm-none-eabi/lib/thumb/v7-m/nofp\libc_nano.a(libc_a-lseekr.o)
[...]
Memory Configuration

Name             Origin             Length             Attributes
RAM              0x20000000         0x00005000         xrw
FLASH            0x08000000         0x00010000         xr
*default*        0x00000000         0xffffffff

Linker script and memory map

LOAD C:/ST/STM32CubeIDE_1.16.0/STM32CubeIDE/plugins/com.st.stm32cube.ide.mcu.externaltools.gnu-tools-for-stm32.12.3.rel1.win32_1.0.200.202406191623/tools/bin/../lib/gcc/arm-none-eabi/12.3.1/thumb/v7-m/nofp/crti.o
LOAD C:/ST/STM32CubeIDE_1.16.0/STM32CubeIDE/plugins/com.st.stm32cube.ide.mcu.externaltools.gnu-tools-for-stm32.12.3.rel1.win32_1.0.200.202406191623/tools/bin/../lib/gcc/arm-none-eabi/12.3.1/thumb/v7-m/nofp/crtbegin.o
LOAD C:/ST/STM32CubeIDE_1.16.0/STM32CubeIDE/plugins/com.st.stm32cube.ide.mcu.externaltools.gnu-tools-for-stm32.12.3.rel1.win32_1.0.200.202406191623/tools/bin/../lib/gcc/arm-none-eabi/12.3.1/../../../../arm-none-eabi/lib/thumb/v7-m/nofp/crt0.o
LOAD ./Core/Src/adc.o
LOAD ./Core/Src/can.o
LOAD ./Core/Src/dma.o
LOAD ./Core/Src/gpio.o
LOAD ./Core/Src/main.o
LOAD ./Core/Src/stm32f1xx_hal_msp.o
LOAD ./Core/Src/stm32f1xx_it.o
LOAD ./Core/Src/syscalls.o
LOAD ./Core/Src/sysmem.o
LOAD ./Core/Src/system_stm32f1xx.o
LOAD ./Core/Src/tim.o
LOAD ./Core/Startup/startup_stm32f103c8tx.o
LOAD ./Drivers/STM32F1xx_HAL_Driver/Src/stm32f1xx_hal.o
LOAD ./Drivers/STM32F1xx_HAL_Driver/Src/stm32f1xx_hal_adc.o
LOAD ./Drivers/STM32F1xx_HAL_Driver/Src/stm32f1xx_hal_adc_ex.o
LOAD ./Drivers/STM32F1xx_HAL_Driver/Src/stm32f1xx_hal_can.o
LOAD ./Drivers/STM32F1xx_HAL_Driver/Src/stm32f1xx_hal_cortex.o
LOAD ./Drivers/STM32F1xx_HAL_Driver/Src/stm32f1xx_hal_dma.o
LOAD ./Drivers/STM32F1xx_HAL_Driver/Src/stm32f1xx_hal_exti.o
LOAD ./Drivers/STM32F1xx_HAL_Driver/Src/stm32f1xx_hal_flash.o
LOAD ./Drivers/STM32F1xx_HAL_Driver/Src/stm32f1xx_hal_flash_ex.o
LOAD ./Drivers/STM32F1xx_HAL_Driver/Src/stm32f1xx_hal_gpio.o
LOAD ./Drivers/STM32F1xx_HAL_Driver/Src/stm32f1xx_hal_gpio_ex.o
LOAD ./Drivers/STM32F1xx_HAL_Driver/Src/stm32f1xx_hal_pwr.o
LOAD ./Drivers/STM32F1xx_HAL_Driver/Src/stm32f1xx_hal_rcc.o
LOAD ./Drivers/STM32F1xx_HAL_Driver/Src/stm32f1xx_hal_rcc_ex.o
LOAD ./Drivers/STM32F1xx_HAL_Driver/Src/stm32f1xx_hal_tim.o
LOAD ./Drivers/STM32F1xx_HAL_Driver/Src/stm32f1xx_hal_tim_ex.o
LOAD ./Tupã®/APPS.o
LOAD ./Tupã®/BPPC.o
LOAD ./Tupã®/BSE.o
LOAD ./Tupã®/Volante.o
LOAD ./Tupã®/botão.o
LOAD ./Tupã®/cant.o
START GROUP
LOAD C:/ST/STM32CubeIDE_1.16.0/STM32CubeIDE/plugins/com.st.stm32cube.ide.mcu.externaltools.gnu-tools-for-stm32.12.3.rel1.win32_1.0.200.202406191623/tools/bin/../lib/gcc/arm-none-eabi/12.3.1/../../../../arm-none-eabi/lib/thumb/v7-m/nofp\libc_nano.a
LOAD C:/ST/STM32CubeIDE_1.16.0/STM32CubeIDE/plugins/com.st.stm32cube.ide.mcu.externaltools.gnu-tools-for-stm32.12.3.rel1.win32_1.0.200.202406191623/tools/bin/../lib/gcc/arm-none-eabi/12.3.1/../../../../arm-none-eabi/lib/thumb/v7-m/nofp\libm.a
END GROUP
START GROUP
LOAD C:/ST/STM32CubeIDE_1.16.0/STM32CubeIDE/plugins/com.st.stm32cube.ide.mcu.externaltools.gnu-tools-for-stm32.12.3.rel1.win32_1.0.200.202406191623/tools/bin/../lib/gcc/arm-none-eabi/12.3.1/thumb/v7-m/nofp\libgcc.a
LOAD C:/ST/STM32CubeIDE_1.16.0/STM32CubeIDE/plugins/com.st.stm32cube.ide.mcu.externaltools.gnu-tools-for-stm32.12.3.rel1.win32_1.0.200.202406191623/tools/bin/../lib/gcc/arm-none-eabi/12.3.1/../../../../arm-none-eabi/lib/thumb/v7-m/nofp\libc_nano.a
END GROUP
START GROUP
LOAD C:/ST/STM32CubeIDE_1.16.0/STM32CubeIDE/plugins/com.st.stm32cube.ide.mcu.externaltools.gnu-tools-for-stm32.12.3.rel1.win32_1.0.200.202406191623/tools/bin/../lib/gcc/arm-none-eabi/12.3.1/thumb/v7-m/nofp\libgcc.a
LOAD C:/ST/STM32CubeIDE_1.16.0/STM32CubeIDE/plugins/com.st.stm32cube.ide.mcu.externaltools.gnu-tools-for-stm32.12.3.rel1.win32_1.0.200.202406191623/tools/bin/../lib/gcc/arm-none-eabi/12.3.1/../../../../arm-none-eabi/lib/thumb/v7-m/nofp\libc_nano.a
LOAD C:/ST/STM32CubeIDE_1.16.0/STM32CubeIDE/plugins/com.st.stm32cube.ide.mcu.externaltools.gnu-tools-for-stm32.12.3.rel1.win32_1.0.200.202406191623/tools/bin/../lib/gcc/arm-none-eabi/12.3.1/../../../../arm-none-eabi/lib/thumb/v7-m/nofp\libnosys.a
END GROUP
START GROUP
LOAD C:/ST/STM32CubeIDE_1.16.0/STM32CubeIDE/plugins/com.st.stm32cube.ide.mcu.externaltools.gnu-tools-for-stm32.12.3.rel1.win32_1.0.200.202406191623/tools/bin/../lib/gcc/arm-none-eabi/12.3.1/thumb/v7-m/nofp\libgcc.a
LOAD C:/ST/STM32CubeIDE_1.16.0/STM32CubeIDE/plugins/com.st.stm32cube.ide.mcu.externaltools.gnu-tools-for-stm32.12.3.rel1.win32_1.0.200.202406191623/tools/bin/../lib/gcc/arm-none-eabi/12.3.1/../../../../arm-none-eabi/lib/thumb/v7-m/nofp\libc_nano.a
LOAD C:/ST/STM32CubeIDE_1.16.0/STM32CubeIDE/plugins/com.st.stm32cube.ide.mcu.externaltools.gnu-tools-for-stm32.12.3.rel1.win32_1.0.200.202406191623/tools/bin/../lib/gcc/arm-none-eabi/12.3.1/../../../../arm-none-eabi/lib/thumb/v7-m/nofp\libnosys.a
END GROUP
LOAD C:/ST/STM32CubeIDE_1.16.0/STM32CubeIDE/plugins/com.st.stm32cube.ide.mcu.externaltools.gnu-tools-for-stm32.12.3.rel1.win32_1.0.200.202406191623/tools/bin/../lib/gcc/arm-none-eabi/12.3.1/thumb/v7-m/nofp/crtend.o
LOAD C:/ST/STM32CubeIDE_1.16.0/STM32CubeIDE/plugins/com.st.stm32cube.ide.mcu.externaltools.gnu-tools-for-stm32.12.3.rel1.win32_1.0.200.202406191623/tools/bin/../lib/gcc/arm-none-eabi/12.3.1/thumb/v7-m/nofp/crtn.o
                0x20005000                        _estack = (ORIGIN (RAM) + LENGTH (RAM))
                0x00000200                        _Min_Heap_Size = 0x200
                0x00000400                        _Min_Stack_Size = 0x400

.isr_vector     0x08000000      0x10c
                0x08000000                        . = ALIGN (0x4)
 *(.isr_vector)
 .isr_vector    0x08000000      0x10c ./Core/Startup/startup_stm32f103c8tx.o
                0x08000000                g_pfnVectors
                0x0800010c                        . = ALIGN (0x4)

.text           0x0800010c     0x4a94
                0x0800010c                        . = ALIGN (0x4)
 *(.text)
 .text          0x0800010c       0x40 C:/ST/STM32CubeIDE_1.16.0/STM32CubeIDE/plugins/com.st.stm32cube.ide.mcu.externaltools.gnu-tools-for-stm32.12.3.rel1.win32_1.0.200.202406191623/tools/bin/../lib/gcc/arm-none-eabi/12.3.1/thumb/v7-m/nofp/crtbegin.o
 .text          0x0800014c      0x378 C:/ST/STM32CubeIDE_1.16.0/STM32CubeIDE/plugins/com.st.stm32cube.ide.mcu.externaltools.gnu-tools-for-stm32.12.3.rel1.win32_1.0.200.202406191623/tools/bin/../lib/gcc/arm-none-eabi/12.3.1/thumb/v7-m/nofp\libgcc.a(_arm_addsubdf3.o)
                0x0800014c                __aeabi_drsub
                0x08000154                __aeabi_dsub
                0x08000154                __subdf3
                0x08000158                __aeabi_dadd
                0x08000158                __adddf3
                0x080003d0                __floatunsidf
                0x080003d0                __aeabi_ui2d
                0x080003f0                __floatsidf
                0x080003f0                __aeabi_i2d
                0x08000414                __aeabi_f2d
                0x08000414                __extendsfdf2
                0x08000458                __floatundidf
                0x08000458                __aeabi_ul2d
                0x08000468                __floatdidf
                0x08000468                __aeabi_l2d
 .text          0x080004c4      0x110 C:/ST/STM32CubeIDE_1.16.0/STM32CubeIDE/plugins/com.st.stm32cube.ide.mcu.externaltools.gnu-tools-for-stm32.12.3.rel1.win32_1.0.200.202406191623/tools/bin/../lib/gcc/arm-none-eabi/12.3.1/thumb/v7-m/nofp\libgcc.a(_arm_cmpdf2.o)
                0x080004c4                __gtdf2
                0x080004c4                __gedf2
                0x080004cc                __ltdf2
                0x080004cc                __ledf2
                0x080004d4                __nedf2
                0x080004d4                __eqdf2
                0x080004d4                __cmpdf2
                0x08000550                __aeabi_cdrcmple
                0x08000560                __aeabi_cdcmpeq
                0x08000560                __aeabi_cdcmple
                0x08000570                __aeabi_dcmpeq
                0x08000584                __aeabi_dcmplt
                0x08000598                __aeabi_dcmple
                0x080005ac                __aeabi_dcmpge
                0x080005c0                __aeabi_dcmpgt
 .text          0x080005d4      0x21c C:/ST/STM32CubeIDE_1.16.0/STM32CubeIDE/plugins/com.st.stm32cube.ide.mcu.externaltools.gnu-tools-for-stm32.12.3.rel1.win32_1.0.200.202406191623/tools/bin/../lib/gcc/arm-none-eabi/12.3.1/thumb/v7-m/nofp\libgcc.a(_arm_addsubsf3.o)
                0x080005d4                __aeabi_frsub
                0x080005dc                __subsf3
                0x080005dc                __aeabi_fsub
                0x080005e0                __aeabi_fadd
                0x080005e0                __addsf3
                0x08000740                __aeabi_ui2f
                0x08000740                __floatunsisf
                0x08000748                __aeabi_i2f
                0x08000748                __floatsisf
                0x08000764                __aeabi_ul2f
                0x08000764                __floatundisf
                0x08000774                __aeabi_l2f
                0x08000774                __floatdisf
 .text          0x080007f0      0x2a0 C:/ST/STM32CubeIDE_1.16.0/STM32CubeIDE/plugins/com.st.stm32cube.ide.mcu.externaltools.gnu-tools-for-stm32.12.3.rel1.win32_1.0.200.202406191623/tools/bin/../lib/gcc/arm-none-eabi/12.3.1/thumb/v7-m/nofp\libgcc.a(_arm_muldivsf3.o)
                0x080007f0                __mulsf3
                0x080007f0                __aeabi_fmul
                0x08000958                __aeabi_fdiv
                0x08000958                __divsf3
 .text          0x08000a90       0x4c C:/ST/STM32CubeIDE_1.16.0/STM32CubeIDE/plugins/com.st.stm32cube.ide.mcu.externaltools.gnu-tools-for-stm32.12.3.rel1.win32_1.0.200.202406191623/tools/bin/../lib/gcc/arm-none-eabi/12.3.1/thumb/v7-m/nofp\libgcc.a(_arm_fixsfsi.o)
                0x08000a90                __aeabi_f2iz
                0x08000a90                __fixsfsi
 .text          0x08000adc       0x40 C:/ST/STM32CubeIDE_1.16.0/STM32CubeIDE/plugins/com.st.stm32cube.ide.mcu.externaltools.gnu-tools-for-stm32.12.3.rel1.win32_1.0.200.202406191623/tools/bin/../lib/gcc/arm-none-eabi/12.3.1/thumb/v7-m/nofp\libgcc.a(_arm_fixunssfsi.o)
                0x08000adc                __fixunssfsi
                0x08000adc                __aeabi_f2uiz
 *(.text*)
 .text.MX_ADC1_Init
                0x08000b1c       0xf0 ./Core/Src/adc.o
                0x08000b1c                MX_ADC1_Init
 .text.HAL_ADC_MspInit
                0x08000c0c       0xd0 ./Core/Src/adc.o
                0x08000c0c                HAL_ADC_MspInit
 .text.MX_CAN_Init
                0x08000cdc       0x6c ./Core/Src/can.o
                0x08000cdc                MX_CAN_Init
 .text.HAL_CAN_MspInit
                0x08000d48       0xb8 ./Core/Src/can.o
                0x08000d48                HAL_CAN_MspInit
 .text.MX_DMA_Init
                0x08000e00       0x3c ./Core/Src/dma.o
                0x08000e00                MX_DMA_Init
 .text.MX_GPIO_Init
                0x08000e3c       0xac ./Core/Src/gpio.o
                0x08000e3c                MX_GPIO_Init
 .text.HAL_TIM_PeriodElapsedCallback
                0x08000ee8       0x50 ./Core/Src/main.o
                0x08000ee8                HAL_TIM_PeriodElapsedCallback
 .text.main     0x08000f38       0x6c ./Core/Src/main.o
                0x08000f38                main
 .text.SystemClock_Config
                0x08000fa4       0xb6 ./Core/Src/main.o
                0x08000fa4                SystemClock_Config
 .text.Error_Handler
                0x0800105a        0xc ./Core/Src/main.o
                0x0800105a                Error_Handler
 *fill*         0x08001066        0x2 
 .text.HAL_MspInit
                0x08001068       0x64 ./Core/Src/stm32f1xx_hal_msp.o
                0x08001068                HAL_MspInit
 .text.NMI_Handler
                0x080010cc        0x8 ./Core/Src/stm32f1xx_it.o
                0x080010cc                NMI_Handler
 .text.HardFault_Handler
                0x080010d4        0x8 ./Core/Src/stm32f1xx_it.o
                0x080010d4                HardFault_Handler
 .text.MemManage_Handler
                0x080010dc        0x8 ./Core/Src/stm32f1xx_it.o
                0x080010dc                MemManage_Handler
 .text.BusFault_Handler
                0x080010e4        0x8 ./Core/Src/stm32f1xx_it.o
                0x080010e4                BusFault_Handler
 .text.UsageFault_Handler
                0x080010ec        0x8 ./Core/Src/stm32f1xx_it.o
                0x080010ec                UsageFault_Handler
 .text.SVC_Handler
                0x080010f4        0xc ./Core/Src/stm32f1xx_it.o
                0x080010f4                SVC_Handler
 .text.DebugMon_Handler
                0x08001100        0xc ./Core/Src/stm32f1xx_it.o
                0x08001100                DebugMon_Handler
 .text.PendSV_Handler
                0x0800110c        0xc ./Core/Src/stm32f1xx_it.o
                0x0800110c                PendSV_Handler
 .text.SysTick_Handler
                0x08001118        0xc ./Core/Src/stm32f1xx_it.o
                0x08001118                SysTick_Handler
 .text.DMA1_Channel1_IRQHandler
                0x08001124       0x14 ./Core/Src/stm32f1xx_it.o
                0x08001124                DMA1_Channel1_IRQHandler
 .text.USB_LP_CAN1_RX0_IRQHandler
                0x08001138       0x14 ./Core/Src/stm32f1xx_it.o
                0x08001138                USB_LP_CAN1_RX0_IRQHandler
 .text.CAN1_RX1_IRQHandler
                0x0800114c       0x14 ./Core/Src/stm32f1xx_it.o
                0x0800114c                CAN1_RX1_IRQHandler
 .text.EXTI9_5_IRQHandler
                0x08001160       0x10 ./Core/Src/stm32f1xx_it.o
                0x08001160                EXTI9_5_IRQHandler
 .text.TIM1_BRK_IRQHandler
                0x08001170       0x14 ./Core/Src/stm32f1xx_it.o
                0x08001170                TIM1_BRK_IRQHandler
 .text.TIM1_UP_IRQHandler
                0x08001184       0x14 ./Core/Src/stm32f1xx_it.o
                0x08001184                TIM1_UP_IRQHandler
 .text.TIM3_IRQHandler
                0x08001198       0x14 ./Core/Src/stm32f1xx_it.o
                0x08001198                TIM3_IRQHandler
 .text.SystemInit
                0x080011ac        0xc ./Core/Src/system_stm32f1xx.o
                0x080011ac                SystemInit
 .text.MX_TIM1_Init
                0x080011b8       0xa4 ./Core/Src/tim.o
                0x080011b8                MX_TIM1_Init
 .text.MX_TIM3_Init
                0x0800125c       0x9c ./Core/Src/tim.o
                0x0800125c                MX_TIM3_Init
 .text.HAL_TIM_Base_MspInit
                0x080012f8       0x94 ./Core/Src/tim.o
                0x080012f8                HAL_TIM_Base_MspInit
 .text.Reset_Handler
                0x0800138c       0x48 ./Core/Startup/startup_stm32f103c8tx.o
                0x0800138c                Reset_Handler
 .text.Default_Handler
                0x080013d4        0x2 ./Core/Startup/startup_stm32f103c8tx.o
                0x080013d4                RTC_Alarm_IRQHandler
                0x080013d4                EXTI2_IRQHandler
                0x080013d4                TIM1_CC_IRQHandler
                0x080013d4                PVD_IRQHandler
                0x080013d4                EXTI3_IRQHandler
                0x080013d4                EXTI0_IRQHandler
                0x080013d4                I2C2_EV_IRQHandler
                0x080013d4                ADC1_2_IRQHandler
                0x080013d4                SPI1_IRQHandler
                0x080013d4                TAMPER_IRQHandler
                0x080013d4                DMA1_Channel4_IRQHandler
                0x080013d4                USART3_IRQHandler
                0x080013d4                RTC_IRQHandler
                0x080013d4                DMA1_Channel7_IRQHandler
                0x080013d4                TIM4_IRQHandler
                0x080013d4                I2C1_EV_IRQHandler
                0x080013d4                DMA1_Channel6_IRQHandler
                0x080013d4                RCC_IRQHandler
                0x080013d4                TIM1_TRG_COM_IRQHandler
                0x080013d4                Default_Handler
                0x080013d4                EXTI15_10_IRQHandler
                0x080013d4                SPI2_IRQHandler
                0x080013d4                DMA1_Channel5_IRQHandler
                0x080013d4                EXTI4_IRQHandler
                0x080013d4                USB_HP_CAN1_TX_IRQHandler
                0x080013d4                DMA1_Channel3_IRQHandler
                0x080013d4                WWDG_IRQHandler
                0x080013d4                TIM2_IRQHandler
                0x080013d4                EXTI1_IRQHandler
                0x080013d4                USART2_IRQHandler
                0x080013d4                I2C2_ER_IRQHandler
                0x080013d4                DMA1_Channel2_IRQHandler
                0x080013d4                CAN1_SCE_IRQHandler
                0x080013d4                FLASH_IRQHandler
                0x080013d4                USART1_IRQHandler
                0x080013d4                I2C1_ER_IRQHandler
                0x080013d4                USBWakeUp_IRQHandler
 *fill*         0x080013d6        0x2 
 .text.HAL_Init
                0x080013d8       0x2c ./Drivers/STM32F1xx_HAL_Driver/Src/stm32f1xx_hal.o
                0x080013d8                HAL_Init
 .text.HAL_InitTick
                0x08001404       0x60 ./Drivers/STM32F1xx_HAL_Driver/Src/stm32f1xx_hal.o
                0x08001404                HAL_InitTick
 .text.HAL_IncTick
                0x08001464       0x24 ./Drivers/STM32F1xx_HAL_Driver/Src/stm32f1xx_hal.o
                0x08001464                HAL_IncTick
 .text.HAL_GetTick
                0x08001488       0x14 ./Drivers/STM32F1xx_HAL_Driver/Src/stm32f1xx_hal.o
                0x08001488                HAL_GetTick
 .text.HAL_ADC_Init
                0x0800149c      0x1b0 ./Drivers/STM32F1xx_HAL_Driver/Src/stm32f1xx_hal_adc.o
                0x0800149c                HAL_ADC_Init
 .text.HAL_ADC_Start_DMA
                0x0800164c      0x1bc ./Drivers/STM32F1xx_HAL_Driver/Src/stm32f1xx_hal_adc.o
                0x0800164c                HAL_ADC_Start_DMA
 .text.HAL_ADC_ConvCpltCallback
                0x08001808       0x12 ./Drivers/STM32F1xx_HAL_Driver/Src/stm32f1xx_hal_adc.o
                0x08001808                HAL_ADC_ConvCpltCallback
 .text.HAL_ADC_ConvHalfCpltCallback
                0x0800181a       0x12 ./Drivers/STM32F1xx_HAL_Driver/Src/stm32f1xx_hal_adc.o
                0x0800181a                HAL_ADC_ConvHalfCpltCallback
 .text.HAL_ADC_ErrorCallback
                0x0800182c       0x12 ./Drivers/STM32F1xx_HAL_Driver/Src/stm32f1xx_hal_adc.o
                0x0800182c                HAL_ADC_ErrorCallback
 *fill*         0x0800183e        0x2 
 .text.HAL_ADC_ConfigChannel
                0x08001840      0x1f0 ./Drivers/STM32F1xx_HAL_Driver/Src/stm32f1xx_hal_adc.o
                0x08001840                HAL_ADC_ConfigChannel
 .text.ADC_Enable
                0x08001a30       0xb4 ./Drivers/STM32F1xx_HAL_Driver/Src/stm32f1xx_hal_adc.o
                0x08001a30                ADC_Enable
 .text.ADC_ConversionStop_Disable
                0x08001ae4       0x82 ./Drivers/STM32F1xx_HAL_Driver/Src/stm32f1xx_hal_adc.o
                0x08001ae4                ADC_ConversionStop_Disable
 .text.ADC_DMAConvCplt
                0x08001b66       0x7c ./Drivers/STM32F1xx_HAL_Driver/Src/stm32f1xx_hal_adc.o
                0x08001b66                ADC_DMAConvCplt
 .text.ADC_DMAHalfConvCplt
                0x08001be2       0x1c ./Drivers/STM32F1xx_HAL_Driver/Src/stm32f1xx_hal_adc.o
                0x08001be2                ADC_DMAHalfConvCplt
 .text.ADC_DMAError
                0x08001bfe       0x34 ./Drivers/STM32F1xx_HAL_Driver/Src/stm32f1xx_hal_adc.o
                0x08001bfe                ADC_DMAError
 .text.HAL_CAN_Init
                0x08001c32      0x1f6 ./Drivers/STM32F1xx_HAL_Driver/Src/stm32f1xx_hal_can.o
                0x08001c32                HAL_CAN_Init
 .text.HAL_CAN_Start
                0x08001e28       0x88 ./Drivers/STM32F1xx_HAL_Driver/Src/stm32f1xx_hal_can.o
                0x08001e28                HAL_CAN_Start
 .text.HAL_CAN_AddTxMessage
                0x08001eb0      0x19e ./Drivers/STM32F1xx_HAL_Driver/Src/stm32f1xx_hal_can.o
                0x08001eb0                HAL_CAN_AddTxMessage
 .text.HAL_CAN_IRQHandler
                0x0800204e      0x36e ./Drivers/STM32F1xx_HAL_Driver/Src/stm32f1xx_hal_can.o
                0x0800204e                HAL_CAN_IRQHandler
 .text.HAL_CAN_TxMailbox0CompleteCallback
                0x080023bc       0x12 ./Drivers/STM32F1xx_HAL_Driver/Src/stm32f1xx_hal_can.o
                0x080023bc                HAL_CAN_TxMailbox0CompleteCallback
 .text.HAL_CAN_TxMailbox1CompleteCallback
                0x080023ce       0x12 ./Drivers/STM32F1xx_HAL_Driver/Src/stm32f1xx_hal_can.o
                0x080023ce                HAL_CAN_TxMailbox1CompleteCallback
 .text.HAL_CAN_TxMailbox2CompleteCallback
                0x080023e0       0x12 ./Drivers/STM32F1xx_HAL_Driver/Src/stm32f1xx_hal_can.o
                0x080023e0                HAL_CAN_TxMailbox2CompleteCallback
 .text.HAL_CAN_TxMailbox0AbortCallback
                0x080023f2       0x12 ./Drivers/STM32F1xx_HAL_Driver/Src/stm32f1xx_hal_can.o
                0x080023f2                HAL_CAN_TxMailbox0AbortCallback
 .text.HAL_CAN_TxMailbox1AbortCallback
                0x08002404       0x12 ./Drivers/STM32F1xx_HAL_Driver/Src/stm32f1xx_hal_can.o
                0x08002404                HAL_CAN_TxMailbox1AbortCallback
 .text.HAL_CAN_TxMailbox2AbortCallback
                0x08002416       0x12 ./Drivers/STM32F1xx_HAL_Driver/Src/stm32f1xx_hal_can.o
                0x08002416                HAL_CAN_TxMailbox2AbortCallback
 .text.HAL_CAN_RxFifo0MsgPendingCallback
                0x08002428       0x12 ./Drivers/STM32F1xx_HAL_Driver/Src/stm32f1xx_hal_can.o
                0x08002428                HAL_CAN_RxFifo0MsgPendingCallback
 .text.HAL_CAN_RxFifo0FullCallback
                0x0800243a       0x12 ./Drivers/STM32F1xx_HAL_Driver/Src/stm32f1xx_hal_can.o
                0x0800243a                HAL_CAN_RxFifo0FullCallback
 .text.HAL_CAN_RxFifo1MsgPendingCallback
                0x0800244c       0x12 ./Drivers/STM32F1xx_HAL_Driver/Src/stm32f1xx_hal_can.o
                0x0800244c                HAL_CAN_RxFifo1MsgPendingCallback
 .text.HAL_CAN_RxFifo1FullCallback
                0x0800245e       0x12 ./Drivers/STM32F1xx_HAL_Driver/Src/stm32f1xx_hal_can.o
                0x0800245e                HAL_CAN_RxFifo1FullCallback
 .text.HAL_CAN_SleepCallback
                0x08002470       0x12 ./Drivers/STM32F1xx_HAL_Driver/Src/stm32f1xx_hal_can.o
                0x08002470                HAL_CAN_SleepCallback
 .text.HAL_CAN_WakeUpFromRxMsgCallback
                0x08002482       0x12 ./Drivers/STM32F1xx_HAL_Driver/Src/stm32f1xx_hal_can.o
                0x08002482                HAL_CAN_WakeUpFromRxMsgCallback
 .text.HAL_CAN_ErrorCallback
                0x08002494       0x12 ./Drivers/STM32F1xx_HAL_Driver/Src/stm32f1xx_hal_can.o
                0x08002494                HAL_CAN_ErrorCallback
 *fill*         0x080024a6        0x2 
 .text.__NVIC_SetPriorityGrouping
                0x080024a8       0x48 ./Drivers/STM32F1xx_HAL_Driver/Src/stm32f1xx_hal_cortex.o
 .text.__NVIC_GetPriorityGrouping
                0x080024f0       0x1c ./Drivers/STM32F1xx_HAL_Driver/Src/stm32f1xx_hal_cortex.o
 .text.__NVIC_EnableIRQ
                0x0800250c       0x38 ./Drivers/STM32F1xx_HAL_Driver/Src/stm32f1xx_hal_cortex.o
 .text.__NVIC_SetPriority
                0x08002544       0x54 ./Drivers/STM32F1xx_HAL_Driver/Src/stm32f1xx_hal_cortex.o
 .text.NVIC_EncodePriority
                0x08002598       0x64 ./Drivers/STM32F1xx_HAL_Driver/Src/stm32f1xx_hal_cortex.o
 .text.SysTick_Config
                0x080025fc       0x44 ./Drivers/STM32F1xx_HAL_Driver/Src/stm32f1xx_hal_cortex.o
 .text.HAL_NVIC_SetPriorityGrouping
                0x08002640       0x16 ./Drivers/STM32F1xx_HAL_Driver/Src/stm32f1xx_hal_cortex.o
                0x08002640                HAL_NVIC_SetPriorityGrouping
 .text.HAL_NVIC_SetPriority
                0x08002656       0x38 ./Drivers/STM32F1xx_HAL_Driver/Src/stm32f1xx_hal_cortex.o
                0x08002656                HAL_NVIC_SetPriority
 .text.HAL_NVIC_EnableIRQ
                0x0800268e       0x1c ./Drivers/STM32F1xx_HAL_Driver/Src/stm32f1xx_hal_cortex.o
                0x0800268e                HAL_NVIC_EnableIRQ
 .text.HAL_SYSTICK_Config
                0x080026aa       0x18 ./Drivers/STM32F1xx_HAL_Driver/Src/stm32f1xx_hal_cortex.o
                0x080026aa                HAL_SYSTICK_Config
 *fill*         0x080026c2        0x2 
 .text.HAL_DMA_Init
                0x080026c4       0xb4 ./Drivers/STM32F1xx_HAL_Driver/Src/stm32f1xx_hal_dma.o
                0x080026c4                HAL_DMA_Init
 .text.HAL_DMA_Start_IT
                0x08002778       0xc0 ./Drivers/STM32F1xx_HAL_Driver/Src/stm32f1xx_hal_dma.o
                0x08002778                HAL_DMA_Start_IT
 .text.HAL_DMA_IRQHandler
                0x08002838      0x20c ./Drivers/STM32F1xx_HAL_Driver/Src/stm32f1xx_hal_dma.o
                0x08002838                HAL_DMA_IRQHandler
 .text.DMA_SetConfig
                0x08002a44       0x5a ./Drivers/STM32F1xx_HAL_Driver/Src/stm32f1xx_hal_dma.o
 *fill*         0x08002a9e        0x2 
 .text.HAL_GPIO_Init
                0x08002aa0      0x308 ./Drivers/STM32F1xx_HAL_Driver/Src/stm32f1xx_hal_gpio.o
                0x08002aa0                HAL_GPIO_Init
 .text.HAL_GPIO_WritePin
                0x08002da8       0x30 ./Drivers/STM32F1xx_HAL_Driver/Src/stm32f1xx_hal_gpio.o
                0x08002da8                HAL_GPIO_WritePin
 .text.HAL_GPIO_TogglePin
                0x08002dd8       0x32 ./Drivers/STM32F1xx_HAL_Driver/Src/stm32f1xx_hal_gpio.o
                0x08002dd8                HAL_GPIO_TogglePin
 *fill*         0x08002e0a        0x2 
 .text.HAL_GPIO_EXTI_IRQHandler
                0x08002e0c       0x30 ./Drivers/STM32F1xx_HAL_Driver/Src/stm32f1xx_hal_gpio.o
                0x08002e0c                HAL_GPIO_EXTI_IRQHandler
 .text.HAL_RCC_OscConfig
                0x08002e3c      0x504 ./Drivers/STM32F1xx_HAL_Driver/Src/stm32f1xx_hal_rcc.o
                0x08002e3c                HAL_RCC_OscConfig
 .text.HAL_RCC_ClockConfig
                0x08003340      0x1d4 ./Drivers/STM32F1xx_HAL_Driver/Src/stm32f1xx_hal_rcc.o
                0x08003340                HAL_RCC_ClockConfig
 .text.HAL_RCC_GetSysClockFreq
                0x08003514       0xa8 ./Drivers/STM32F1xx_HAL_Driver/Src/stm32f1xx_hal_rcc.o
                0x08003514                HAL_RCC_GetSysClockFreq
 .text.RCC_Delay
                0x080035bc       0x3c ./Drivers/STM32F1xx_HAL_Driver/Src/stm32f1xx_hal_rcc.o
 .text.HAL_RCCEx_PeriphCLKConfig
                0x080035f8      0x16c ./Drivers/STM32F1xx_HAL_Driver/Src/stm32f1xx_hal_rcc_ex.o
                0x080035f8                HAL_RCCEx_PeriphCLKConfig
 .text.HAL_TIM_Base_Init
                0x08003764       0x9e ./Drivers/STM32F1xx_HAL_Driver/Src/stm32f1xx_hal_tim.o
                0x08003764                HAL_TIM_Base_Init
 *fill*         0x08003802        0x2 
 .text.HAL_TIM_Base_Start_IT
                0x08003804       0xa4 ./Drivers/STM32F1xx_HAL_Driver/Src/stm32f1xx_hal_tim.o
                0x08003804                HAL_TIM_Base_Start_IT
 .text.HAL_TIM_Base_Stop_IT
                0x080038a8       0x5c ./Drivers/STM32F1xx_HAL_Driver/Src/stm32f1xx_hal_tim.o
                0x080038a8                HAL_TIM_Base_Stop_IT
 .text.HAL_TIM_IRQHandler
                0x08003904      0x1e0 ./Drivers/STM32F1xx_HAL_Driver/Src/stm32f1xx_hal_tim.o
                0x08003904                HAL_TIM_IRQHandler
 .text.HAL_TIM_ConfigClockSource
                0x08003ae4      0x18e ./Drivers/STM32F1xx_HAL_Driver/Src/stm32f1xx_hal_tim.o
                0x08003ae4                HAL_TIM_ConfigClockSource
 .text.HAL_TIM_OC_DelayElapsedCallback
                0x08003c72       0x12 ./Drivers/STM32F1xx_HAL_Driver/Src/stm32f1xx_hal_tim.o
                0x08003c72                HAL_TIM_OC_DelayElapsedCallback
 .text.HAL_TIM_IC_CaptureCallback
                0x08003c84       0x12 ./Drivers/STM32F1xx_HAL_Driver/Src/stm32f1xx_hal_tim.o
                0x08003c84                HAL_TIM_IC_CaptureCallback
 .text.HAL_TIM_PWM_PulseFinishedCallback
                0x08003c96       0x12 ./Drivers/STM32F1xx_HAL_Driver/Src/stm32f1xx_hal_tim.o
                0x08003c96                HAL_TIM_PWM_PulseFinishedCallback
 .text.HAL_TIM_TriggerCallback
                0x08003ca8       0x12 ./Drivers/STM32F1xx_HAL_Driver/Src/stm32f1xx_hal_tim.o
                0x08003ca8                HAL_TIM_TriggerCallback
 *fill*         0x08003cba        0x2 
 .text.TIM_Base_SetConfig
                0x08003cbc       0xdc ./Drivers/STM32F1xx_HAL_Driver/Src/stm32f1xx_hal_tim.o
                0x08003cbc                TIM_Base_SetConfig
 .text.TIM_TI1_ConfigInputStage
                0x08003d98       0x5c ./Drivers/STM32F1xx_HAL_Driver/Src/stm32f1xx_hal_tim.o
 .text.TIM_TI2_ConfigInputStage
                0x08003df4       0x5e ./Drivers/STM32F1xx_HAL_Driver/Src/stm32f1xx_hal_tim.o
 .text.TIM_ITRx_SetConfig
                0x08003e52       0x34 ./Drivers/STM32F1xx_HAL_Driver/Src/stm32f1xx_hal_tim.o
 .text.TIM_ETR_SetConfig
                0x08003e86       0x3e ./Drivers/STM32F1xx_HAL_Driver/Src/stm32f1xx_hal_tim.o
                0x08003e86                TIM_ETR_SetConfig
 .text.HAL_TIMEx_MasterConfigSynchronization
                0x08003ec4       0xbc ./Drivers/STM32F1xx_HAL_Driver/Src/stm32f1xx_hal_tim_ex.o
                0x08003ec4                HAL_TIMEx_MasterConfigSynchronization
 .text.HAL_TIMEx_CommutCallback
                0x08003f80       0x12 ./Drivers/STM32F1xx_HAL_Driver/Src/stm32f1xx_hal_tim_ex.o
                0x08003f80                HAL_TIMEx_CommutCallback
 .text.HAL_TIMEx_BreakCallback
                0x08003f92       0x12 ./Drivers/STM32F1xx_HAL_Driver/Src/stm32f1xx_hal_tim_ex.o
                0x08003f92                HAL_TIMEx_BreakCallback
 .text.APPS     0x08003fa4      0x194 ./Tupã®/APPS.o
                0x08003fa4                APPS
 .text.apps_Error_Counter
                0x08004138       0x68 ./Tupã®/APPS.o
                0x08004138                apps_Error_Counter
 .text.mediaAPPS
                0x080041a0      0x184 ./Tupã®/APPS.o
                0x080041a0                mediaAPPS
 .text.BPPC     0x08004324       0x88 ./Tupã®/BPPC.o
                0x08004324                BPPC
 .text.BSE      0x080043ac      0x140 ./Tupã®/BSE.o
                0x080043ac                BSE
 .text.mediabse
                0x080044ec      0x184 ./Tupã®/BSE.o
                0x080044ec                mediabse
 .text.mediavolante
                0x08004670      0x170 ./Tupã®/Volante.o
                0x08004670                mediavolante
 .text.HAL_GPIO_EXTI_Callback
                0x080047e0       0x60 ./Tupã®/botão.o
                0x080047e0                HAL_GPIO_EXTI_Callback
 .text.can_enviar
                0x08004840      0x2bc ./Tupã®/cant.o
                0x08004840                can_enviar
 .text.can_botão
                0x08004afc       0x34 ./Tupã®/cant.o
                0x08004afc                can_botão
 .text.memset   0x08004b30       0x10 C:/ST/STM32CubeIDE_1.16.0/STM32CubeIDE/plugins/com.st.stm32cube.ide.mcu.externaltools.gnu-tools-for-stm32.12.3.rel1.win32_1.0.200.202406191623/tools/bin/../lib/gcc/arm-none-eabi/12.3.1/../../../../arm-none-eabi/lib/thumb/v7-m/nofp\libc_nano.a(libc_a-memset.o)
                0x08004b30                memset
 .text.__libc_init_array
                0x08004b40       0x48 C:/ST/STM32CubeIDE_1.16.0/STM32CubeIDE/plugins/com.st.stm32cube.ide.mcu.externaltools.gnu-tools-for-stm32.12.3.rel1.win32_1.0.200.202406191623/tools/bin/../lib/gcc/arm-none-eabi/12.3.1/../../../../arm-none-eabi/lib/thumb/v7-m/nofp\libc_nano.a(libc_a-init.o)
                0x08004b40                __libc_init_array
 *(.glue_7)
 .glue_7        0x08004b88        0x0 linker stubs
 *(.glue_7t)
 .glue_7t       0x08004b88        0x0 linker stubs
 *(.eh_frame)
 .eh_frame      0x08004b88        0x0 C:/ST/STM32CubeIDE_1.16.0/STM32CubeIDE/plugins/com.st.stm32cube.ide.mcu.externaltools.gnu-tools-for-stm32.12.3.rel1.win32_1.0.200.202406191623/tools/bin/../lib/gcc/arm-none-eabi/12.3.1/thumb/v7-m/nofp/crtbegin.o
 *(.init)
 .init          0x08004b88        0x4 C:/ST/STM32CubeIDE_1.16.0/STM32CubeIDE/plugins/com.st.stm32cube.ide.mcu.externaltools.gnu-tools-for-stm32.12.3.rel1.win32_1.0.200.202406191623/tools/bin/../lib/gcc/arm-none-eabi/12.3.1/thumb/v7-m/nofp/crti.o
                0x08004b88                _init
 .init          0x08004b8c        0x8 C:/ST/STM32CubeIDE_1.16.0/STM32CubeIDE/plugins/com.st.stm32cube.ide.mcu.externaltools.gnu-tools-for-stm32.12.3.rel1.win32_1.0.200.202406191623/tools/bin/../lib/gcc/arm-none-eabi/12.3.1/thumb/v7-m/nofp/crtn.o
 *(.fini)
 .fini          0x08004b94        0x4 C:/ST/STM32CubeIDE_1.16.0/STM32CubeIDE/plugins/com.st.stm32cube.ide.mcu.externaltools.gnu-tools-for-stm32.12.3.rel1.win32_1.0.200.202406191623/tools/bin/../lib/gcc/arm-none-eabi/12.3.1/thumb/v7-m/nofp/crti.o
                0x08004b94                _fini
 .fini          0x08004b98        0x8 C:/ST/STM32CubeIDE_1.16.0/STM32CubeIDE/plugins/com.st.stm32cube.ide.mcu.externaltools.gnu-tools-for-stm32.12.3.rel1.win32_1.0.200.202406191623/tools/bin/../lib/gcc/arm-none-eabi/12.3.1/thumb/v7-m/nofp/crtn.o
                0x08004ba0                        . = ALIGN (0x4)
                0x08004ba0                        _etext = .

.vfp11_veneer   0x08004ba0        0x0
 .vfp11_veneer  0x08004ba0        0x0 linker stubs

.v4_bx          0x08004ba0        0x0
 .v4_bx         0x08004ba0        0x0 linker stubs

.iplt           0x08004ba0        0x0
 .iplt          0x08004ba0        0x0 C:/ST/STM32CubeIDE_1.16.0/STM32CubeIDE/plugins/com.st.stm32cube.ide.mcu.externaltools.gnu-tools-for-stm32.12.3.rel1.win32_1.0.200.202406191623/tools/bin/../lib/gcc/arm-none-eabi/12.3.1/thumb/v7-m/nofp/crtbegin.o

.rodata         0x08004ba0       0x24
                0x08004ba0                        . = ALIGN (0x4)
 *(.rodata)
 *(.rodata*)
 .rodata.AHBPrescTable
                0x08004ba0       0x10 ./Core/Src/system_stm32f1xx.o
                0x08004ba0                AHBPrescTable
 .rodata.aPLLMULFactorTable.1
                0x08004bb0       0x10 ./Drivers/STM32F1xx_HAL_Driver/Src/stm32f1xx_hal_rcc.o
 .rodata.aPredivFactorTable.0
                0x08004bc0        0x2 ./Drivers/STM32F1xx_HAL_Driver/Src/stm32f1xx_hal_rcc.o
                0x08004bc4                        . = ALIGN (0x4)
 *fill*         0x08004bc2        0x2 

.ARM.extab      0x08004bc4        0x0
                0x08004bc4                        . = ALIGN (0x4)
 *(.ARM.extab* .gnu.linkonce.armextab.*)
                0x08004bc4                        . = ALIGN (0x4)

.ARM            0x08004bc4        0x0
                0x08004bc4                        . = ALIGN (0x4)
                0x08004bc4                        __exidx_start = .
 *(.ARM.exidx*)
                0x08004bc4                        __exidx_end = .
                0x08004bc4                        . = ALIGN (0x4)

.preinit_array  0x08004bc4        0x0
                0x08004bc4                        . = ALIGN (0x4)
                0x08004bc4                        PROVIDE (__preinit_array_start = .)
 *(.preinit_array*)
                0x08004bc4                        PROVIDE (__preinit_array_end = .)
                0x08004bc4                        . = ALIGN (0x4)

.init_array     0x08004bc4        0x4
                0x08004bc4                        . = ALIGN (0x4)
                0x08004bc4                        PROVIDE (__init_array_start = .)
 *(SORT_BY_NAME(.init_array.*))
 *(.init_array*)
 .init_array    0x08004bc4        0x4 C:/ST/STM32CubeIDE_1.16.0/STM32CubeIDE/plugins/com.st.stm32cube.ide.mcu.externaltools.gnu-tools-for-stm32.12.3.rel1.win32_1.0.200.202406191623/tools/bin/../lib/gcc/arm-none-eabi/12.3.1/thumb/v7-m/nofp/crtbegin.o
                0x08004bc8                        PROVIDE (__init_array_end = .)
                0x08004bc8                        . = ALIGN (0x4)

.fini_array     0x08004bc8        0x4
                0x08004bc8                        . = ALIGN (0x4)
                [!provide]                        PROVIDE (__fini_array_start = .)
 *(SORT_BY_NAME(.fini_array.*))
 *(.fini_array*)
 .fini_array    0x08004bc8        0x4 C:/ST/STM32CubeIDE_1.16.0/STM32CubeIDE/plugins/com.st.stm32cube.ide.mcu.externaltools.gnu-tools-for-stm32.12.3.rel1.win32_1.0.200.202406191623/tools/bin/../lib/gcc/arm-none-eabi/12.3.1/thumb/v7-m/nofp/crtbegin.o
                [!provide]                        PROVIDE (__fini_array_end = .)
                0x08004bcc                        . = ALIGN (0x4)
                0x08004bcc                        _sidata = LOADADDR (.data)

.rel.dyn        0x08004bcc        0x0
 .rel.iplt      0x08004bcc        0x0 C:/ST/STM32CubeIDE_1.16.0/STM32CubeIDE/plugins/com.st.stm32cube.ide.mcu.externaltools.gnu-tools-for-stm32.12.3.rel1.win32_1.0.200.202406191623/tools/bin/../lib/gcc/arm-none-eabi/12.3.1/thumb/v7-m/nofp/crtbegin.o

.data           0x20000000       0x1c load address 0x08004bcc
                0x20000000                        . = ALIGN (0x4)
                0x20000000                        _sdata = .
 *(.data)
 *(.data*)
 .data.SystemCoreClock
                0x20000000        0x4 ./Core/Src/system_stm32f1xx.o
                0x20000000                SystemCoreClock
 .data.uwTickPrio
                0x20000004        0x4 ./Drivers/STM32F1xx_HAL_Driver/Src/stm32f1xx_hal.o
                0x20000004                uwTickPrio
 .data.uwTickFreq
                0x20000008        0x1 ./Drivers/STM32F1xx_HAL_Driver/Src/stm32f1xx_hal.o
                0x20000008                uwTickFreq
 *fill*         0x20000009        0x1 
 .data.apps1Min
                0x2000000a        0x2 ./Tupã®/APPS.o
                0x2000000a                apps1Min
 .data.apps1Max
                0x2000000c        0x2 ./Tupã®/APPS.o
                0x2000000c                apps1Max
 .data.apps2Min
                0x2000000e        0x2 ./Tupã®/APPS.o
                0x2000000e                apps2Min
 .data.apps2Max
                0x20000010        0x2 ./Tupã®/APPS.o
                0x20000010                apps2Max
 .data.bse1Max  0x20000012        0x2 ./Tupã®/BSE.o
                0x20000012                bse1Max
 .data.bse2Min  0x20000014        0x2 ./Tupã®/BSE.o
                0x20000014                bse2Min
 .data.bse2Max  0x20000016        0x2 ./Tupã®/BSE.o
                0x20000016                bse2Max
 .data.volMin   0x20000018        0x2 ./Tupã®/Volante.o
                0x20000018                volMin
 .data.volMax   0x2000001a        0x2 ./Tupã®/Volante.o
                0x2000001a                volMax
 *(.RamFunc)
 *(.RamFunc*)
                0x2000001c                        . = ALIGN (0x4)
                0x2000001c                        _edata = .

.igot.plt       0x2000001c        0x0 load address 0x08004be8
 .igot.plt      0x2000001c        0x0 C:/ST/STM32CubeIDE_1.16.0/STM32CubeIDE/plugins/com.st.stm32cube.ide.mcu.externaltools.gnu-tools-for-stm32.12.3.rel1.win32_1.0.200.202406191623/tools/bin/../lib/gcc/arm-none-eabi/12.3.1/thumb/v7-m/nofp/crtbegin.o
                0x2000001c                        . = ALIGN (0x4)

.bss            0x2000001c      0x218 load address 0x08004be8
                0x2000001c                        _sbss = .
                0x2000001c                        __bss_start__ = _sbss
 *(.bss)
 .bss           0x2000001c       0x1c C:/ST/STM32CubeIDE_1.16.0/STM32CubeIDE/plugins/com.st.stm32cube.ide.mcu.externaltools.gnu-tools-for-stm32.12.3.rel1.win32_1.0.200.202406191623/tools/bin/../lib/gcc/arm-none-eabi/12.3.1/thumb/v7-m/nofp/crtbegin.o
 *(.bss*)
 .bss.hadc1     0x20000038       0x30 ./Core/Src/adc.o
                0x20000038                hadc1
 .bss.hdma_adc1
                0x20000068       0x44 ./Core/Src/adc.o
                0x20000068                hdma_adc1
 .bss.hcan      0x200000ac       0x28 ./Core/Src/can.o
                0x200000ac                hcan
 .bss.adcRaw    0x200000d4        0xa ./Core/Src/main.o
                0x200000d4                adcRaw
 *fill*         0x200000de        0x2 
 .bss.htim1     0x200000e0       0x48 ./Core/Src/tim.o
                0x200000e0                htim1
 .bss.htim3     0x20000128       0x48 ./Core/Src/tim.o
                0x20000128                htim3
 .bss.uwTick    0x20000170        0x4 ./Drivers/STM32F1xx_HAL_Driver/Src/stm32f1xx_hal.o
                0x20000170                uwTick
 .bss.APPS1     0x20000174        0x4 ./Tupã®/APPS.o
                0x20000174                APPS1
 .bss.APPS2     0x20000178        0x4 ./Tupã®/APPS.o
                0x20000178                APPS2
 .bss.appsReal  0x2000017c        0x2 ./Tupã®/APPS.o
                0x2000017c                appsReal
 .bss.appsErrorFlag
                0x2000017e        0x1 ./Tupã®/APPS.o
                0x2000017e                appsErrorFlag
 .bss.appsError
                0x2000017f        0x1 ./Tupã®/APPS.o
                0x2000017f                appsError
 .bss.appsErrorTime
                0x20000180        0x1 ./Tupã®/APPS.o
                0x20000180                appsErrorTime
 *fill*         0x20000181        0x3 
 .bss.mediaApps1
                0x20000184       0x14 ./Tupã®/APPS.o
                0x20000184                mediaApps1
 .bss.mediaApps2
                0x20000198       0x14 ./Tupã®/APPS.o
                0x20000198                mediaApps2
 .bss.apps1Raw  0x200001ac        0x2 ./Tupã®/APPS.o
                0x200001ac                apps1Raw
 .bss.apps2Raw  0x200001ae        0x2 ./Tupã®/APPS.o
                0x200001ae                apps2Raw
 .bss.firstRead
                0x200001b0        0x1 ./Tupã®/APPS.o
                0x200001b0                firstRead
 .bss.bppcError
                0x200001b1        0x1 ./Tupã®/BPPC.o
                0x200001b1                bppcError
 .bss.stateError
                0x200001b2        0x1 ./Tupã®/BPPC.o
                0x200001b2                stateError
 *fill*         0x200001b3        0x1 
 .bss.bse1      0x200001b4        0x4 ./Tupã®/BSE.o
                0x200001b4                bse1
 .bss.bse2      0x200001b8        0x4 ./Tupã®/BSE.o
                0x200001b8                bse2
 .bss.bseReal   0x200001bc        0x2 ./Tupã®/BSE.o
                0x200001bc                bseReal
 .bss.bse1Min   0x200001be        0x2 ./Tupã®/BSE.o
                0x200001be                bse1Min
 .bss.bseError  0x200001c0        0x1 ./Tupã®/BSE.o
                0x200001c0                bseError
 *fill*         0x200001c1        0x3 
 .bss.mediabse1
                0x200001c4       0x14 ./Tupã®/BSE.o
                0x200001c4                mediabse1
 .bss.mediabse2
                0x200001d8       0x14 ./Tupã®/BSE.o
                0x200001d8                mediabse2
 .bss.bse1Raw   0x200001ec        0x2 ./Tupã®/BSE.o
                0x200001ec                bse1Raw
 .bss.bse2Raw   0x200001ee        0x2 ./Tupã®/BSE.o
                0x200001ee                bse2Raw
 .bss.firstReadBSE
                0x200001f0        0x1 ./Tupã®/BSE.o
                0x200001f0                firstReadBSE
 *fill*         0x200001f1        0x3 
 .bss.mediavol  0x200001f4       0x14 ./Tupã®/Volante.o
                0x200001f4                mediavol
 .bss.volRaw    0x20000208        0x4 ./Tupã®/Volante.o
                0x20000208                volRaw
 .bss.firstReadVol
                0x2000020c        0x1 ./Tupã®/Volante.o
                0x2000020c                firstReadVol
 *fill*         0x2000020d        0x1 
 .bss.volReal   0x2000020e        0x2 ./Tupã®/Volante.o
                0x2000020e                volReal
 .bss.exti8Flag
                0x20000210        0x1 ./Tupã®/botão.o
                0x20000210                exti8Flag
 *fill*         0x20000211        0x3 
 .bss.txData0   0x20000214        0x8 ./Tupã®/cant.o
                0x20000214                txData0
 .bss.txData1   0x2000021c        0x6 ./Tupã®/cant.o
                0x2000021c                txData1
 *fill*         0x20000222        0x2 
 .bss.txData2   0x20000224        0x7 ./Tupã®/cant.o
                0x20000224                txData2
 *fill*         0x2000022b        0x1 
 .bss.canFlag   0x2000022c        0x3 ./Tupã®/cant.o
                0x2000022c                canFlag
 *fill*         0x2000022f        0x1 
 .bss.count     0x20000230        0x3 ./Tupã®/cant.o
                0x20000230                count
 *(COMMON)
                0x20000234                        . = ALIGN (0x4)
 *fill*         0x20000233        0x1 
                0x20000234                        _ebss = .
                0x20000234                        __bss_end__ = _ebss

._user_heap_stack
                0x20000234      0x604 load address 0x08004be8
                0x20000238                        . = ALIGN (0x8)
 *fill*         0x20000234        0x4 
                [!provide]                        PROVIDE (end = .)
                0x20000238                        PROVIDE (_end = .)
                0x20000438                        . = (. + _Min_Heap_Size)
 *fill*         0x20000238      0x200 
                0x20000838                        . = (. + _Min_Stack_Size)
 *fill*         0x20000438      0x400 
                0x20000838                        . = ALIGN (0x8)

/DISCARD/
 libc.a(*)
 libm.a(*)
 libgcc.a(*)

.ARM.attributes
                0x00000000       0x29
 *(.ARM.attributes)
 .ARM.attributes
                0x00000000       0x1d C:/ST/STM32CubeIDE_1.16.0/STM32CubeIDE/plugins/com.st.stm32cube.ide.mcu.externaltools.gnu-tools-for-stm32.12.3.rel1.win32_1.0.200.202406191623/tools/bin/../lib/gcc/arm-none-eabi/12.3.1/thumb/v7-m/nofp/crti.o
 .ARM.attributes
                0x0000001d       0x2d C:/ST/STM32CubeIDE_1.16.0/STM32CubeIDE/plugins/com.st.stm32cube.ide.mcu.externaltools.gnu-tools-for-stm32.12.3.rel1.win32_1.0.200.202406191623/tools/bin/../lib/gcc/arm-none-eabi/12.3.1/thumb/v7-m/nofp/crtbegin.o
 .ARM.attributes
                0x0000004a       0x2d ./Core/Src/adc.o
 .ARM.attributes
                0x00000077       0x2d ./Core/Src/can.o
 .ARM.attributes
                0x000000a4       0x2d ./Core/Src/dma.o
 .ARM.attributes
                0x000000d1       0x2d ./Core/Src/gpio.o
 .ARM.attributes
                0x000000fe       0x2d ./Core/Src/main.o
 .ARM.attributes
                0x0000012b       0x2d ./Core/Src/stm32f1xx_hal_msp.o
 .ARM.attributes
                0x00000158       0x2d ./Core/Src/stm32f1xx_it.o
 .ARM.attributes
                0x00000185       0x2d ./Core/Src/system_stm32f1xx.o
 .ARM.attributes
                0x000001b2       0x2d ./Core/Src/tim.o
 .ARM.attributes
                0x000001df       0x21 ./Core/Startup/startup_stm32f103c8tx.o
 .ARM.attributes
                0x00000200       0x2d ./Drivers/STM32F1xx_HAL_Driver/Src/stm32f1xx_hal.o
 .ARM.attributes
                0x0000022d       0x2d ./Drivers/STM32F1xx_HAL_Driver/Src/stm32f1xx_hal_adc.o
 .ARM.attributes
                0x0000025a       0x2d ./Drivers/STM32F1xx_HAL_Driver/Src/stm32f1xx_hal_can.o
 .ARM.attributes
                0x00000287       0x2d ./Drivers/STM32F1xx_HAL_Driver/Src/stm32f1xx_hal_cortex.o
 .ARM.attributes
                0x000002b4       0x2d ./Drivers/STM32F1xx_HAL_Driver/Src/stm32f1xx_hal_dma.o
 .ARM.attributes
                0x000002e1       0x2d ./Drivers/STM32F1xx_HAL_Driver/Src/stm32f1xx_hal_gpio.o
 .ARM.attributes
                0x0000030e       0x2d ./Drivers/STM32F1xx_HAL_Driver/Src/stm32f1xx_hal_rcc.o
 .ARM.attributes
                0x0000033b       0x2d ./Drivers/STM32F1xx_HAL_Driver/Src/stm32f1xx_hal_rcc_ex.o
 .ARM.attributes
                0x00000368       0x2d ./Drivers/STM32F1xx_HAL_Driver/Src/stm32f1xx_hal_tim.o
 .ARM.attributes
                0x00000395       0x2d ./Drivers/STM32F1xx_HAL_Driver/Src/stm32f1xx_hal_tim_ex.o
 .ARM.attributes
                0x000003c2       0x2d ./Tupã®/APPS.o
 .ARM.attributes
                0x000003ef       0x2d ./Tupã®/BPPC.o
 .ARM.attributes
                0x0000041c       0x2d ./Tupã®/BSE.o
 .ARM.attributes
                0x00000449       0x2d ./Tupã®/Volante.o
 .ARM.attributes
                0x00000476       0x2d ./Tupã®/botão.o
 .ARM.attributes
                0x000004a3       0x2d ./Tupã®/cant.o
 .ARM.attributes
                0x000004d0       0x2d C:/ST/STM32CubeIDE_1.16.0/STM32CubeIDE/plugins/com.st.stm32cube.ide.mcu.externaltools.gnu-tools-for-stm32.12.3.rel1.win32_1.0.200.202406191623/tools/bin/../lib/gcc/arm-none-eabi/12.3.1/../../../../arm-none-eabi/lib/thumb/v7-m/nofp\libc_nano.a(libc_a-memset.o)
 .ARM.attributes
                0x000004fd       0x2d C:/ST/STM32CubeIDE_1.16.0/STM32CubeIDE/plugins/com.st.stm32cube.ide.mcu.externaltools.gnu-tools-for-stm32.12.3.rel1.win32_1.0.200.202406191623/tools/bin/../lib/gcc/arm-none-eabi/12.3.1/../../../../arm-none-eabi/lib/thumb/v7-m/nofp\libc_nano.a(libc_a-init.o)
 .ARM.attributes
                0x0000052a       0x1d C:/ST/STM32CubeIDE_1.16.0/STM32CubeIDE/plugins/com.st.stm32cube.ide.mcu.externaltools.gnu-tools-for-stm32.12.3.rel1.win32_1.0.200.202406191623/tools/bin/../lib/gcc/arm-none-eabi/12.3.1/thumb/v7-m/nofp\libgcc.a(_arm_addsubdf3.o)
 .ARM.attributes
                0x00000547       0x1d C:/ST/STM32CubeIDE_1.16.0/STM32CubeIDE/plugins/com.st.stm32cube.ide.mcu.externaltools.gnu-tools-for-stm32.12.3.rel1.win32_1.0.200.202406191623/tools/bin/../lib/gcc/arm-none-eabi/12.3.1/thumb/v7-m/nofp\libgcc.a(_arm_cmpdf2.o)
 .ARM.attributes
                0x00000564       0x1d C:/ST/STM32CubeIDE_1.16.0/STM32CubeIDE/plugins/com.st.stm32cube.ide.mcu.externaltools.gnu-tools-for-stm32.12.3.rel1.win32_1.0.200.202406191623/tools/bin/../lib/gcc/arm-none-eabi/12.3.1/thumb/v7-m/nofp\libgcc.a(_arm_addsubsf3.o)
 .ARM.attributes
                0x00000581       0x1d C:/ST/STM32CubeIDE_1.16.0/STM32CubeIDE/plugins/com.st.stm32cube.ide.mcu.externaltools.gnu-tools-for-stm32.12.3.rel1.win32_1.0.200.202406191623/tools/bin/../lib/gcc/arm-none-eabi/12.3.1/thumb/v7-m/nofp\libgcc.a(_arm_muldivsf3.o)
 .ARM.attributes
                0x0000059e       0x1d C:/ST/STM32CubeIDE_1.16.0/STM32CubeIDE/plugins/com.st.stm32cube.ide.mcu.externaltools.gnu-tools-for-stm32.12.3.rel1.win32_1.0.200.202406191623/tools/bin/../lib/gcc/arm-none-eabi/12.3.1/thumb/v7-m/nofp\libgcc.a(_arm_fixsfsi.o)
 .ARM.attributes
                0x000005bb       0x1d C:/ST/STM32CubeIDE_1.16.0/STM32CubeIDE/plugins/com.st.stm32cube.ide.mcu.externaltools.gnu-tools-for-stm32.12.3.rel1.win32_1.0.200.202406191623/tools/bin/../lib/gcc/arm-none-eabi/12.3.1/thumb/v7-m/nofp\libgcc.a(_arm_fixunssfsi.o)
 .ARM.attributes
                0x000005d8       0x1d C:/ST/STM32CubeIDE_1.16.0/STM32CubeIDE/plugins/com.st.stm32cube.ide.mcu.externaltools.gnu-tools-for-stm32.12.3.rel1.win32_1.0.200.202406191623/tools/bin/../lib/gcc/arm-none-eabi/12.3.1/thumb/v7-m/nofp/crtn.o
OUTPUT(DCU.elf elf32-littlearm)
LOAD linker stubs
LOAD C:/ST/STM32CubeIDE_1.16.0/STM32CubeIDE/plugins/com.st.stm32cube.ide.mcu.externaltools.gnu-tools-for-stm32.12.3.rel1.win32_1.0.200.202406191623/tools/bin/../lib/gcc/arm-none-eabi/12.3.1/../../../../arm-none-eabi/lib/thumb/v7-m/nofp\libc.a
LOAD C:/ST/STM32CubeIDE_1.16.0/STM32CubeIDE/plugins/com.st.stm32cube.ide.mcu.externaltools.gnu-tools-for-stm32.12.3.rel1.win32_1.0.200.202406191623/tools/bin/../lib/gcc/arm-none-eabi/12.3.1/../../../../arm-none-eabi/lib/thumb/v7-m/nofp\libm.a
LOAD C:/ST/STM32CubeIDE_1.16.0/STM32CubeIDE/plugins/com.st.stm32cube.ide.mcu.externaltools.gnu-tools-for-stm32.12.3.rel1.win32_1.0.200.202406191623/tools/bin/../lib/gcc/arm-none-eabi/12.3.1/thumb/v7-m/nofp\libgcc.a

.debug_info     0x00000000     0xddaa
 .debug_info    0x00000000      0x7fc ./Core/Src/adc.o
 .debug_info    0x000007fc      0x867 ./Core/Src/can.o
 .debug_info    0x00001063      0x2cf ./Core/Src/dma.o
 .debug_info    0x00001332      0x416 ./Core/Src/gpio.o
 .debug_info    0x00001748     0x109e ./Core/Src/main.o
 .debug_info    0x000027e6      0x1f1 ./Core/Src/stm32f1xx_hal_msp.o
 .debug_info    0x000029d7      0xb11 ./Core/Src/stm32f1xx_it.o
 .debug_info    0x000034e8      0x222 ./Core/Src/system_stm32f1xx.o
 .debug_info    0x0000370a      0xa1a ./Core/Src/tim.o
 .debug_info    0x00004124       0x30 ./Core/Startup/startup_stm32f103c8tx.o
 .debug_info    0x00004154      0x704 ./Drivers/STM32F1xx_HAL_Driver/Src/stm32f1xx_hal.o
 .debug_info    0x00004858      0xc50 ./Drivers/STM32F1xx_HAL_Driver/Src/stm32f1xx_hal_adc.o
 .debug_info    0x000054a8      0xf13 ./Drivers/STM32F1xx_HAL_Driver/Src/stm32f1xx_hal_can.o
 .debug_info    0x000063bb      0xa87 ./Drivers/STM32F1xx_HAL_Driver/Src/stm32f1xx_hal_cortex.o
 .debug_info    0x00006e42      0x6d2 ./Drivers/STM32F1xx_HAL_Driver/Src/stm32f1xx_hal_dma.o
 .debug_info    0x00007514      0x5ab ./Drivers/STM32F1xx_HAL_Driver/Src/stm32f1xx_hal_gpio.o
 .debug_info    0x00007abf      0x7d5 ./Drivers/STM32F1xx_HAL_Driver/Src/stm32f1xx_hal_rcc.o
 .debug_info    0x00008294      0x3c0 ./Drivers/STM32F1xx_HAL_Driver/Src/stm32f1xx_hal_rcc_ex.o
 .debug_info    0x00008654     0x2959 ./Drivers/STM32F1xx_HAL_Driver/Src/stm32f1xx_hal_tim.o
 .debug_info    0x0000afad     0x149b ./Drivers/STM32F1xx_HAL_Driver/Src/stm32f1xx_hal_tim_ex.o
 .debug_info    0x0000c448      0x37a ./Tupã®/APPS.o
 .debug_info    0x0000c7c2      0x1e9 ./Tupã®/BPPC.o
 .debug_info    0x0000c9ab      0x34e ./Tupã®/BSE.o
 .debug_info    0x0000ccf9      0x1b9 ./Tupã®/Volante.o
 .debug_info    0x0000ceb2      0x723 ./Tupã®/botão.o
 .debug_info    0x0000d5d5      0x7d5 ./Tupã®/cant.o

.debug_abbrev   0x00000000     0x2e45
 .debug_abbrev  0x00000000      0x1f2 ./Core/Src/adc.o
 .debug_abbrev  0x000001f2      0x232 ./Core/Src/can.o
 .debug_abbrev  0x00000424       0xfc ./Core/Src/dma.o
 .debug_abbrev  0x00000520      0x161 ./Core/Src/gpio.o
 .debug_abbrev  0x00000681      0x2c6 ./Core/Src/main.o
 .debug_abbrev  0x00000947       0xdb ./Core/Src/stm32f1xx_hal_msp.o
 .debug_abbrev  0x00000a22      0x21b ./Core/Src/stm32f1xx_it.o
 .debug_abbrev  0x00000c3d      0x13f ./Core/Src/system_stm32f1xx.o
 .debug_abbrev  0x00000d7c      0x21d ./Core/Src/tim.o
 .debug_abbrev  0x00000f99       0x24 ./Core/Startup/startup_stm32f103c8tx.o
 .debug_abbrev  0x00000fbd      0x201 ./Drivers/STM32F1xx_HAL_Driver/Src/stm32f1xx_hal.o
 .debug_abbrev  0x000011be      0x225 ./Drivers/STM32F1xx_HAL_Driver/Src/stm32f1xx_hal_adc.o
 .debug_abbrev  0x000013e3      0x21c ./Drivers/STM32F1xx_HAL_Driver/Src/stm32f1xx_hal_can.o
 .debug_abbrev  0x000015ff      0x2f8 ./Drivers/STM32F1xx_HAL_Driver/Src/stm32f1xx_hal_cortex.o
 .debug_abbrev  0x000018f7      0x20b ./Drivers/STM32F1xx_HAL_Driver/Src/stm32f1xx_hal_dma.o
 .debug_abbrev  0x00001b02      0x1ca ./Drivers/STM32F1xx_HAL_Driver/Src/stm32f1xx_hal_gpio.o
 .debug_abbrev  0x00001ccc      0x2b3 ./Drivers/STM32F1xx_HAL_Driver/Src/stm32f1xx_hal_rcc.o
 .debug_abbrev  0x00001f7f      0x188 ./Drivers/STM32F1xx_HAL_Driver/Src/stm32f1xx_hal_rcc_ex.o
 .debug_abbrev  0x00002107      0x277 ./Drivers/STM32F1xx_HAL_Driver/Src/stm32f1xx_hal_tim.o
 .debug_abbrev  0x0000237e      0x282 ./Drivers/STM32F1xx_HAL_Driver/Src/stm32f1xx_hal_tim_ex.o
 .debug_abbrev  0x00002600      0x192 ./Tupã®/APPS.o
 .debug_abbrev  0x00002792      0x115 ./Tupã®/BPPC.o
 .debug_abbrev  0x000028a7      0x17a ./Tupã®/BSE.o
 .debug_abbrev  0x00002a21       0xdd ./Tupã®/Volante.o
 .debug_abbrev  0x00002afe      0x19f ./Tupã®/botão.o
 .debug_abbrev  0x00002c9d      0x1a8 ./Tupã®/cant.o

.debug_aranges  0x00000000      0xdd0
 .debug_aranges
                0x00000000       0x30 ./Core/Src/adc.o
 .debug_aranges
                0x00000030       0x30 ./Core/Src/can.o
 .debug_aranges
                0x00000060       0x20 ./Core/Src/dma.o
 .debug_aranges
                0x00000080       0x20 ./Core/Src/gpio.o
 .debug_aranges
                0x000000a0       0x38 ./Core/Src/main.o
 .debug_aranges
                0x000000d8       0x20 ./Core/Src/stm32f1xx_hal_msp.o
 .debug_aranges
                0x000000f8       0x98 ./Core/Src/stm32f1xx_it.o
 .debug_aranges
                0x00000190       0x28 ./Core/Src/system_stm32f1xx.o
 .debug_aranges
                0x000001b8       0x38 ./Core/Src/tim.o
 .debug_aranges
                0x000001f0       0x28 ./Core/Startup/startup_stm32f103c8tx.o
 .debug_aranges
                0x00000218       0xe0 ./Drivers/STM32F1xx_HAL_Driver/Src/stm32f1xx_hal.o
 .debug_aranges
                0x000002f8       0xf0 ./Drivers/STM32F1xx_HAL_Driver/Src/stm32f1xx_hal_adc.o
 .debug_aranges
                0x000003e8      0x138 ./Drivers/STM32F1xx_HAL_Driver/Src/stm32f1xx_hal_can.o
 .debug_aranges
                0x00000520      0x100 ./Drivers/STM32F1xx_HAL_Driver/Src/stm32f1xx_hal_cortex.o
 .debug_aranges
                0x00000620       0x80 ./Drivers/STM32F1xx_HAL_Driver/Src/stm32f1xx_hal_dma.o
 .debug_aranges
                0x000006a0       0x58 ./Drivers/STM32F1xx_HAL_Driver/Src/stm32f1xx_hal_gpio.o
 .debug_aranges
                0x000006f8       0x90 ./Drivers/STM32F1xx_HAL_Driver/Src/stm32f1xx_hal_rcc.o
 .debug_aranges
                0x00000788       0x30 ./Drivers/STM32F1xx_HAL_Driver/Src/stm32f1xx_hal_rcc_ex.o
 .debug_aranges
                0x000007b8      0x3d0 ./Drivers/STM32F1xx_HAL_Driver/Src/stm32f1xx_hal_tim.o
 .debug_aranges
                0x00000b88      0x168 ./Drivers/STM32F1xx_HAL_Driver/Src/stm32f1xx_hal_tim_ex.o
 .debug_aranges
                0x00000cf0       0x30 ./Tupã®/APPS.o
 .debug_aranges
                0x00000d20       0x20 ./Tupã®/BPPC.o
 .debug_aranges
                0x00000d40       0x28 ./Tupã®/BSE.o
 .debug_aranges
                0x00000d68       0x20 ./Tupã®/Volante.o
 .debug_aranges
                0x00000d88       0x20 ./Tupã®/botão.o
 .debug_aranges
                0x00000da8       0x28 ./Tupã®/cant.o

.debug_rnglists
                0x00000000      0xa70
 .debug_rnglists
                0x00000000       0x21 ./Core/Src/adc.o
 .debug_rnglists
                0x00000021       0x20 ./Core/Src/can.o
 .debug_rnglists
                0x00000041       0x13 ./Core/Src/dma.o
 .debug_rnglists
                0x00000054       0x14 ./Core/Src/gpio.o
 .debug_rnglists
                0x00000068       0x26 ./Core/Src/main.o
 .debug_rnglists
                0x0000008e       0x13 ./Core/Src/stm32f1xx_hal_msp.o
 .debug_rnglists
                0x000000a1       0x6d ./Core/Src/stm32f1xx_it.o
 .debug_rnglists
                0x0000010e       0x1a ./Core/Src/system_stm32f1xx.o
 .debug_rnglists
                0x00000128       0x28 ./Core/Src/tim.o
 .debug_rnglists
                0x00000150       0x19 ./Core/Startup/startup_stm32f103c8tx.o
 .debug_rnglists
                0x00000169       0xa3 ./Drivers/STM32F1xx_HAL_Driver/Src/stm32f1xx_hal.o
 .debug_rnglists
                0x0000020c       0xbc ./Drivers/STM32F1xx_HAL_Driver/Src/stm32f1xx_hal_adc.o
 .debug_rnglists
                0x000002c8       0xed ./Drivers/STM32F1xx_HAL_Driver/Src/stm32f1xx_hal_can.o
 .debug_rnglists
                0x000003b5       0xbb ./Drivers/STM32F1xx_HAL_Driver/Src/stm32f1xx_hal_cortex.o
 .debug_rnglists
                0x00000470       0x64 ./Drivers/STM32F1xx_HAL_Driver/Src/stm32f1xx_hal_dma.o
 .debug_rnglists
                0x000004d4       0x3f ./Drivers/STM32F1xx_HAL_Driver/Src/stm32f1xx_hal_gpio.o
 .debug_rnglists
                0x00000513       0x6c ./Drivers/STM32F1xx_HAL_Driver/Src/stm32f1xx_hal_rcc.o
 .debug_rnglists
                0x0000057f       0x21 ./Drivers/STM32F1xx_HAL_Driver/Src/stm32f1xx_hal_rcc_ex.o
 .debug_rnglists
                0x000005a0      0x31a ./Drivers/STM32F1xx_HAL_Driver/Src/stm32f1xx_hal_tim.o
 .debug_rnglists
                0x000008ba      0x125 ./Drivers/STM32F1xx_HAL_Driver/Src/stm32f1xx_hal_tim_ex.o
 .debug_rnglists
                0x000009df       0x21 ./Tupã®/APPS.o
 .debug_rnglists
                0x00000a00       0x14 ./Tupã®/BPPC.o
 .debug_rnglists
                0x00000a14       0x1b ./Tupã®/BSE.o
 .debug_rnglists
                0x00000a2f       0x14 ./Tupã®/Volante.o
 .debug_rnglists
                0x00000a43       0x13 ./Tupã®/botão.o
 .debug_rnglists
                0x00000a56       0x1a ./Tupã®/cant.o

.debug_macro    0x00000000    0x198a1
 .debug_macro   0x00000000      0x1cb ./Core/Src/adc.o
 .debug_macro   0x000001cb      0xaa8 ./Core/Src/adc.o
 .debug_macro   0x00000c73      0x227 ./Core/Src/adc.o
 .debug_macro   0x00000e9a       0x2e ./Core/Src/adc.o
 .debug_macro   0x00000ec8       0x22 ./Core/Src/adc.o
 .debug_macro   0x00000eea       0x22 ./Core/Src/adc.o
 .debug_macro   0x00000f0c       0x8e ./Core/Src/adc.o
 .debug_macro   0x00000f9a       0x51 ./Core/Src/adc.o
 .debug_macro   0x00000feb      0x103 ./Core/Src/adc.o
 .debug_macro   0x000010ee       0x6a ./Core/Src/adc.o
 .debug_macro   0x00001158      0x1df ./Core/Src/adc.o
 .debug_macro   0x00001337       0x1c ./Core/Src/adc.o
 .debug_macro   0x00001353       0x22 ./Core/Src/adc.o
 .debug_macro   0x00001375       0xbd ./Core/Src/adc.o
 .debug_macro   0x00001432      0xd23 ./Core/Src/adc.o
 .debug_macro   0x00002155     0xe09e ./Core/Src/adc.o
 .debug_macro   0x000101f3       0x6d ./Core/Src/adc.o
 .debug_macro   0x00010260     0x34a2 ./Core/Src/adc.o
 .debug_macro   0x00013702      0x189 ./Core/Src/adc.o
 .debug_macro   0x0001388b       0x5c ./Core/Src/adc.o
 .debug_macro   0x000138e7      0x5bc ./Core/Src/adc.o
 .debug_macro   0x00013ea3      0x289 ./Core/Src/adc.o
 .debug_macro   0x0001412c      0x1cb ./Core/Src/adc.o
 .debug_macro   0x000142f7      0x114 ./Core/Src/adc.o
 .debug_macro   0x0001440b      0x1b2 ./Core/Src/adc.o
 .debug_macro   0x000145bd       0x27 ./Core/Src/adc.o
 .debug_macro   0x000145e4      0x136 ./Core/Src/adc.o
 .debug_macro   0x0001471a      0x1bc ./Core/Src/adc.o
 .debug_macro   0x000148d6       0x34 ./Core/Src/adc.o
 .debug_macro   0x0001490a       0x3c ./Core/Src/adc.o
 .debug_macro   0x00014946      0x408 ./Core/Src/adc.o
 .debug_macro   0x00014d4e       0x57 ./Core/Src/adc.o
 .debug_macro   0x00014da5      0x46a ./Core/Src/adc.o
 .debug_macro   0x0001520f      0x1b5 ./Core/Src/adc.o
 .debug_macro   0x000153c4       0x87 ./Core/Src/adc.o
 .debug_macro   0x0001544b      0x240 ./Core/Src/adc.o
 .debug_macro   0x0001568b      0x140 ./Core/Src/adc.o
 .debug_macro   0x000157cb      0x8ed ./Core/Src/adc.o
 .debug_macro   0x000160b8       0x83 ./Core/Src/adc.o
 .debug_macro   0x0001613b      0x1cb ./Core/Src/can.o
 .debug_macro   0x00016306      0x1cb ./Core/Src/dma.o
 .debug_macro   0x000164d1      0x1cb ./Core/Src/gpio.o
 .debug_macro   0x0001669c      0x2e4 ./Core/Src/main.o
 .debug_macro   0x00016980       0x61 ./Core/Src/main.o
 .debug_macro   0x000169e1       0x24 ./Core/Src/main.o
 .debug_macro   0x00016a05       0x43 ./Core/Src/main.o
 .debug_macro   0x00016a48       0x34 ./Core/Src/main.o
 .debug_macro   0x00016a7c       0x16 ./Core/Src/main.o
 .debug_macro   0x00016a92       0x43 ./Core/Src/main.o
 .debug_macro   0x00016ad5       0x34 ./Core/Src/main.o
 .debug_macro   0x00016b09       0x10 ./Core/Src/main.o
 .debug_macro   0x00016b19       0x58 ./Core/Src/main.o
 .debug_macro   0x00016b71       0x8e ./Core/Src/main.o
 .debug_macro   0x00016bff       0x1c ./Core/Src/main.o
 .debug_macro   0x00016c1b      0x177 ./Core/Src/main.o
 .debug_macro   0x00016d92      0x369 ./Core/Src/main.o
 .debug_macro   0x000170fb      0x19b ./Core/Src/main.o
 .debug_macro   0x00017296      0x1c1 ./Core/Src/stm32f1xx_hal_msp.o
 .debug_macro   0x00017457      0x1cb ./Core/Src/stm32f1xx_it.o
 .debug_macro   0x00017622      0x1b7 ./Core/Src/system_stm32f1xx.o
 .debug_macro   0x000177d9      0x1cb ./Core/Src/tim.o
 .debug_macro   0x000179a4      0x1db ./Drivers/STM32F1xx_HAL_Driver/Src/stm32f1xx_hal.o
 .debug_macro   0x00017b7f      0x1d4 ./Drivers/STM32F1xx_HAL_Driver/Src/stm32f1xx_hal_adc.o
 .debug_macro   0x00017d53      0x1c6 ./Drivers/STM32F1xx_HAL_Driver/Src/stm32f1xx_hal_can.o
 .debug_macro   0x00017f19      0x1b7 ./Drivers/STM32F1xx_HAL_Driver/Src/stm32f1xx_hal_cortex.o
 .debug_macro   0x000180d0      0x1b7 ./Drivers/STM32F1xx_HAL_Driver/Src/stm32f1xx_hal_dma.o
 .debug_macro   0x00018287      0x222 ./Drivers/STM32F1xx_HAL_Driver/Src/stm32f1xx_hal_gpio.o
 .debug_macro   0x000184a9      0x1c9 ./Drivers/STM32F1xx_HAL_Driver/Src/stm32f1xx_hal_rcc.o
 .debug_macro   0x00018672      0x1b7 ./Drivers/STM32F1xx_HAL_Driver/Src/stm32f1xx_hal_rcc_ex.o
 .debug_macro   0x00018829      0x1b8 ./Drivers/STM32F1xx_HAL_Driver/Src/stm32f1xx_hal_tim.o
 .debug_macro   0x000189e1      0x1b7 ./Drivers/STM32F1xx_HAL_Driver/Src/stm32f1xx_hal_tim_ex.o
 .debug_macro   0x00018b98      0x272 ./Tupã®/APPS.o
 .debug_macro   0x00018e0a      0x280 ./Tupã®/BPPC.o
 .debug_macro   0x0001908a      0x27c ./Tupã®/BSE.o
 .debug_macro   0x00019306       0x73 ./Tupã®/Volante.o
 .debug_macro   0x00019379      0x294 ./Tupã®/botão.o
 .debug_macro   0x0001960d      0x294 ./Tupã®/cant.o

.debug_line     0x00000000    0x132f1
 .debug_line    0x00000000      0x805 ./Core/Src/adc.o
 .debug_line    0x00000805      0x7ae ./Core/Src/can.o
 .debug_line    0x00000fb3      0x730 ./Core/Src/dma.o
 .debug_line    0x000016e3      0x74e ./Core/Src/gpio.o
 .debug_line    0x00001e31      0x9e0 ./Core/Src/main.o
 .debug_line    0x00002811      0x736 ./Core/Src/stm32f1xx_hal_msp.o
 .debug_line    0x00002f47      0x89f ./Core/Src/stm32f1xx_it.o
 .debug_line    0x000037e6      0x7b3 ./Core/Src/system_stm32f1xx.o
 .debug_line    0x00003f99      0x81a ./Core/Src/tim.o
 .debug_line    0x000047b3       0x78 ./Core/Startup/startup_stm32f103c8tx.o
 .debug_line    0x0000482b      0x9e0 ./Drivers/STM32F1xx_HAL_Driver/Src/stm32f1xx_hal.o
 .debug_line    0x0000520b     0x105d ./Drivers/STM32F1xx_HAL_Driver/Src/stm32f1xx_hal_adc.o
 .debug_line    0x00006268     0x11c2 ./Drivers/STM32F1xx_HAL_Driver/Src/stm32f1xx_hal_can.o
 .debug_line    0x0000742a      0xbcc ./Drivers/STM32F1xx_HAL_Driver/Src/stm32f1xx_hal_cortex.o
 .debug_line    0x00007ff6      0xe39 ./Drivers/STM32F1xx_HAL_Driver/Src/stm32f1xx_hal_dma.o
 .debug_line    0x00008e2f      0xa79 ./Drivers/STM32F1xx_HAL_Driver/Src/stm32f1xx_hal_gpio.o
 .debug_line    0x000098a8      0xde9 ./Drivers/STM32F1xx_HAL_Driver/Src/stm32f1xx_hal_rcc.o
 .debug_line    0x0000a691      0x92a ./Drivers/STM32F1xx_HAL_Driver/Src/stm32f1xx_hal_rcc_ex.o
 .debug_line    0x0000afbb     0x3505 ./Drivers/STM32F1xx_HAL_Driver/Src/stm32f1xx_hal_tim.o
 .debug_line    0x0000e4c0     0x192f ./Drivers/STM32F1xx_HAL_Driver/Src/stm32f1xx_hal_tim_ex.o
 .debug_line    0x0000fdef      0xa7f ./Tupã®/APPS.o
 .debug_line    0x0001086e      0x8b9 ./Tupã®/BPPC.o
 .debug_line    0x00011127      0xa12 ./Tupã®/BSE.o
 .debug_line    0x00011b39      0x4fa ./Tupã®/Volante.o
 .debug_line    0x00012033      0x8aa ./Tupã®/botão.o
 .debug_line    0x000128dd      0xa14 ./Tupã®/cant.o

.debug_str      0x00000000    0x8f970
 .debug_str     0x00000000    0x886ca ./Core/Src/adc.o
                              0x88a71 (size before relaxing)
 .debug_str     0x000886ca      0x546 ./Core/Src/can.o
                              0x88c97 (size before relaxing)
 .debug_str     0x00088c10       0x29 ./Core/Src/dma.o
                              0x88904 (size before relaxing)
 .debug_str     0x00088c39       0x68 ./Core/Src/gpio.o
                              0x889ad (size before relaxing)
 .debug_str     0x00088ca1     0x3e58 ./Core/Src/main.o
                              0x8ca94 (size before relaxing)
 .debug_str     0x0008caf9       0x50 ./Core/Src/stm32f1xx_hal_msp.o
                              0x8862e (size before relaxing)
 .debug_str     0x0008cb49      0x16b ./Core/Src/stm32f1xx_it.o
                              0x88e77 (size before relaxing)
 .debug_str     0x0008ccb4       0x7e ./Core/Src/system_stm32f1xx.o
                              0x88659 (size before relaxing)
 .debug_str     0x0008cd32      0x13c ./Core/Src/tim.o
                              0x88f62 (size before relaxing)
 .debug_str     0x0008ce6e       0x44 ./Core/Startup/startup_stm32f103c8tx.o
                                 0x7f (size before relaxing)
 .debug_str     0x0008ceb2      0x38e ./Drivers/STM32F1xx_HAL_Driver/Src/stm32f1xx_hal.o
                              0x88d8c (size before relaxing)
 .debug_str     0x0008d240      0x393 ./Drivers/STM32F1xx_HAL_Driver/Src/stm32f1xx_hal_adc.o
                              0x88d3d (size before relaxing)
 .debug_str     0x0008d5d3      0x569 ./Drivers/STM32F1xx_HAL_Driver/Src/stm32f1xx_hal_can.o
                              0x88e61 (size before relaxing)
 .debug_str     0x0008db3c      0x26c ./Drivers/STM32F1xx_HAL_Driver/Src/stm32f1xx_hal_cortex.o
                              0x88cd8 (size before relaxing)
 .debug_str     0x0008dda8      0x1e7 ./Drivers/STM32F1xx_HAL_Driver/Src/stm32f1xx_hal_dma.o
                              0x88a02 (size before relaxing)
 .debug_str     0x0008df8f      0x298 ./Drivers/STM32F1xx_HAL_Driver/Src/stm32f1xx_hal_gpio.o
                              0x889df (size before relaxing)
 .debug_str     0x0008e227      0x229 ./Drivers/STM32F1xx_HAL_Driver/Src/stm32f1xx_hal_rcc.o
                              0x88a88 (size before relaxing)
 .debug_str     0x0008e450       0x84 ./Drivers/STM32F1xx_HAL_Driver/Src/stm32f1xx_hal_rcc_ex.o
                              0x887d8 (size before relaxing)
 .debug_str     0x0008e4d4      0xd90 ./Drivers/STM32F1xx_HAL_Driver/Src/stm32f1xx_hal_tim.o
                              0x89a8a (size before relaxing)
 .debug_str     0x0008f264      0x493 ./Drivers/STM32F1xx_HAL_Driver/Src/stm32f1xx_hal_tim_ex.o
                              0x89296 (size before relaxing)
 .debug_str     0x0008f6f7       0xd9 ./Tupã®/APPS.o
                              0x8bfc0 (size before relaxing)
 .debug_str     0x0008f7d0       0x25 ./Tupã®/BPPC.o
                              0x8bf1d (size before relaxing)
 .debug_str     0x0008f7f5       0x74 ./Tupã®/BSE.o
                              0x8bf86 (size before relaxing)
 .debug_str     0x0008f869       0x52 ./Tupã®/Volante.o
                               0x3d5e (size before relaxing)
 .debug_str     0x0008f8bb       0x29 ./Tupã®/botão.o
                              0x8c418 (size before relaxing)
 .debug_str     0x0008f8e4       0x8c ./Tupã®/cant.o
                              0x8c2b4 (size before relaxing)

.comment        0x00000000       0x43
 .comment       0x00000000       0x43 ./Core/Src/adc.o
                                 0x44 (size before relaxing)
 .comment       0x00000043       0x44 ./Core/Src/can.o
 .comment       0x00000043       0x44 ./Core/Src/dma.o
 .comment       0x00000043       0x44 ./Core/Src/gpio.o
 .comment       0x00000043       0x44 ./Core/Src/main.o
 .comment       0x00000043       0x44 ./Core/Src/stm32f1xx_hal_msp.o
 .comment       0x00000043       0x44 ./Core/Src/stm32f1xx_it.o
 .comment       0x00000043       0x44 ./Core/Src/system_stm32f1xx.o
 .comment       0x00000043       0x44 ./Core/Src/tim.o
 .comment       0x00000043       0x44 ./Drivers/STM32F1xx_HAL_Driver/Src/stm32f1xx_hal.o
 .comment       0x00000043       0x44 ./Drivers/STM32F1xx_HAL_Driver/Src/stm32f1xx_hal_adc.o
 .comment       0x00000043       0x44 ./Drivers/STM32F1xx_HAL_Driver/Src/stm32f1xx_hal_can.o
 .comment       0x00000043       0x44 ./Drivers/STM32F1xx_HAL_Driver/Src/stm32f1xx_hal_cortex.o
 .comment       0x00000043       0x44 ./Drivers/STM32F1xx_HAL_Driver/Src/stm32f1xx_hal_dma.o
 .comment       0x00000043       0x44 ./Drivers/STM32F1xx_HAL_Driver/Src/stm32f1xx_hal_gpio.o
 .comment       0x00000043       0x44 ./Drivers/STM32F1xx_HAL_Driver/Src/stm32f1xx_hal_rcc.o
 .comment       0x00000043       0x44 ./Drivers/STM32F1xx_HAL_Driver/Src/stm32f1xx_hal_rcc_ex.o
 .comment       0x00000043       0x44 ./Drivers/STM32F1xx_HAL_Driver/Src/stm32f1xx_hal_tim.o
 .comment       0x00000043       0x44 ./Drivers/STM32F1xx_HAL_Driver/Src/stm32f1xx_hal_tim_ex.o
 .comment       0x00000043       0x44 ./Tupã®/APPS.o
 .comment       0x00000043       0x44 ./Tupã®/BPPC.o
 .comment       0x00000043       0x44 ./Tupã®/BSE.o
 .comment       0x00000043       0x44 ./Tupã®/Volante.o
 .comment       0x00000043       0x44 ./Tupã®/botão.o
 .comment       0x00000043       0x44 ./Tupã®/cant.o

.debug_frame    0x00000000     0x3804
 .debug_frame   0x00000000       0x7c ./Core/Src/adc.o
 .debug_frame   0x0000007c       0x74 ./Core/Src/can.o
 .debug_frame   0x000000f0       0x34 ./Core/Src/dma.o
 .debug_frame   0x00000124       0x34 ./Core/Src/gpio.o
 .debug_frame   0x00000158       0x8c ./Core/Src/main.o
 .debug_frame   0x000001e4       0x38 ./Core/Src/stm32f1xx_hal_msp.o
 .debug_frame   0x0000021c      0x1c8 ./Core/Src/stm32f1xx_it.o
 .debug_frame   0x000003e4       0x58 ./Core/Src/system_stm32f1xx.o
 .debug_frame   0x0000043c       0xa0 ./Core/Src/tim.o
 .debug_frame   0x000004dc      0x334 ./Drivers/STM32F1xx_HAL_Driver/Src/stm32f1xx_hal.o
 .debug_frame   0x00000810      0x40c ./Drivers/STM32F1xx_HAL_Driver/Src/stm32f1xx_hal_adc.o
 .debug_frame   0x00000c1c      0x5a0 ./Drivers/STM32F1xx_HAL_Driver/Src/stm32f1xx_hal_can.o
 .debug_frame   0x000011bc      0x428 ./Drivers/STM32F1xx_HAL_Driver/Src/stm32f1xx_hal_cortex.o
 .debug_frame   0x000015e4      0x208 ./Drivers/STM32F1xx_HAL_Driver/Src/stm32f1xx_hal_dma.o
 .debug_frame   0x000017ec      0x14c ./Drivers/STM32F1xx_HAL_Driver/Src/stm32f1xx_hal_gpio.o
 .debug_frame   0x00001938      0x218 ./Drivers/STM32F1xx_HAL_Driver/Src/stm32f1xx_hal_rcc.o
 .debug_frame   0x00001b50       0x80 ./Drivers/STM32F1xx_HAL_Driver/Src/stm32f1xx_hal_rcc_ex.o
 .debug_frame   0x00001bd0     0x11b8 ./Drivers/STM32F1xx_HAL_Driver/Src/stm32f1xx_hal_tim.o
 .debug_frame   0x00002d88      0x638 ./Drivers/STM32F1xx_HAL_Driver/Src/stm32f1xx_hal_tim_ex.o
 .debug_frame   0x000033c0       0x74 ./Tupã®/APPS.o
 .debug_frame   0x00003434       0x2c ./Tupã®/BPPC.o
 .debug_frame   0x00003460       0x54 ./Tupã®/BSE.o
 .debug_frame   0x000034b4       0x38 ./Tupã®/Volante.o
 .debug_frame   0x000034ec       0x34 ./Tupã®/botão.o
 .debug_frame   0x00003520       0x5c ./Tupã®/cant.o
 .debug_frame   0x0000357c       0x20 C:/ST/STM32CubeIDE_1.16.0/STM32CubeIDE/plugins/com.st.stm32cube.ide.mcu.externaltools.gnu-tools-for-stm32.12.3.rel1.win32_1.0.200.202406191623/tools/bin/../lib/gcc/arm-none-eabi/12.3.1/../../../../arm-none-eabi/lib/thumb/v7-m/nofp\libc_nano.a(libc_a-memset.o)
 .debug_frame   0x0000359c       0x2c C:/ST/STM32CubeIDE_1.16.0/STM32CubeIDE/plugins/com.st.stm32cube.ide.mcu.externaltools.gnu-tools-for-stm32.12.3.rel1.win32_1.0.200.202406191623/tools/bin/../lib/gcc/arm-none-eabi/12.3.1/../../../../arm-none-eabi/lib/thumb/v7-m/nofp\libc_nano.a(libc_a-init.o)
 .debug_frame   0x000035c8       0xac C:/ST/STM32CubeIDE_1.16.0/STM32CubeIDE/plugins/com.st.stm32cube.ide.mcu.externaltools.gnu-tools-for-stm32.12.3.rel1.win32_1.0.200.202406191623/tools/bin/../lib/gcc/arm-none-eabi/12.3.1/thumb/v7-m/nofp\libgcc.a(_arm_addsubdf3.o)
 .debug_frame   0x00003674       0xc4 C:/ST/STM32CubeIDE_1.16.0/STM32CubeIDE/plugins/com.st.stm32cube.ide.mcu.externaltools.gnu-tools-for-stm32.12.3.rel1.win32_1.0.200.202406191623/tools/bin/../lib/gcc/arm-none-eabi/12.3.1/thumb/v7-m/nofp\libgcc.a(_arm_cmpdf2.o)
 .debug_frame   0x00003738       0x4c C:/ST/STM32CubeIDE_1.16.0/STM32CubeIDE/plugins/com.st.stm32cube.ide.mcu.externaltools.gnu-tools-for-stm32.12.3.rel1.win32_1.0.200.202406191623/tools/bin/../lib/gcc/arm-none-eabi/12.3.1/thumb/v7-m/nofp\libgcc.a(_arm_addsubsf3.o)
 .debug_frame   0x00003784       0x38 C:/ST/STM32CubeIDE_1.16.0/STM32CubeIDE/plugins/com.st.stm32cube.ide.mcu.externaltools.gnu-tools-for-stm32.12.3.rel1.win32_1.0.200.202406191623/tools/bin/../lib/gcc/arm-none-eabi/12.3.1/thumb/v7-m/nofp\libgcc.a(_arm_muldivsf3.o)
 .debug_frame   0x000037bc       0x24 C:/ST/STM32CubeIDE_1.16.0/STM32CubeIDE/plugins/com.st.stm32cube.ide.mcu.externaltools.gnu-tools-for-stm32.12.3.rel1.win32_1.0.200.202406191623/tools/bin/../lib/gcc/arm-none-eabi/12.3.1/thumb/v7-m/nofp\libgcc.a(_arm_fixsfsi.o)
 .debug_frame   0x000037e0       0x24 C:/ST/STM32CubeIDE_1.16.0/STM32CubeIDE/plugins/com.st.stm32cube.ide.mcu.externaltools.gnu-tools-for-stm32.12.3.rel1.win32_1.0.200.202406191623/tools/bin/../lib/gcc/arm-none-eabi/12.3.1/thumb/v7-m/nofp\libgcc.a(_arm_fixunssfsi.o)

.debug_line_str
                0x00000000       0x63
 .debug_line_str
                0x00000000       0x63 ./Core/Startup/startup_stm32f103c8tx.o
